Component: ARM Compiler 5.06 update 7 (build 960) Tool: armlink [4d3601]

==============================================================================

Section Cross References

    startup_stm32l071xx.o(RESET) refers to startup_stm32l071xx.o(STACK) for __initial_sp
    startup_stm32l071xx.o(RESET) refers to startup_stm32l071xx.o(.text) for Reset_Handler
    startup_stm32l071xx.o(RESET) refers to stm32l0xx_it.o(i.NMI_Handler) for NMI_Handler
    startup_stm32l071xx.o(RESET) refers to stm32l0xx_it.o(i.HardFault_Handler) for HardFault_Handler
    startup_stm32l071xx.o(RESET) refers to stm32l0xx_it.o(i.SVC_Handler) for SVC_Handler
    startup_stm32l071xx.o(RESET) refers to stm32l0xx_it.o(i.PendSV_Handler) for PendSV_Handler
    startup_stm32l071xx.o(RESET) refers to stm32l0xx_it.o(i.SysTick_Handler) for SysTick_Handler
    startup_stm32l071xx.o(RESET) refers to stm32l0xx_it.o(i.RTC_IRQHandler) for RTC_IRQHandler
    startup_stm32l071xx.o(RESET) refers to stm32l0xx_it.o(i.DMA1_Channel1_IRQHandler) for DMA1_Channel1_IRQHandler
    startup_stm32l071xx.o(RESET) refers to stm32l0xx_it.o(i.DMA1_Channel2_3_IRQHandler) for DMA1_Channel2_3_IRQHandler
    startup_stm32l071xx.o(RESET) refers to stm32l0xx_it.o(i.DMA1_Channel4_5_6_7_IRQHandler) for DMA1_Channel4_5_6_7_IRQHandler
    startup_stm32l071xx.o(RESET) refers to stm32l0xx_it.o(i.ADC1_COMP_IRQHandler) for ADC1_COMP_IRQHandler
    startup_stm32l071xx.o(RESET) refers to stm32l0xx_it.o(i.TIM7_IRQHandler) for TIM7_IRQHandler
    startup_stm32l071xx.o(RESET) refers to stm32l0xx_it.o(i.USART1_IRQHandler) for USART1_IRQHandler
    startup_stm32l071xx.o(RESET) refers to stm32l0xx_it.o(i.USART2_IRQHandler) for USART2_IRQHandler
    startup_stm32l071xx.o(RESET) refers to stm32l0xx_it.o(i.LPUART1_IRQHandler) for LPUART1_IRQHandler
    startup_stm32l071xx.o(.text) refers to system_stm32l0xx.o(i.SystemInit) for SystemInit
    startup_stm32l071xx.o(.text) refers to entry.o(.ARM.Collect$$$$00000000) for __main
    main.o(i.GetSystemClocks) refers to stm32l0xx_hal_rcc.o(i.HAL_RCC_GetSysClockFreq) for HAL_RCC_GetSysClockFreq
    main.o(i.GetSystemClocks) refers to stm32l0xx_hal_rcc.o(i.HAL_RCC_GetHCLKFreq) for HAL_RCC_GetHCLKFreq
    main.o(i.GetSystemClocks) refers to stm32l0xx_hal_rcc.o(i.HAL_RCC_GetPCLK1Freq) for HAL_RCC_GetPCLK1Freq
    main.o(i.SystemClock_Config) refers to memseta.o(.text) for __aeabi_memclr4
    main.o(i.SystemClock_Config) refers to stm32l0xx_hal_pwr.o(i.HAL_PWR_EnableBkUpAccess) for HAL_PWR_EnableBkUpAccess
    main.o(i.SystemClock_Config) refers to stm32l0xx_hal_rcc.o(i.HAL_RCC_OscConfig) for HAL_RCC_OscConfig
    main.o(i.SystemClock_Config) refers to main.o(i.Error_Handler) for Error_Handler
    main.o(i.SystemClock_Config) refers to stm32l0xx_hal_rcc.o(i.HAL_RCC_ClockConfig) for HAL_RCC_ClockConfig
    main.o(i.SystemClock_Config) refers to stm32l0xx_hal_rcc_ex.o(i.HAL_RCCEx_PeriphCLKConfig) for HAL_RCCEx_PeriphCLKConfig
    main.o(i.main) refers to stm32l0xx_hal.o(i.HAL_Init) for HAL_Init
    main.o(i.main) refers to main.o(i.SystemClock_Config) for SystemClock_Config
    main.o(i.main) refers to gpio.o(i.MX_GPIO_Init) for MX_GPIO_Init
    main.o(i.main) refers to dma.o(i.MX_DMA_Init) for MX_DMA_Init
    main.o(i.main) refers to adc.o(i.MX_ADC_Init) for MX_ADC_Init
    main.o(i.main) refers to tim.o(i.MX_TIM2_Init) for MX_TIM2_Init
    main.o(i.main) refers to rtc.o(i.MX_RTC_Init) for MX_RTC_Init
    main.o(i.main) refers to usart.o(i.MX_LPUART1_UART_Init) for MX_LPUART1_UART_Init
    main.o(i.main) refers to usart.o(i.MX_USART1_UART_Init) for MX_USART1_UART_Init
    main.o(i.main) refers to usart.o(i.MX_USART2_UART_Init) for MX_USART2_UART_Init
    main.o(i.main) refers to tim.o(i.MX_TIM7_Init) for MX_TIM7_Init
    main.o(i.main) refers to stm32l0xx_hal_uart.o(i.HAL_UART_Receive_IT) for HAL_UART_Receive_IT
    main.o(i.main) refers to stm32l0xx_hal_tim.o(i.HAL_TIM_Base_Start_IT) for HAL_TIM_Base_Start_IT
    main.o(i.main) refers to stm32l0xx_hal_gpio.o(i.HAL_GPIO_WritePin) for HAL_GPIO_WritePin
    main.o(i.main) refers to adc.o(i.Adc_start) for Adc_start
    main.o(i.main) refers to control.o(i.Motor_BD) for Motor_BD
    main.o(i.main) refers to control.o(i.mcu_eeprom_read) for mcu_eeprom_read
    main.o(i.main) refers to ec800.o(i.EC20_Init) for EC20_Init
    main.o(i.main) refers to lora.o(i.LoRa_Init) for LoRa_Init
    main.o(i.main) refers to stm32l0xx_hal_tim.o(i.HAL_TIM_PWM_Start) for HAL_TIM_PWM_Start
    main.o(i.main) refers to printf8.o(i.__0printf$8) for __2printf
    main.o(i.main) refers to rtc.o(i.RTC_Time) for RTC_Time
    main.o(i.main) refers to user_iic.o(i.MCP3421_Init) for MCP3421_Init
    main.o(i.main) refers to adc.o(i.Get_Adc_Value) for Get_Adc_Value
    main.o(i.main) refers to control.o(i.Motor_Control) for Motor_Control
    main.o(i.main) refers to control.o(i.read_SW) for read_SW
    main.o(i.main) refers to user_usart.o(i.U1PassiveEvent) for U1PassiveEvent
[...]
    i.UART_CheckIdleState                    0x08006614   Section        0  stm32l0xx_hal_uart.o(i.UART_CheckIdleState)
    i.UART_Clear                             0x08006714   Section        0  ec800.o(i.UART_Clear)
    i.UART_DMAAbortOnError                   0x08006730   Section        0  stm32l0xx_hal_uart.o(i.UART_DMAAbortOnError)
    UART_DMAAbortOnError                     0x08006731   Thumb Code    24  stm32l0xx_hal_uart.o(i.UART_DMAAbortOnError)
    i.UART_DMAError                          0x08006748   Section        0  stm32l0xx_hal_uart.o(i.UART_DMAError)
    UART_DMAError                            0x08006749   Thumb Code    88  stm32l0xx_hal_uart.o(i.UART_DMAError)
    i.UART_DMAReceiveCplt                    0x080067a0   Section        0  stm32l0xx_hal_uart.o(i.UART_DMAReceiveCplt)
    UART_DMAReceiveCplt                      0x080067a1   Thumb Code   204  stm32l0xx_hal_uart.o(i.UART_DMAReceiveCplt)
    i.UART_DMARxHalfCplt                     0x0800686c   Section        0  stm32l0xx_hal_uart.o(i.UART_DMARxHalfCplt)
    UART_DMARxHalfCplt                       0x0800686d   Thumb Code    38  stm32l0xx_hal_uart.o(i.UART_DMARxHalfCplt)
    i.UART_EndRxTransfer                     0x08006892   Section        0  stm32l0xx_hal_uart.o(i.UART_EndRxTransfer)
    UART_EndRxTransfer                       0x08006893   Thumb Code   128  stm32l0xx_hal_uart.o(i.UART_EndRxTransfer)
    i.UART_EndTransmit_IT                    0x08006912   Section        0  stm32l0xx_hal_uart.o(i.UART_EndTransmit_IT)
    UART_EndTransmit_IT                      0x08006913   Thumb Code    54  stm32l0xx_hal_uart.o(i.UART_EndTransmit_IT)
    i.UART_EndTxTransfer                     0x08006948   Section        0  stm32l0xx_hal_uart.o(i.UART_EndTxTransfer)
    UART_EndTxTransfer                       0x08006949   Thumb Code    44  stm32l0xx_hal_uart.o(i.UART_EndTxTransfer)
    i.UART_RxISR_16BIT                       0x08006974   Section        0  stm32l0xx_hal_uart.o(i.UART_RxISR_16BIT)
    UART_RxISR_16BIT                         0x08006975   Thumb Code   298  stm32l0xx_hal_uart.o(i.UART_RxISR_16BIT)
    i.UART_RxISR_8BIT                        0x08006aa4   Section        0  stm32l0xx_hal_uart.o(i.UART_RxISR_8BIT)
    UART_RxISR_8BIT                          0x08006aa5   Thumb Code   298  stm32l0xx_hal_uart.o(i.UART_RxISR_8BIT)
    i.UART_SendCmd                           0x08006bd4   Section        0  ec800.o(i.UART_SendCmd)
    i.UART_SetConfig                         0x08006c74   Section        0  stm32l0xx_hal_uart.o(i.UART_SetConfig)
    i.UART_Start_Receive_DMA                 0x08006fa4   Section        0  stm32l0xx_hal_uart.o(i.UART_Start_Receive_DMA)
    i.UART_Start_Receive_IT                  0x08007080   Section        0  stm32l0xx_hal_uart.o(i.UART_Start_Receive_IT)
    i.UART_WaitOnFlagUntilTimeout            0x080071a0   Section        0  stm32l0xx_hal_uart.o(i.UART_WaitOnFlagUntilTimeout)
    i.UART_WaitRecive                        0x0800724c   Section        0  ec800.o(i.UART_WaitRecive)
    i.USART1_DMAHandler                      0x0800726c   Section        0  dma.o(i.USART1_DMAHandler)
    i.USART1_IRQHandler                      0x080072d0   Section        0  stm32l0xx_it.o(i.USART1_IRQHandler)
    i.USART2_DMAHandler                      0x08007378   Section        0  dma.o(i.USART2_DMAHandler)
    i.USART2_IRQHandler                      0x080073dc   Section        0  stm32l0xx_it.o(i.USART2_IRQHandler)
    i.Usart_SendString                       0x08007484   Section        0  ec800.o(i.Usart_SendString)
    i.Write_MCP3421                          0x080074a8   Section        0  user_iic.o(i.Write_MCP3421)
    i.__0printf$8                            0x080074cc   Section        0  printf8.o(i.__0printf$8)
    i.__0sprintf$8                           0x080074ec   Section        0  printf8.o(i.__0sprintf$8)
    i.__ARM_clz                              0x08007514   Section        0  depilogue.o(i.__ARM_clz)
    i.__ARM_common_ll_muluu                  0x08007542   Section        0  stm32l0xx_hal_rcc.o(i.__ARM_common_ll_muluu)
    i.__ARM_common_switch8                   0x08007572   Section        0  lora.o(i.__ARM_common_switch8)
    i.__NVIC_SetPriority                     0x08007590   Section        0  stm32l0xx_hal_cortex.o(i.__NVIC_SetPriority)
    __NVIC_SetPriority                       0x08007591   Thumb Code   110  stm32l0xx_hal_cortex.o(i.__NVIC_SetPriority)
    i.__NVIC_SystemReset                     0x08007608   Section        0  user_usart.o(i.__NVIC_SystemReset)
    __NVIC_SystemReset                       0x08007609   Thumb Code    44  user_usart.o(i.__NVIC_SystemReset)
    i.__aeabi_errno_addr                     0x0800763c   Section        0  errno.o(i.__aeabi_errno_addr)
    i.__get_PRIMASK                          0x08007644   Section        0  stm32l0xx_hal_uart.o(i.__get_PRIMASK)
    __get_PRIMASK                            0x08007645   Thumb Code     6  stm32l0xx_hal_uart.o(i.__get_PRIMASK)
    i.__scatterload_copy                     0x0800764a   Section       14  handlers.o(i.__scatterload_copy)
    i.__scatterload_null                     0x08007658   Section        2  handlers.o(i.__scatterload_null)
    i.__scatterload_zeroinit                 0x0800765a   Section       14  handlers.o(i.__scatterload_zeroinit)
    i.__set_PRIMASK                          0x08007668   Section        0  stm32l0xx_hal_uart.o(i.__set_PRIMASK)
    __set_PRIMASK                            0x08007669   Thumb Code     6  stm32l0xx_hal_uart.o(i.__set_PRIMASK)
    i._printf_core                           0x08007670   Section        0  printf8.o(i._printf_core)
    _printf_core                             0x08007671   Thumb Code  1020  printf8.o(i._printf_core)
    i._printf_post_padding                   0x08007a98   Section        0  printf8.o(i._printf_post_padding)
    _printf_post_padding                     0x08007a99   Thumb Code    32  printf8.o(i._printf_post_padding)
    i._printf_pre_padding                    0x08007ab8   Section        0  printf8.o(i._printf_pre_padding)
    _printf_pre_padding                      0x08007ab9   Thumb Code    44  printf8.o(i._printf_pre_padding)
    i._sputc                                 0x08007ae4   Section        0  printf8.o(i._sputc)
    _sputc                                   0x08007ae5   Thumb Code    10  printf8.o(i._sputc)
    i.at_cmd                                 0x08007aee   Section        0  ec800.o(i.at_cmd)
    i.calculateBatteryPercentage             0x08007b14   Section        0  control.o(i.calculateBatteryPercentage)
    calculateBatteryPercentage               0x08007b15   Thumb Code   130  control.o(i.calculateBatteryPercentage)
    i.calculateCCR                           0x08007b9c   Section        0  control.o(i.calculateCCR)
    i.calculateMotorAngle_2t                 0x08007c58   Section        0  control.o(i.calculateMotorAngle_2t)
    i.calculateMotorAngle_4t                 0x08007c7c   Section        0  control.o(i.calculateMotorAngle_4t)
    i.calculateRange                         0x08007ca0   Section        0  control.o(i.calculateRange)
    i.clock_config_after_stop                0x08007d30   Section        0  stop.o(i.clock_config_after_stop)
    clock_config_after_stop                  0x08007d31   Thumb Code   188  stop.o(i.clock_config_after_stop)
    i.delay1                                 0x08007df4   Section        0  user_iic.o(i.delay1)
    delay1                                   0x08007df5   Thumb Code    12  user_iic.o(i.delay1)
    i.enter_stop_rtc_mode                    0x08007e00   Section        0  stop.o(i.enter_stop_rtc_mode)
    i.fputc                                  0x08007e80   Section        0  usart.o(i.fputc)
    i.get_A1_data                            0x08007e98   Section        0  ec800.o(i.get_A1_data)
    i.get_A3_data                            0x08007fb0   Section        0  ec800.o(i.get_A3_data)
    i.get_A4_data                            0x0800803c   Section        0  ec800.o(i.get_A4_data)
    i.gpioInit                               0x0800827c   Section        0  stop.o(i.gpioInit)
    gpioInit                                 0x0800827d   Thumb Code   304  stop.o(i.gpioInit)
    i.lora_enter_stop_rtc_mode               0x080083b4   Section        0  stop.o(i.lora_enter_stop_rtc_mode)
    i.lora_get_A1_data                       0x0800842c   Section        0  lora.o(i.lora_get_A1_data)
    lora_get_A1_data                         0x0800842d   Thumb Code   128  lora.o(i.lora_get_A1_data)
    i.lora_get_A3_data                       0x080084b4   Section        0  lora.o(i.lora_get_A3_data)
    lora_get_A3_data                         0x080084b5   Thumb Code    68  lora.o(i.lora_get_A3_data)
    i.lora_get_A4_data                       0x08008510   Section        0  lora.o(i.lora_get_A4_data)
    lora_get_A4_data                         0x08008511   Thumb Code   400  lora.o(i.lora_get_A4_data)
    i.main                                   0x08008720   Section        0  main.o(i.main)
    i.mcu_eeprom_read                        0x08008bbc   Section        0  control.o(i.mcu_eeprom_read)
    i.mcu_eeprom_write                       0x08008be0   Section        0  control.o(i.mcu_eeprom_write)
    i.read_SW                                0x08008c28   Section        0  control.o(i.read_SW)
    i.round                                  0x08008d78   Section        0  round.o(i.round)
    i.stop_rtc_config                        0x08008e14   Section        0  stop.o(i.stop_rtc_config)
    stop_rtc_config                          0x08008e15   Thumb Code    22  stop.o(i.stop_rtc_config)
    i.system_config_before_stop              0x08008e30   Section        0  stop.o(i.system_config_before_stop)
    system_config_before_stop                0x08008e31   Thumb Code   340  stop.o(i.system_config_before_stop)
    .constdata                               0x08008f9c   Section       33  system_stm32l0xx.o(.constdata)
    .constdata                               0x08008fbd   Section      129  ctype_o.o(.constdata)
    .constdata                               0x08009040   Section        4  ctype_o.o(.constdata)
    table                                    0x08009040   Data           4  ctype_o.o(.constdata)
    .data                                    0x20000000   Section       20  adc.o(.data)
    adc_max                                  0x20000002   Data           2  adc.o(.data)
    adc_min                                  0x20000004   Data           2  adc.o(.data)
    adc_add                                  0x20000008   Data           4  adc.o(.data)
    .data                                    0x20000014   Section       16  dma.o(.data)
    .data                                    0x20000024   Section        8  rtc.o(.data)
    .data                                    0x2000002c   Section       12  lora.o(.data)
    .data                                    0x20000038   Section      260  ec800.o(.data)
    at                                       0x20000134   Data           8  ec800.o(.data)
    .data                                    0x2000013c   Section      101  control.o(.data)
    .data                                    0x200001a4   Section        9  stm32l0xx_hal.o(.data)
    .data                                    0x200001b0   Section        4  system_stm32l0xx.o(.data)
    .data                                    0x200001b4   Section        4  strtok.o(.data)
    state                                    0x200001b4   Data           4  strtok.o(.data)
    .data                                    0x200001b8   Section        4  stdout.o(.data)
    .data                                    0x200001bc   Section        4  errno.o(.data)
    _errno                                   0x200001bc   Data           4  errno.o(.data)
    .bss                                     0x200001c0   Section      964  adc.o(.bss)
    .bss                                     0x20000584   Section     1200  dma.o(.bss)
    .bss                                     0x20000a34   Section      552  usart.o(.bss)
    .bss                                     0x20000c5c   Section       76  rtc.o(.bss)
    .bss                                     0x20000ca8   Section      128  tim.o(.bss)
    .bss                                     0x20000d28   Section      684  ec800.o(.bss)
    .bss                                     0x20000fd4   Section       24  stm32l0xx_hal_flash.o(.bss)
    STACK                                    0x20000ff0   Section     1024  startup_stm32l071xx.o(STACK)

    Global Symbols

    Symbol Name                              Value     Ov Type        Size  Object(Section)

    BuildAttributes$$THM_ISAv3M$S$PE$A:L22$X:L11$S22$IEEE1$IW$USESV6$~STKCKD$USESV7$~SHL$OTIME$ROPI$IEEEJ$EBA8$MICROLIB$REQ8$PRES8$EABIv2 0x00000000   Number         0  anon$$obj.o ABSOLUTE
    __ARM_use_no_argv                        0x00000000   Number         0  main.o ABSOLUTE
    _printf_a                                0x00000000   Number         0  stubs.o ABSOLUTE
    _printf_c                                0x00000000   Number         0  stubs.o ABSOLUTE
    _printf_charcount                        0x00000000   Number         0  stubs.o ABSOLUTE
    _printf_d                                0x00000000   Number         0  stubs.o ABSOLUTE
    _printf_e                                0x00000000   Number         0  stubs.o ABSOLUTE
    _printf_f                                0x00000000   Number         0  stubs.o ABSOLUTE
    _printf_flags                            0x00000000   Number         0  stubs.o ABSOLUTE
    _printf_fp_dec                           0x00000000   Number         0  stubs.o ABSOLUTE
    _printf_fp_hex                           0x00000000   Number         0  stubs.o ABSOLUTE
    _printf_g                                0x00000000   Number         0  stubs.o ABSOLUTE
    _printf_i                                0x00000000   Number         0  stubs.o ABSOLUTE
    _printf_int_dec                          0x00000000   Number         0  stubs.o ABSOLUTE
    _printf_l                                0x00000000   Number         0  stubs.o ABSOLUTE
    _printf_lc                               0x00000000   Number         0  stubs.o ABSOLUTE
    _printf_ll                               0x00000000   Number         0  stubs.o ABSOLUTE
    _printf_lld                              0x00000000   Number         0  stubs.o ABSOLUTE
    _printf_lli                              0x00000000   Number         0  stubs.o ABSOLUTE
    _printf_llo                              0x00000000   Number         0  stubs.o ABSOLUTE
    _printf_llu                              0x00000000   Number         0  stubs.o ABSOLUTE
    _printf_llx                              0x00000000   Number         0  stubs.o ABSOLUTE
    _printf_longlong_dec                     0x00000000   Number         0  stubs.o ABSOLUTE
    _printf_longlong_hex                     0x00000000   Number         0  stubs.o ABSOLUTE
    _printf_longlong_oct                     0x00000000   Number         0  stubs.o ABSOLUTE
    _printf_ls                               0x00000000   Number         0  stubs.o ABSOLUTE
    _printf_mbtowc                           0x00000000   Number         0  stubs.o ABSOLUTE
    _printf_n                                0x00000000   Number         0  stubs.o ABSOLUTE
    _printf_o                                0x00000000   Number         0  stubs.o ABSOLUTE
    _printf_p                                0x00000000   Number         0  stubs.o ABSOLUTE
    _printf_percent                          0x00000000   Number         0  stubs.o ABSOLUTE
    _printf_pre_padding                      0x00000000   Number         0  stubs.o ABSOLUTE
    _printf_return_value                     0x00000000   Number         0  stubs.o ABSOLUTE
    _printf_s                                0x00000000   Number         0  stubs.o ABSOLUTE
    _printf_sizespec                         0x00000000   Number         0  stubs.o ABSOLUTE
    _printf_str                              0x00000000   Number         0  stubs.o ABSOLUTE
    _printf_truncate_signed                  0x00000000   Number         0  stubs.o ABSOLUTE
    _printf_truncate_unsigned                0x00000000   Number         0  stubs.o ABSOLUTE
    _printf_u                                0x00000000   Number         0  stubs.o ABSOLUTE
    _printf_wc                               0x00000000   Number         0  stubs.o ABSOLUTE
    _printf_wctomb                           0x00000000   Number         0  stubs.o ABSOLUTE
    _printf_widthprec                        0x00000000   Number         0  stubs.o ABSOLUTE
    _printf_x                                0x00000000   Number         0  stubs.o ABSOLUTE
    __arm_fini_                               - Undefined Weak Reference
    __cpp_initialize__aeabi_                  - Undefined Weak Reference
    __cxa_finalize                            - Undefined Weak Reference
    _clock_init                               - Undefined Weak Reference
    _microlib_exit                            - Undefined Weak Reference
    __Vectors_Size                           0x000000c0   Number         0  startup_stm32l071xx.o ABSOLUTE
    __Vectors                                0x08000000   Data           4  startup_stm32l071xx.o(RESET)
    __Vectors_End                            0x080000c0   Data           0  startup_stm32l071xx.o(RESET)
    __main                                   0x080000c1   Thumb Code     0  entry.o(.ARM.Collect$$$$00000000)
    _main_stk                                0x080000c1   Thumb Code     0  entry2.o(.ARM.Collect$$$$00000001)
    _main_scatterload                        0x080000c5   Thumb Code     0  entry5.o(.ARM.Collect$$$$00000004)
    __main_after_scatterload                 0x080000c9   Thumb Code     0  entry5.o(.ARM.Collect$$$$00000004)
    _main_clock                              0x080000c9   Thumb Code     0  entry7b.o(.ARM.Collect$$$$00000008)
    _main_cpp_init                           0x080000c9   Thumb Code     0  entry8b.o(.ARM.Collect$$$$0000000A)
    _main_init                               0x080000c9   Thumb Code     0  entry9a.o(.ARM.Collect$$$$0000000B)
    __rt_lib_shutdown_fini                   0x080000d1   Thumb Code     0  entry12b.o(.ARM.Collect$$$$0000000E)
    __rt_final_cpp                           0x080000d5   Thumb Code     0  entry10a.o(.ARM.Collect$$$$0000000F)
    __rt_final_exit                          0x080000d5   Thumb Code     0  entry11a.o(.ARM.Collect$$$$00000011)
    Reset_Handler                            0x080000d9   Thumb Code     8  startup_stm32l071xx.o(.text)
    EXTI0_1_IRQHandler                       0x080000eb   Thumb Code     0  startup_stm32l071xx.o(.text)
    EXTI2_3_IRQHandler                       0x080000eb   Thumb Code     0  startup_stm32l071xx.o(.text)
    EXTI4_15_IRQHandler                      0x080000eb   Thumb Code     0  startup_stm32l071xx.o(.text)
    FLASH_IRQHandler                         0x080000eb   Thumb Code     0  startup_stm32l071xx.o(.text)
    I2C1_IRQHandler                          0x080000eb   Thumb Code     0  startup_stm32l071xx.o(.text)
    I2C2_IRQHandler                          0x080000eb   Thumb Code     0  startup_stm32l071xx.o(.text)
    I2C3_IRQHandler                          0x080000eb   Thumb Code     0  startup_stm32l071xx.o(.text)
    LPTIM1_IRQHandler                        0x080000eb   Thumb Code     0  startup_stm32l071xx.o(.text)
    PVD_IRQHandler                           0x080000eb   Thumb Code     0  startup_stm32l071xx.o(.text)
    RCC_IRQHandler                           0x080000eb   Thumb Code     0  startup_stm32l071xx.o(.text)
    SPI1_IRQHandler                          0x080000eb   Thumb Code     0  startup_stm32l071xx.o(.text)
    SPI2_IRQHandler                          0x080000eb   Thumb Code     0  startup_stm32l071xx.o(.text)
    TIM21_IRQHandler                         0x080000eb   Thumb Code     0  startup_stm32l071xx.o(.text)
    TIM22_IRQHandler                         0x080000eb   Thumb Code     0  startup_stm32l071xx.o(.text)
    TIM2_IRQHandler                          0x080000eb   Thumb Code     0  startup_stm32l071xx.o(.text)
    TIM3_IRQHandler                          0x080000eb   Thumb Code     0  startup_stm32l071xx.o(.text)
    TIM6_IRQHandler                          0x080000eb   Thumb Code     0  startup_stm32l071xx.o(.text)
    USART4_5_IRQHandler                      0x080000eb   Thumb Code     0  startup_stm32l071xx.o(.text)
    WWDG_IRQHandler                          0x080000eb   Thumb Code     0  startup_stm32l071xx.o(.text)
    __aeabi_uidiv                            0x080000f5   Thumb Code     0  uidiv.o(.text)
    __aeabi_uidivmod                         0x080000f5   Thumb Code    44  uidiv.o(.text)
    __aeabi_idiv                             0x08000121   Thumb Code     0  idiv.o(.text)
    __aeabi_idivmod                          0x08000121   Thumb Code    40  idiv.o(.text)
    __aeabi_uldivmod                         0x08000149   Thumb Code    96  uldiv.o(.text)
    __aeabi_memcpy                           0x080001a9   Thumb Code    36  memcpya.o(.text)
    __aeabi_memcpy4                          0x080001a9   Thumb Code     0  memcpya.o(.text)
    __aeabi_memcpy8                          0x080001a9   Thumb Code     0  memcpya.o(.text)
    __aeabi_memset                           0x080001cd   Thumb Code    14  memseta.o(.text)
    __aeabi_memset4                          0x080001cd   Thumb Code     0  memseta.o(.text)
    __aeabi_memset8                          0x080001cd   Thumb Code     0  memseta.o(.text)
    __aeabi_memclr                           0x080001db   Thumb Code     4  memseta.o(.text)
    __aeabi_memclr4                          0x080001db   Thumb Code     0  memseta.o(.text)
    __aeabi_memclr8                          0x080001db   Thumb Code     0  memseta.o(.text)
    _memset$wrapper                          0x080001df   Thumb Code    18  memseta.o(.text)
    strstr                                   0x080001f1   Thumb Code    40  strstr.o(.text)
    strncpy                                  0x08000219   Thumb Code    26  strncpy.o(.text)
    strcmp                                   0x08000233   Thumb Code    28  strcmp.o(.text)
    strcpy                                   0x0800024f   Thumb Code    18  strcpy.o(.text)
    strtok                                   0x08000261   Thumb Code    68  strtok.o(.text)
    atoi                                     0x080002a9   Thumb Code    26  atoi.o(.text)
    __aeabi_fadd                             0x080002c3   Thumb Code   162  fadd.o(.text)
    __aeabi_fsub                             0x08000365   Thumb Code     8  fadd.o(.text)
    __aeabi_frsub                            0x0800036d   Thumb Code     8  fadd.o(.text)
    __aeabi_fmul                             0x08000375   Thumb Code   122  fmul.o(.text)
    __aeabi_fdiv                             0x080003ef   Thumb Code   124  fdiv.o(.text)
    __aeabi_dadd                             0x0800046d   Thumb Code   330  dadd.o(.text)
    __aeabi_dsub                             0x080005b7   Thumb Code    12  dadd.o(.text)
    __aeabi_drsub                            0x080005c3   Thumb Code    12  dadd.o(.text)
    __aeabi_dmul                             0x080005d5   Thumb Code   202  dmul.o(.text)
    __aeabi_ddiv                             0x080006a5   Thumb Code   234  ddiv.o(.text)
    __aeabi_i2f                              0x08000795   Thumb Code    22  fflti.o(.text)
    __aeabi_ui2f                             0x080007ab   Thumb Code    14  ffltui.o(.text)
    __aeabi_ui2d                             0x080007b9   Thumb Code    24  dfltui.o(.text)
    __aeabi_f2uiz                            0x080007d5   Thumb Code    40  ffixui.o(.text)
    __aeabi_d2iz                             0x080007fd   Thumb Code    62  dfixi.o(.text)
    __aeabi_f2d                              0x08000845   Thumb Code    40  f2d.o(.text)
    __aeabi_d2f                              0x0800086d   Thumb Code    56  d2f.o(.text)
    __aeabi_cfcmpeq                          0x080008a5   Thumb Code     0  cfcmple.o(.text)
    __aeabi_cfcmple                          0x080008a5   Thumb Code    20  cfcmple.o(.text)
    __aeabi_cfrcmple                         0x080008b9   Thumb Code    20  cfrcmple.o(.text)
    __aeabi_llsl                             0x080008cd   Thumb Code    32  llshl.o(.text)
    _ll_shift_l                              0x080008cd   Thumb Code     0  llshl.o(.text)
    __aeabi_llsr                             0x080008ed   Thumb Code    34  llushr.o(.text)
    _ll_ushift_r                             0x080008ed   Thumb Code     0  llushr.o(.text)
    __aeabi_lasr                             0x0800090f   Thumb Code    38  llsshr.o(.text)
    _ll_sshift_r                             0x0800090f   Thumb Code     0  llsshr.o(.text)
    strtol                                   0x08000935   Thumb Code   108  strtol.o(.text)
    __I$use$fp                               0x080009a5   Thumb Code     0  iusefp.o(.text)
    _float_round                             0x080009a5   Thumb Code    16  fepilogue.o(.text)
    _float_epilogue                          0x080009b5   Thumb Code   114  fepilogue.o(.text)
    _double_round                            0x08000a27   Thumb Code    26  depilogue.o(.text)
    _double_epilogue                         0x08000a41   Thumb Code   164  depilogue.o(.text)
    _drnd                                    0x08000ae5   Thumb Code   114  drnd.o(.text)
    __aeabi_cdcmpeq                          0x08000b61   Thumb Code     0  cdcmple.o(.text)
    __aeabi_cdcmple                          0x08000b61   Thumb Code    38  cdcmple.o(.text)
    __aeabi_cdrcmple                         0x08000b89   Thumb Code    38  cdrcmple.o(.text)
    __scatterload                            0x08000bb1   Thumb Code    28  init.o(.text)
    __scatterload_rt2                        0x08000bb1   Thumb Code     0  init.o(.text)
    __rt_ctype_table                         0x08000bd5   Thumb Code     4  ctype_o.o(.text)
    _strtoul                                 0x08000bdd   Thumb Code   166  _strtoul.o(.text)
    _chval                                   0x08000c83   Thumb Code    30  _chval.o(.text)
    __decompress                             0x08000ca1   Thumb Code     0  __dczerorl2.o(.text)
    __decompress1                            0x08000ca1   Thumb Code    86  __dczerorl2.o(.text)
    ADC1_COMP_IRQHandler                     0x08000cf9   Thumb Code    10  stm32l0xx_it.o(i.ADC1_COMP_IRQHandler)
    Adc_start                                0x08000ea1   Thumb Code    22  adc.o(i.Adc_start)
    Control                                  0x08000ec1   Thumb Code    90  control.o(i.Control)
    DMA1_Channel1_IRQHandler                 0x08000f1d   Thumb Code    10  stm32l0xx_it.o(i.DMA1_Channel1_IRQHandler)
    DMA1_Channel2_3_IRQHandler               0x08000f2d   Thumb Code    10  stm32l0xx_it.o(i.DMA1_Channel2_3_IRQHandler)
    DMA1_Channel4_5_6_7_IRQHandler           0x08000f3d   Thumb Code    10  stm32l0xx_it.o(i.DMA1_Channel4_5_6_7_IRQHandler)
    EC20_Init                                0x08000f7d   Thumb Code   646  ec800.o(i.EC20_Init)
    Error_Handler                            0x080013a9   Thumb Code     6  main.o(i.Error_Handler)
    FLASH_WaitForLastOperation               0x080014a1   Thumb Code   162  stm32l0xx_hal_flash.o(i.FLASH_WaitForLastOperation)
    Get_Adc_Value                            0x08001549   Thumb Code   190  adc.o(i.Get_Adc_Value)
    HAL_ADCEx_Calibration_Start              0x08001625   Thumb Code   236  stm32l0xx_hal_adc_ex.o(i.HAL_ADCEx_Calibration_Start)
    HAL_ADC_ConfigChannel                    0x08001711   Thumb Code   246  stm32l0xx_hal_adc.o(i.HAL_ADC_ConfigChannel)
    HAL_ADC_ConvCpltCallback                 0x08001819   Thumb Code     8  adc.o(i.HAL_ADC_ConvCpltCallback)
    HAL_ADC_ConvHalfCpltCallback             0x08001825   Thumb Code     2  stm32l0xx_hal_adc.o(i.HAL_ADC_ConvHalfCpltCallback)
    HAL_ADC_ErrorCallback                    0x08001827   Thumb Code     2  stm32l0xx_hal_adc.o(i.HAL_ADC_ErrorCallback)
    HAL_ADC_IRQHandler                       0x08001829   Thumb Code   260  stm32l0xx_hal_adc.o(i.HAL_ADC_IRQHandler)
    HAL_ADC_Init                             0x0800192d   Thumb Code   562  stm32l0xx_hal_adc.o(i.HAL_ADC_Init)
    HAL_ADC_LevelOutOfWindowCallback         0x08001b69   Thumb Code     2  stm32l0xx_hal_adc.o(i.HAL_ADC_LevelOutOfWindowCallback)
    HAL_ADC_MspInit                          0x08001b6d   Thumb Code   192  adc.o(i.HAL_ADC_MspInit)
    HAL_ADC_Start_DMA                        0x08001c45   Thumb Code   174  stm32l0xx_hal_adc.o(i.HAL_ADC_Start_DMA)
    HAL_DMA_Abort                            0x08001d05   Thumb Code    88  stm32l0xx_hal_dma.o(i.HAL_DMA_Abort)
    HAL_DMA_Abort_IT                         0x08001d5d   Thumb Code    92  stm32l0xx_hal_dma.o(i.HAL_DMA_Abort_IT)
    HAL_DMA_GetError                         0x08001db9   Thumb Code     6  stm32l0xx_hal_dma.o(i.HAL_DMA_GetError)
    HAL_DMA_IRQHandler                       0x08001dbf   Thumb Code   264  stm32l0xx_hal_dma.o(i.HAL_DMA_IRQHandler)
    HAL_DMA_Init                             0x08001ec9   Thumb Code   158  stm32l0xx_hal_dma.o(i.HAL_DMA_Init)
    HAL_DMA_Start_IT                         0x08001f71   Thumb Code   154  stm32l0xx_hal_dma.o(i.HAL_DMA_Start_IT)
    HAL_Delay                                0x0800200d   Thumb Code    38  stm32l0xx_hal.o(i.HAL_Delay)
    HAL_FLASHEx_DATAEEPROM_Lock              0x08002039   Thumb Code    16  stm32l0xx_hal_flash_ex.o(i.HAL_FLASHEx_DATAEEPROM_Lock)
    HAL_FLASHEx_DATAEEPROM_Program           0x0800204d   Thumb Code   100  stm32l0xx_hal_flash_ex.o(i.HAL_FLASHEx_DATAEEPROM_Program)
    HAL_FLASHEx_DATAEEPROM_Unlock            0x080020b9   Thumb Code    62  stm32l0xx_hal_flash_ex.o(i.HAL_FLASHEx_DATAEEPROM_Unlock)
    HAL_GPIO_Init                            0x08002105   Thumb Code   478  stm32l0xx_hal_gpio.o(i.HAL_GPIO_Init)
    HAL_GPIO_ReadPin                         0x08002305   Thumb Code    18  stm32l0xx_hal_gpio.o(i.HAL_GPIO_ReadPin)
    HAL_GPIO_TogglePin                       0x08002317   Thumb Code    20  stm32l0xx_hal_gpio.o(i.HAL_GPIO_TogglePin)
    HAL_GPIO_WritePin                        0x0800232b   Thumb Code    12  stm32l0xx_hal_gpio.o(i.HAL_GPIO_WritePin)
    HAL_GetTick                              0x08002339   Thumb Code     6  stm32l0xx_hal.o(i.HAL_GetTick)
    HAL_IncTick                              0x08002345   Thumb Code    16  stm32l0xx_hal.o(i.HAL_IncTick)
    HAL_Init                                 0x0800235d   Thumb Code    38  stm32l0xx_hal.o(i.HAL_Init)
    HAL_InitTick                             0x08002389   Thumb Code    70  stm32l0xx_hal.o(i.HAL_InitTick)
    HAL_MspInit                              0x080023dd   Thumb Code    26  stm32l0xx_hal_msp.o(i.HAL_MspInit)
    HAL_NVIC_EnableIRQ                       0x080023fd   Thumb Code    22  stm32l0xx_hal_cortex.o(i.HAL_NVIC_EnableIRQ)
    HAL_NVIC_SetPriority                     0x08002419   Thumb Code    18  stm32l0xx_hal_cortex.o(i.HAL_NVIC_SetPriority)
    HAL_PWREx_EnableFastWakeUp               0x0800242d   Thumb Code    16  stm32l0xx_hal_pwr_ex.o(i.HAL_PWREx_EnableFastWakeUp)
    HAL_PWREx_EnableUltraLowPower            0x08002441   Thumb Code    16  stm32l0xx_hal_pwr_ex.o(i.HAL_PWREx_EnableUltraLowPower)
    HAL_PWR_EnableBkUpAccess                 0x08002455   Thumb Code    16  stm32l0xx_hal_pwr.o(i.HAL_PWR_EnableBkUpAccess)
    HAL_PWR_EnterSTOPMode                    0x08002469   Thumb Code   124  stm32l0xx_hal_pwr.o(i.HAL_PWR_EnterSTOPMode)
    HAL_RCCEx_PeriphCLKConfig                0x080024f1   Thumb Code   584  stm32l0xx_hal_rcc_ex.o(i.HAL_RCCEx_PeriphCLKConfig)
    HAL_RCC_ClockConfig                      0x08002745   Thumb Code   540  stm32l0xx_hal_rcc.o(i.HAL_RCC_ClockConfig)
    HAL_RCC_GetHCLKFreq                      0x08002979   Thumb Code     6  stm32l0xx_hal_rcc.o(i.HAL_RCC_GetHCLKFreq)
    HAL_RCC_GetPCLK1Freq                     0x08002985   Thumb Code    26  stm32l0xx_hal_rcc.o(i.HAL_RCC_GetPCLK1Freq)
    HAL_RCC_GetPCLK2Freq                     0x080029a9   Thumb Code    26  stm32l0xx_hal_rcc.o(i.HAL_RCC_GetPCLK2Freq)
    HAL_RCC_GetSysClockFreq                  0x080029cd   Thumb Code   220  stm32l0xx_hal_rcc.o(i.HAL_RCC_GetSysClockFreq)
    HAL_RCC_OscConfig                        0x08002abd   Thumb Code  1596  stm32l0xx_hal_rcc.o(i.HAL_RCC_OscConfig)
    HAL_RTCEx_DeactivateWakeUpTimer          0x08003105   Thumb Code   174  stm32l0xx_hal_rtc_ex.o(i.HAL_RTCEx_DeactivateWakeUpTimer)
    HAL_RTCEx_SetWakeUpTimer_IT              0x080031b5   Thumb Code   368  stm32l0xx_hal_rtc_ex.o(i.HAL_RTCEx_SetWakeUpTimer_IT)
    HAL_RTCEx_WakeUpTimerEventCallback       0x08003331   Thumb Code     2  stm32l0xx_hal_rtc_ex.o(i.HAL_RTCEx_WakeUpTimerEventCallback)
    HAL_RTCEx_WakeUpTimerIRQHandler          0x08003335   Thumb Code    72  stm32l0xx_hal_rtc_ex.o(i.HAL_RTCEx_WakeUpTimerIRQHandler)
    HAL_RTC_GetDate                          0x08003385   Thumb Code    88  stm32l0xx_hal_rtc.o(i.HAL_RTC_GetDate)
    HAL_RTC_GetTime                          0x080033e1   Thumb Code   104  stm32l0xx_hal_rtc.o(i.HAL_RTC_GetTime)
    HAL_RTC_Init                             0x0800344d   Thumb Code   200  stm32l0xx_hal_rtc.o(i.HAL_RTC_Init)
    HAL_RTC_MspInit                          0x08003519   Thumb Code    44  rtc.o(i.HAL_RTC_MspInit)
    HAL_RTC_SetDate                          0x0800354d   Thumb Code   206  stm32l0xx_hal_rtc.o(i.HAL_RTC_SetDate)
    HAL_RTC_SetTime                          0x08003621   Thumb Code   252  stm32l0xx_hal_rtc.o(i.HAL_RTC_SetTime)
    HAL_RTC_WaitForSynchro                   0x08003721   Thumb Code    54  stm32l0xx_hal_rtc.o(i.HAL_RTC_WaitForSynchro)
    HAL_SYSTICK_Config                       0x0800375d   Thumb Code    46  stm32l0xx_hal_cortex.o(i.HAL_SYSTICK_Config)
    HAL_TIMEx_MasterConfigSynchronization    0x08003795   Thumb Code   128  stm32l0xx_hal_tim_ex.o(i.HAL_TIMEx_MasterConfigSynchronization)
    HAL_TIM_Base_Init                        0x08003821   Thumb Code    80  stm32l0xx_hal_tim.o(i.HAL_TIM_Base_Init)
    HAL_TIM_Base_MspInit                     0x08003871   Thumb Code    66  tim.o(i.HAL_TIM_Base_MspInit)
    HAL_TIM_Base_Start_IT                    0x080038bd   Thumb Code   108  stm32l0xx_hal_tim.o(i.HAL_TIM_Base_Start_IT)
    HAL_TIM_ConfigClockSource                0x08003935   Thumb Code   280  stm32l0xx_hal_tim.o(i.HAL_TIM_ConfigClockSource)
    HAL_TIM_MspPostInit                      0x08003a4d   Thumb Code    82  tim.o(i.HAL_TIM_MspPostInit)
    HAL_TIM_PWM_ConfigChannel                0x08003aa9   Thumb Code   266  stm32l0xx_hal_tim.o(i.HAL_TIM_PWM_ConfigChannel)
    HAL_TIM_PWM_Init                         0x08003bb3   Thumb Code    80  stm32l0xx_hal_tim.o(i.HAL_TIM_PWM_Init)
    HAL_TIM_PWM_MspInit                      0x08003c03   Thumb Code     2  stm32l0xx_hal_tim.o(i.HAL_TIM_PWM_MspInit)
    HAL_TIM_PWM_Start                        0x08003c05   Thumb Code   176  stm32l0xx_hal_tim.o(i.HAL_TIM_PWM_Start)
    HAL_UARTEx_RxEventCallback               0x08003cc1   Thumb Code     2  stm32l0xx_hal_uart.o(i.HAL_UARTEx_RxEventCallback)
    HAL_UARTEx_WakeupCallback                0x08003cc3   Thumb Code     2  stm32l0xx_hal_uart_ex.o(i.HAL_UARTEx_WakeupCallback)
    HAL_UART_DMAStop                         0x08003cc5   Thumb Code   198  stm32l0xx_hal_uart.o(i.HAL_UART_DMAStop)
    HAL_UART_ErrorCallback                   0x08003d8d   Thumb Code    48  dma.o(i.HAL_UART_ErrorCallback)
    HAL_UART_IRQHandler                      0x08003df9   Thumb Code   974  stm32l0xx_hal_uart.o(i.HAL_UART_IRQHandler)
    HAL_UART_Init                            0x080041d5   Thumb Code   126  stm32l0xx_hal_uart.o(i.HAL_UART_Init)
    HAL_UART_MspInit                         0x08004255   Thumb Code   418  usart.o(i.HAL_UART_MspInit)
    HAL_UART_Receive_DMA                     0x08004419   Thumb Code   134  stm32l0xx_hal_uart.o(i.HAL_UART_Receive_DMA)
    HAL_UART_Receive_IT                      0x080044a5   Thumb Code   134  stm32l0xx_hal_uart.o(i.HAL_UART_Receive_IT)
    HAL_UART_RxCpltCallback                  0x08004531   Thumb Code   114  dma.o(i.HAL_UART_RxCpltCallback)
    HAL_UART_RxHalfCpltCallback              0x080045bd   Thumb Code     2  stm32l0xx_hal_uart.o(i.HAL_UART_RxHalfCpltCallback)
    HAL_UART_Transmit                        0x080045bf   Thumb Code   232  stm32l0xx_hal_uart.o(i.HAL_UART_Transmit)
    HAL_UART_TxCpltCallback                  0x080046a7   Thumb Code     2  stm32l0xx_hal_uart.o(i.HAL_UART_TxCpltCallback)
    HardFault_Handler                        0x080046a9   Thumb Code    10  stm32l0xx_it.o(i.HardFault_Handler)
    I2CReceiveByte                           0x080046c9   Thumb Code    80  user_iic.o(i.I2CReceiveByte)
    I2CSendAck                               0x08004719   Thumb Code    46  user_iic.o(i.I2CSendAck)
    I2CSendByte                              0x08004747   Thumb Code    80  user_iic.o(i.I2CSendByte)
    I2CSendNotAck                            0x08004797   Thumb Code    46  user_iic.o(i.I2CSendNotAck)
    I2CStart                                 0x080047c5   Thumb Code    52  user_iic.o(i.I2CStart)
    I2CStop                                  0x080047f9   Thumb Code    52  user_iic.o(i.I2CStop)
    I2CWaitAck                               0x0800482d   Thumb Code    82  user_iic.o(i.I2CWaitAck)
    LPUART1_IRQHandler                       0x08004881   Thumb Code   158  stm32l0xx_it.o(i.LPUART1_IRQHandler)
    LoRa_GPIO_Init                           0x08004929   Thumb Code    44  lora.o(i.LoRa_GPIO_Init)
    LoRa_Init                                0x08004959   Thumb Code   194  lora.o(i.LoRa_Init)
    LoRa_Set                                 0x08004a85   Thumb Code    86  lora.o(i.LoRa_Set)
    MCP3421_Init                             0x08004ae5   Thumb Code    28  user_iic.o(i.MCP3421_Init)
    MQTT_PublishQs0                          0x08004b05   Thumb Code   102  ec800.o(i.MQTT_PublishQs0)
    MX_ADC_Init                              0x08004be9   Thumb Code   202  adc.o(i.MX_ADC_Init)
    MX_DMA_Init                              0x08004ccd   Thumb Code    80  dma.o(i.MX_DMA_Init)
    MX_GPIO_Init                             0x08004d21   Thumb Code   452  gpio.o(i.MX_GPIO_Init)
    MX_LPUART1_UART_Init                     0x08004f01   Thumb Code    56  usart.o(i.MX_LPUART1_UART_Init)
    MX_RTC_Init                              0x08004f41   Thumb Code   154  rtc.o(i.MX_RTC_Init)
    MX_TIM2_Init                             0x08004fe5   Thumb Code   166  tim.o(i.MX_TIM2_Init)
    MX_TIM7_Init                             0x08005095   Thumb Code    68  tim.o(i.MX_TIM7_Init)
    MX_USART1_UART_Init                      0x080050e5   Thumb Code    84  usart.o(i.MX_USART1_UART_Init)
    MX_USART2_UART_Init                      0x08005145   Thumb Code    84  usart.o(i.MX_USART2_UART_Init)
    Motor_BD                                 0x080051a5   Thumb Code   798  control.o(i.Motor_BD)
    Motor_Control                            0x0800568d   Thumb Code   700  control.o(i.Motor_Control)
    NMI_Handler                              0x080059d5   Thumb Code     4  stm32l0xx_it.o(i.NMI_Handler)
    PendSV_Handler                           0x080059d9   Thumb Code     2  stm32l0xx_it.o(i.PendSV_Handler)
    READ_MCP3421                             0x080059dd   Thumb Code   144  user_iic.o(i.READ_MCP3421)
    RTC_Bcd2ToByte                           0x08005a75   Thumb Code    26  stm32l0xx_hal_rtc.o(i.RTC_Bcd2ToByte)
    RTC_ByteToBcd2                           0x08005a8f   Thumb Code    26  stm32l0xx_hal_rtc.o(i.RTC_ByteToBcd2)
    RTC_EnterInitMode                        0x08005aa9   Thumb Code    82  stm32l0xx_hal_rtc.o(i.RTC_EnterInitMode)
    RTC_ExitInitMode                         0x08005afb   Thumb Code    52  stm32l0xx_hal_rtc.o(i.RTC_ExitInitMode)
    RTC_IRQHandler                           0x08005b31   Thumb Code    10  stm32l0xx_it.o(i.RTC_IRQHandler)
    RTC_Time                                 0x08005b41   Thumb Code    58  rtc.o(i.RTC_Time)
    SCL_Output                               0x08005bb5   Thumb Code    36  user_iic.o(i.SCL_Output)
    SDA_Input                                0x08005bdd   Thumb Code    22  user_iic.o(i.SDA_Input)
    SDA_Input_Mode                           0x08005bf9   Thumb Code    42  user_iic.o(i.SDA_Input_Mode)
    SDA_Output                               0x08005c29   Thumb Code    36  user_iic.o(i.SDA_Output)
    SDA_Output_Mode                          0x08005c51   Thumb Code    42  user_iic.o(i.SDA_Output_Mode)
    SVC_Handler                              0x08005c81   Thumb Code     2  stm32l0xx_it.o(i.SVC_Handler)
    SysTick_Handler                          0x08005c85   Thumb Code    26  stm32l0xx_it.o(i.SysTick_Handler)
    SystemClock_Config                       0x08005ca5   Thumb Code   188  main.o(i.SystemClock_Config)
    SystemInit                               0x08005d69   Thumb Code     2  system_stm32l0xx.o(i.SystemInit)
    TCA9548A_SetChannel                      0x08005d6b   Thumb Code    48  user_iic.o(i.TCA9548A_SetChannel)
    TIM7_IRQHandler                          0x08005d9d   Thumb Code    78  stm32l0xx_it.o(i.TIM7_IRQHandler)
    U1PassiveEvent                           0x08006031   Thumb Code   406  user_usart.o(i.U1PassiveEvent)
    U2PassiveEvent                           0x08006225   Thumb Code   586  lora.o(i.U2PassiveEvent)
    UART_AdvFeatureConfig                    0x08006525   Thumb Code   240  stm32l0xx_hal_uart.o(i.UART_AdvFeatureConfig)
    UART_CheckIdleState                      0x08006615   Thumb Code   252  stm32l0xx_hal_uart.o(i.UART_CheckIdleState)
    UART_Clear                               0x08006715   Thumb Code    18  ec800.o(i.UART_Clear)
    UART_SendCmd                             0x08006bd5   Thumb Code   104  ec800.o(i.UART_SendCmd)
    UART_SetConfig                           0x08006c75   Thumb Code   772  stm32l0xx_hal_uart.o(i.UART_SetConfig)
    UART_Start_Receive_DMA                   0x08006fa5   Thumb Code   206  stm32l0xx_hal_uart.o(i.UART_Start_Receive_DMA)
    UART_Start_Receive_IT                    0x08007081   Thumb Code   276  stm32l0xx_hal_uart.o(i.UART_Start_Receive_IT)
    UART_WaitOnFlagUntilTimeout              0x080071a1   Thumb Code   172  stm32l0xx_hal_uart.o(i.UART_WaitOnFlagUntilTimeout)
    UART_WaitRecive                          0x0800724d   Thumb Code    26  ec800.o(i.UART_WaitRecive)
    USART1_DMAHandler                        0x0800726d   Thumb Code    76  dma.o(i.USART1_DMAHandler)
    USART1_IRQHandler                        0x080072d1   Thumb Code   162  stm32l0xx_it.o(i.USART1_IRQHandler)
    USART2_DMAHandler                        0x08007379   Thumb Code    76  dma.o(i.USART2_DMAHandler)
    USART2_IRQHandler                        0x080073dd   Thumb Code   162  stm32l0xx_it.o(i.USART2_IRQHandler)
    Usart_SendString                         0x08007485   Thumb Code    32  ec800.o(i.Usart_SendString)
    Write_MCP3421                            0x080074a9   Thumb Code    34  user_iic.o(i.Write_MCP3421)
    __0printf$8                              0x080074cd   Thumb Code    24  printf8.o(i.__0printf$8)
    __1printf$8                              0x080074cd   Thumb Code     0  printf8.o(i.__0printf$8)
    __2printf                                0x080074cd   Thumb Code     0  printf8.o(i.__0printf$8)
    __0sprintf$8                             0x080074ed   Thumb Code    36  printf8.o(i.__0sprintf$8)
    __1sprintf$8                             0x080074ed   Thumb Code     0  printf8.o(i.__0sprintf$8)
    __2sprintf                               0x080074ed   Thumb Code     0  printf8.o(i.__0sprintf$8)
    __ARM_clz                                0x08007515   Thumb Code    46  depilogue.o(i.__ARM_clz)
    __ARM_common_ll_muluu                    0x08007543   Thumb Code    48  stm32l0xx_hal_rcc.o(i.__ARM_common_ll_muluu)
    __ARM_common_switch8                     0x08007573   Thumb Code    28  lora.o(i.__ARM_common_switch8)
    __aeabi_errno_addr                       0x0800763d   Thumb Code     4  errno.o(i.__aeabi_errno_addr)
    __rt_errno_addr                          0x0800763d   Thumb Code     0  errno.o(i.__aeabi_errno_addr)
    __scatterload_copy                       0x0800764b   Thumb Code    14  handlers.o(i.__scatterload_copy)
    __scatterload_null                       0x08007659   Thumb Code     2  handlers.o(i.__scatterload_null)
    __scatterload_zeroinit                   0x0800765b   Thumb Code    14  handlers.o(i.__scatterload_zeroinit)
    at_cmd                                   0x08007aef   Thumb Code    36  ec800.o(i.at_cmd)
    calculateCCR                             0x08007b9d   Thumb Code   164  control.o(i.calculateCCR)
    calculateMotorAngle_2t                   0x08007c59   Thumb Code    36  control.o(i.calculateMotorAngle_2t)
    calculateMotorAngle_4t                   0x08007c7d   Thumb Code    36  control.o(i.calculateMotorAngle_4t)
    calculateRange                           0x08007ca1   Thumb Code   126  control.o(i.calculateRange)
    enter_stop_rtc_mode                      0x08007e01   Thumb Code    98  stop.o(i.enter_stop_rtc_mode)
    fputc                                    0x08007e81   Thumb Code    20  usart.o(i.fputc)
    get_A1_data                              0x08007e99   Thumb Code   216  ec800.o(i.get_A1_data)
    get_A3_data                              0x08007fb1   Thumb Code   110  ec800.o(i.get_A3_data)
    get_A4_data                              0x0800803d   Thumb Code   444  ec800.o(i.get_A4_data)
    lora_enter_stop_rtc_mode                 0x080083b5   Thumb Code    96  stop.o(i.lora_enter_stop_rtc_mode)
    main                                     0x08008721   Thumb Code   928  main.o(i.main)
    mcu_eeprom_read                          0x08008bbd   Thumb Code    30  control.o(i.mcu_eeprom_read)
    mcu_eeprom_write                         0x08008be1   Thumb Code    68  control.o(i.mcu_eeprom_write)
    read_SW                                  0x08008c29   Thumb Code   312  control.o(i.read_SW)
    round                                    0x08008d79   Thumb Code   142  round.o(i.round)
    AHBPrescTable                            0x08008f9c   Data          16  system_stm32l0xx.o(.constdata)
    APBPrescTable                            0x08008fac   Data           8  system_stm32l0xx.o(.constdata)
    PLLMulTable                              0x08008fb4   Data           9  system_stm32l0xx.o(.constdata)
    __ctype_table                            0x08008fbd   Data         129  ctype_o.o(.constdata)
    Region$$Table$$Base                      0x08009044   Number         0  anon$$obj.o(Region$$Table)
    Region$$Table$$Limit                     0x08009064   Number         0  anon$$obj.o(Region$$Table)
    DMA_RECEIVE_OVER                         0x20000000   Data           1  adc.o(.data)
    ADC_Values                               0x2000000c   Data           8  adc.o(.data)
    Uart1Flag                                0x20000014   Data           1  dma.o(.data)
    uart1Cnt                                 0x20000016   Data           2  dma.o(.data)
    LPUART1_RX_STA                           0x20000018   Data           2  dma.o(.data)
    res                                      0x2000001a   Data           2  dma.o(.data)
    LPUART1Flag                              0x2000001c   Data           1  dma.o(.data)
    LPUART1Cnt                               0x2000001e   Data           2  dma.o(.data)
    Uart2Flag                                0x20000020   Data           1  dma.o(.data)
    uart2Cnt                                 0x20000022   Data           2  dma.o(.data)
    GetData                                  0x20000024   Data           4  rtc.o(.data)
    sDate                                    0x20000028   Data           4  rtc.o(.data)
    Connect_State                            0x2000002c   Data           1  lora.o(.data)
    LoRaNet                                  0x2000002d   Data          11  lora.o(.data)
    EC800_State                              0x20000038   Data           1  ec800.o(.data)
    Mqtt_ip                                  0x20000039   Data          55  ec800.o(.data)
    Mqtt_port                                0x20000070   Data           4  ec800.o(.data)
    Mqtt_client_id                           0x20000074   Data          20  ec800.o(.data)
    Mqtt_user_name                           0x20000088   Data          20  ec800.o(.data)
    Mqtt_password                            0x2000009c   Data          50  ec800.o(.data)
    Sub_Topics                               0x200000ce   Data          50  ec800.o(.data)
    Sub_Topics1                              0x20000100   Data          50  ec800.o(.data)
    main_len                                 0x20000132   Data           2  ec800.o(.data)
    Motor_BD_State                           0x2000013c   Data           1  control.o(.data)
    Mp                                       0x20000140   Data          96  control.o(.data)
    BD_State                                 0x200001a0   Data           1  control.o(.data)
    uwTick                                   0x200001a4   Data           4  stm32l0xx_hal.o(.data)
    uwTickPrio                               0x200001a8   Data           4  stm32l0xx_hal.o(.data)
    uwTickFreq                               0x200001ac   Data           1  stm32l0xx_hal.o(.data)
    SystemCoreClock                          0x200001b0   Data           4  system_stm32l0xx.o(.data)
    __stdout                                 0x200001b8   Data           4  stdout.o(.data)
    dma_adc_data                             0x200001c0   Data         800  adc.o(.bss)
    hadc                                     0x200004e0   Data          92  adc.o(.bss)
    hdma_adc                                 0x2000053c   Data          72  adc.o(.bss)
    Uart1_RxBuff                             0x20000584   Data         200  dma.o(.bss)
    Uart1_Data                               0x2000064c   Data         200  dma.o(.bss)
    LPUART1_RxBuff                           0x20000714   Data         200  dma.o(.bss)
    LPUART1_Data                             0x200007dc   Data         200  dma.o(.bss)
    Uart2_RxBuff                             0x200008a4   Data         200  dma.o(.bss)
    Uart2_Data                               0x2000096c   Data         200  dma.o(.bss)
    hlpuart1                                 0x20000a34   Data         136  usart.o(.bss)
    huart1                                   0x20000abc   Data         136  usart.o(.bss)
    huart2                                   0x20000b44   Data         136  usart.o(.bss)
    hdma_usart1_rx                           0x20000bcc   Data          72  usart.o(.bss)
    hdma_usart2_rx                           0x20000c14   Data          72  usart.o(.bss)
    GetTime                                  0x20000c5c   Data          20  rtc.o(.bss)
    sTime                                    0x20000c70   Data          20  rtc.o(.bss)
    hrtc                                     0x20000c84   Data          36  rtc.o(.bss)
    htim2                                    0x20000ca8   Data          64  tim.o(.bss)
    htim7                                    0x20000ce8   Data          64  tim.o(.bss)
    main_buff                                0x20000d28   Data         300  ec800.o(.bss)
    main_buff1                               0x20000e54   Data         300  ec800.o(.bss)
    User_Data                                0x20000f80   Data          84  ec800.o(.bss)
    pFlash                                   0x20000fd4   Data          24  stm32l0xx_hal_flash.o(.bss)
    __initial_sp                             0x200013f0   Data           0  startup_stm32l071xx.o(STACK)



==============================================================================

Memory Map of the image

  Image Entry point : 0x080000c1

  Load Region LR_IROM1 (Base: 0x08000000, Size: 0x00009224, Max: 0x00020000, ABSOLUTE, COMPRESSED[0x00009118])

    Execution Region ER_IROM1 (Exec base: 0x08000000, Load base: 0x08000000, Size: 0x00009064, Max: 0x00020000, ABSOLUTE)

    Exec Addr    Load Addr    Size         Type   Attr      Idx    E Section Name        Object

    0x08000000   0x08000000   0x000000c0   Data   RO            3    RESET               startup_stm32l071xx.o
    0x080000c0   0x080000c0   0x00000000   Code   RO         4749  * .ARM.Collect$$$$00000000  mc_p.l(entry.o)
    0x080000c0   0x080000c0   0x00000004   Code   RO         5071    .ARM.Collect$$$$00000001  mc_p.l(entry2.o)
    0x080000c4   0x080000c4   0x00000004   Code   RO         5074    .ARM.Collect$$$$00000004  mc_p.l(entry5.o)
    0x080000c8   0x080000c8   0x00000000   Code   RO         5076    .ARM.Collect$$$$00000008  mc_p.l(entry7b.o)
    0x080000c8   0x080000c8   0x00000000   Code   RO         5078    .ARM.Collect$$$$0000000A  mc_p.l(entry8b.o)
    0x080000c8   0x080000c8   0x00000008   Code   RO         5079    .ARM.Collect$$$$0000000B  mc_p.l(entry9a.o)
    0x080000d0   0x080000d0   0x00000004   Code   RO         5086    .ARM.Collect$$$$0000000E  mc_p.l(entry12b.o)
    0x080000d4   0x080000d4   0x00000000   Code   RO         5081    .ARM.Collect$$$$0000000F  mc_p.l(entry10a.o)
    0x080000d4   0x080000d4   0x00000000   Code   RO         5083    .ARM.Collect$$$$00000011  mc_p.l(entry11a.o)
    0x080000d4   0x080000d4   0x00000004   Code   RO         5072    .ARM.Collect$$$$00002712  mc_p.l(entry2.o)
    0x080000d8   0x080000d8   0x0000001c   Code   RO            4    .text               startup_stm32l071xx.o
    0x080000f4   0x080000f4   0x0000002c   Code   RO         4752    .text               mc_p.l(uidiv.o)
    0x08000120   0x08000120   0x00000028   Code   RO         4754    .text               mc_p.l(idiv.o)
    0x08000148   0x08000148   0x00000060   Code   RO         4756    .text               mc_p.l(uldiv.o)
    0x080001a8   0x080001a8   0x00000024   Code   RO         4758    .text               mc_p.l(memcpya.o)
    0x080001cc   0x080001cc   0x00000024   Code   RO         4760    .text               mc_p.l(memseta.o)
    0x080001f0   0x080001f0   0x00000028   Code   RO         4762    .text               mc_p.l(strstr.o)
    0x08000218   0x08000218   0x0000001a   Code   RO         4764    .text               mc_p.l(strncpy.o)
    0x08000232   0x08000232   0x0000001c   Code   RO         4766    .text               mc_p.l(strcmp.o)
    0x0800024e   0x0800024e   0x00000012   Code   RO         4768    .text               mc_p.l(strcpy.o)
    0x08000260   0x08000260   0x00000048   Code   RO         4770    .text               mc_p.l(strtok.o)
    0x080002a8   0x080002a8   0x0000001a   Code   RO         5039    .text               mc_p.l(atoi.o)
    0x080002c2   0x080002c2   0x000000b2   Code   RO         5041    .text               mf_p.l(fadd.o)
    0x08000374   0x08000374   0x0000007a   Code   RO         5043    .text               mf_p.l(fmul.o)
    0x080003ee   0x080003ee   0x0000007c   Code   RO         5045    .text               mf_p.l(fdiv.o)
    0x0800046a   0x0800046a   0x00000002   PAD
    0x0800046c   0x0800046c   0x00000168   Code   RO         5047    .text               mf_p.l(dadd.o)
    0x080005d4   0x080005d4   0x000000d0   Code   RO         5049    .text               mf_p.l(dmul.o)
    0x080006a4   0x080006a4   0x000000f0   Code   RO         5051    .text               mf_p.l(ddiv.o)
    0x08000794   0x08000794   0x00000016   Code   RO         5053    .text               mf_p.l(fflti.o)
    0x080007aa   0x080007aa   0x0000000e   Code   RO         5055    .text               mf_p.l(ffltui.o)
    0x080007b8   0x080007b8   0x0000001c   Code   RO         5057    .text               mf_p.l(dfltui.o)
    0x080007d4   0x080007d4   0x00000028   Code   RO         5059    .text               mf_p.l(ffixui.o)
    0x080007fc   0x080007fc   0x00000048   Code   RO         5061    .text               mf_p.l(dfixi.o)
    0x08000844   0x08000844   0x00000028   Code   RO         5063    .text               mf_p.l(f2d.o)
    0x0800086c   0x0800086c   0x00000038   Code   RO         5065    .text               mf_p.l(d2f.o)
    0x080008a4   0x080008a4   0x00000014   Code   RO         5067    .text               mf_p.l(cfcmple.o)
    0x080008b8   0x080008b8   0x00000014   Code   RO         5069    .text               mf_p.l(cfrcmple.o)
    0x080008cc   0x080008cc   0x00000020   Code   RO         5088    .text               mc_p.l(llshl.o)
    0x080008ec   0x080008ec   0x00000022   Code   RO         5090    .text               mc_p.l(llushr.o)
    0x0800090e   0x0800090e   0x00000026   Code   RO         5092    .text               mc_p.l(llsshr.o)
    0x08000934   0x08000934   0x00000070   Code   RO         5101    .text               mc_p.l(strtol.o)
    0x080009a4   0x080009a4   0x00000000   Code   RO         5103    .text               mc_p.l(iusefp.o)
    0x080009a4   0x080009a4   0x00000082   Code   RO         5104    .text               mf_p.l(fepilogue.o)
    0x08000a26   0x08000a26   0x000000be   Code   RO         5106    .text               mf_p.l(depilogue.o)
    0x08000ae4   0x08000ae4   0x0000007c   Code   RO         5110    .text               mf_p.l(drnd.o)
    0x08000b60   0x08000b60   0x00000028   Code   RO         5114    .text               mf_p.l(cdcmple.o)
    0x08000b88   0x08000b88   0x00000028   Code   RO         5116    .text               mf_p.l(cdrcmple.o)
    0x08000bb0   0x08000bb0   0x00000024   Code   RO         5118    .text               mc_p.l(init.o)
    0x08000bd4   0x08000bd4   0x00000008   Code   RO         5120    .text               mc_p.l(ctype_o.o)
    0x08000bdc   0x08000bdc   0x000000a6   Code   RO         5148    .text               mc_p.l(_strtoul.o)
    0x08000c82   0x08000c82   0x0000001e   Code   RO         5150    .text               mc_p.l(_chval.o)
    0x08000ca0   0x08000ca0   0x00000056   Code   RO         5160    .text               mc_p.l(__dczerorl2.o)
    0x08000cf6   0x08000cf6   0x00000002   PAD
    0x08000cf8   0x08000cf8   0x00000010   Code   RO          549    i.ADC1_COMP_IRQHandler  stm32l0xx_it.o
    0x08000d08   0x08000d08   0x00000088   Code   RO         1140    i.ADC_DMAConvCplt   stm32l0xx_hal_adc.o
    0x08000d90   0x08000d90   0x0000001e   Code   RO         1141    i.ADC_DMAError      stm32l0xx_hal_adc.o
    0x08000dae   0x08000dae   0x0000000e   Code   RO         1142    i.ADC_DMAHalfConvCplt  stm32l0xx_hal_adc.o
    0x08000dbc   0x08000dbc   0x0000002c   Code   RO         1143    i.ADC_DelayMicroSecond  stm32l0xx_hal_adc.o
    0x08000de8   0x08000de8   0x000000b8   Code   RO         1145    i.ADC_Enable        stm32l0xx_hal_adc.o
    0x08000ea0   0x08000ea0   0x00000020   Code   RO          250    i.Adc_start         adc.o
    0x08000ec0   0x08000ec0   0x0000005a   Code   RO          999    i.Control           control.o
    0x08000f1a   0x08000f1a   0x00000002   PAD
    0x08000f1c   0x08000f1c   0x00000010   Code   RO          550    i.DMA1_Channel1_IRQHandler  stm32l0xx_it.o
    0x08000f2c   0x08000f2c   0x00000010   Code   RO          551    i.DMA1_Channel2_3_IRQHandler  stm32l0xx_it.o
    0x08000f3c   0x08000f3c   0x00000010   Code   RO          552    i.DMA1_Channel4_5_6_7_IRQHandler  stm32l0xx_it.o
    0x08000f4c   0x08000f4c   0x0000002e   Code   RO         2642    i.DMA_SetConfig     stm32l0xx_hal_dma.o
    0x08000f7a   0x08000f7a   0x00000002   PAD
    0x08000f7c   0x08000f7c   0x0000042c   Code   RO          741    i.EC20_Init         ec800.o
    0x080013a8   0x080013a8   0x00000006   Code   RO           12    i.Error_Handler     main.o
    0x080013ae   0x080013ae   0x00000002   PAD
    0x080013b0   0x080013b0   0x000000f0   Code   RO         2316    i.FLASH_SetErrorCode  stm32l0xx_hal_flash.o
    0x080014a0   0x080014a0   0x000000a8   Code   RO         2317    i.FLASH_WaitForLastOperation  stm32l0xx_hal_flash.o
    0x08001548   0x08001548   0x000000dc   Code   RO          251    i.Get_Adc_Value     adc.o
    0x08001624   0x08001624   0x000000ec   Code   RO         1322    i.HAL_ADCEx_Calibration_Start  stm32l0xx_hal_adc_ex.o
    0x08001710   0x08001710   0x00000108   Code   RO         1147    i.HAL_ADC_ConfigChannel  stm32l0xx_hal_adc.o
    0x08001818   0x08001818   0x0000000c   Code   RO          252    i.HAL_ADC_ConvCpltCallback  adc.o
    0x08001824   0x08001824   0x00000002   Code   RO         1149    i.HAL_ADC_ConvHalfCpltCallback  stm32l0xx_hal_adc.o
    0x08001826   0x08001826   0x00000002   Code   RO         1151    i.HAL_ADC_ErrorCallback  stm32l0xx_hal_adc.o
    0x08001828   0x08001828   0x00000104   Code   RO         1155    i.HAL_ADC_IRQHandler  stm32l0xx_hal_adc.o
    0x0800192c   0x0800192c   0x0000023c   Code   RO         1156    i.HAL_ADC_Init      stm32l0xx_hal_adc.o
    0x08001b68   0x08001b68   0x00000002   Code   RO         1157    i.HAL_ADC_LevelOutOfWindowCallback  stm32l0xx_hal_adc.o
    0x08001b6a   0x08001b6a   0x00000002   PAD
    0x08001b6c   0x08001b6c   0x000000d8   Code   RO          254    i.HAL_ADC_MspInit   adc.o
    0x08001c44   0x08001c44   0x000000c0   Code   RO         1163    i.HAL_ADC_Start_DMA  stm32l0xx_hal_adc.o
    0x08001d04   0x08001d04   0x00000058   Code   RO         2643    i.HAL_DMA_Abort     stm32l0xx_hal_dma.o
    0x08001d5c   0x08001d5c   0x0000005c   Code   RO         2644    i.HAL_DMA_Abort_IT  stm32l0xx_hal_dma.o
    0x08001db8   0x08001db8   0x00000006   Code   RO         2646    i.HAL_DMA_GetError  stm32l0xx_hal_dma.o
    0x08001dbe   0x08001dbe   0x00000108   Code   RO         2648    i.HAL_DMA_IRQHandler  stm32l0xx_hal_dma.o
    0x08001ec6   0x08001ec6   0x00000002   PAD
    0x08001ec8   0x08001ec8   0x000000a8   Code   RO         2649    i.HAL_DMA_Init      stm32l0xx_hal_dma.o
    0x08001f70   0x08001f70   0x0000009a   Code   RO         2653    i.HAL_DMA_Start_IT  stm32l0xx_hal_dma.o
    0x0800200a   0x0800200a   0x00000002   PAD
    0x0800200c   0x0800200c   0x0000002c   Code   RO         1385    i.HAL_Delay         stm32l0xx_hal.o
    0x08002038   0x08002038   0x00000014   Code   RO         2434    i.HAL_FLASHEx_DATAEEPROM_Lock  stm32l0xx_hal_flash_ex.o
    0x0800204c   0x0800204c   0x0000006c   Code   RO         2435    i.HAL_FLASHEx_DATAEEPROM_Program  stm32l0xx_hal_flash_ex.o
    0x080020b8   0x080020b8   0x0000004c   Code   RO         2436    i.HAL_FLASHEx_DATAEEPROM_Unlock  stm32l0xx_hal_flash_ex.o
    0x08002104   0x08002104   0x00000200   Code   RO         2583    i.HAL_GPIO_Init     stm32l0xx_hal_gpio.o
    0x08002304   0x08002304   0x00000012   Code   RO         2585    i.HAL_GPIO_ReadPin  stm32l0xx_hal_gpio.o
    0x08002316   0x08002316   0x00000014   Code   RO         2586    i.HAL_GPIO_TogglePin  stm32l0xx_hal_gpio.o
    0x0800232a   0x0800232a   0x0000000c   Code   RO         2587    i.HAL_GPIO_WritePin  stm32l0xx_hal_gpio.o
    0x08002336   0x08002336   0x00000002   PAD
    0x08002338   0x08002338   0x0000000c   Code   RO         1389    i.HAL_GetTick       stm32l0xx_hal.o
    0x08002344   0x08002344   0x00000018   Code   RO         1395    i.HAL_IncTick       stm32l0xx_hal.o
    0x0800235c   0x0800235c   0x0000002c   Code   RO         1396    i.HAL_Init          stm32l0xx_hal.o
    0x08002388   0x08002388   0x00000054   Code   RO         1397    i.HAL_InitTick      stm32l0xx_hal.o
    0x080023dc   0x080023dc   0x00000020   Code   RO          651    i.HAL_MspInit       stm32l0xx_hal_msp.o
    0x080023fc   0x080023fc   0x0000001c   Code   RO         2910    i.HAL_NVIC_EnableIRQ  stm32l0xx_hal_cortex.o
    0x08002418   0x08002418   0x00000012   Code   RO         2914    i.HAL_NVIC_SetPriority  stm32l0xx_hal_cortex.o
    0x0800242a   0x0800242a   0x00000002   PAD
    0x0800242c   0x0800242c   0x00000014   Code   RO         2852    i.HAL_PWREx_EnableFastWakeUp  stm32l0xx_hal_pwr_ex.o
    0x08002440   0x08002440   0x00000014   Code   RO         2854    i.HAL_PWREx_EnableUltraLowPower  stm32l0xx_hal_pwr_ex.o
    0x08002454   0x08002454   0x00000014   Code   RO         2740    i.HAL_PWR_EnableBkUpAccess  stm32l0xx_hal_pwr.o
    0x08002468   0x08002468   0x00000088   Code   RO         2747    i.HAL_PWR_EnterSTOPMode  stm32l0xx_hal_pwr.o
    0x080024f0   0x080024f0   0x00000254   Code   RO         2201    i.HAL_RCCEx_PeriphCLKConfig  stm32l0xx_hal_rcc_ex.o
    0x08002744   0x08002744   0x00000234   Code   RO         2101    i.HAL_RCC_ClockConfig  stm32l0xx_hal_rcc.o
    0x08002978   0x08002978   0x0000000c   Code   RO         2105    i.HAL_RCC_GetHCLKFreq  stm32l0xx_hal_rcc.o
    0x08002984   0x08002984   0x00000024   Code   RO         2107    i.HAL_RCC_GetPCLK1Freq  stm32l0xx_hal_rcc.o
    0x080029a8   0x080029a8   0x00000024   Code   RO         2108    i.HAL_RCC_GetPCLK2Freq  stm32l0xx_hal_rcc.o
    0x080029cc   0x080029cc   0x000000f0   Code   RO         2109    i.HAL_RCC_GetSysClockFreq  stm32l0xx_hal_rcc.o
    0x08002abc   0x08002abc   0x00000648   Code   RO         2112    i.HAL_RCC_OscConfig  stm32l0xx_hal_rcc.o
    0x08003104   0x08003104   0x000000ae   Code   RO         3766    i.HAL_RTCEx_DeactivateWakeUpTimer  stm32l0xx_hal_rtc_ex.o
    0x080031b2   0x080031b2   0x00000002   PAD
    0x080031b4   0x080031b4   0x0000017c   Code   RO         3786    i.HAL_RTCEx_SetWakeUpTimer_IT  stm32l0xx_hal_rtc_ex.o
    0x08003330   0x08003330   0x00000002   Code   RO         3792    i.HAL_RTCEx_WakeUpTimerEventCallback  stm32l0xx_hal_rtc_ex.o
    0x08003332   0x08003332   0x00000002   PAD
    0x08003334   0x08003334   0x00000050   Code   RO         3793    i.HAL_RTCEx_WakeUpTimerIRQHandler  stm32l0xx_hal_rtc_ex.o
    0x08003384   0x08003384   0x0000005c   Code   RO         3599    i.HAL_RTC_GetDate   stm32l0xx_hal_rtc.o
    0x080033e0   0x080033e0   0x0000006c   Code   RO         3601    i.HAL_RTC_GetTime   stm32l0xx_hal_rtc.o
    0x0800344c   0x0800344c   0x000000cc   Code   RO         3602    i.HAL_RTC_Init      stm32l0xx_hal_rtc.o
    0x08003518   0x08003518   0x00000034   Code   RO          455    i.HAL_RTC_MspInit   rtc.o
    0x0800354c   0x0800354c   0x000000d4   Code   RO         3608    i.HAL_RTC_SetDate   stm32l0xx_hal_rtc.o
    0x08003620   0x08003620   0x00000100   Code   RO         3609    i.HAL_RTC_SetTime   stm32l0xx_hal_rtc.o
    0x08003720   0x08003720   0x0000003c   Code   RO         3610    i.HAL_RTC_WaitForSynchro  stm32l0xx_hal_rtc.o
    0x0800375c   0x0800375c   0x00000038   Code   RO         2918    i.HAL_SYSTICK_Config  stm32l0xx_hal_cortex.o
    0x08003794   0x08003794   0x0000008c   Code   RO         4690    i.HAL_TIMEx_MasterConfigSynchronization  stm32l0xx_hal_tim_ex.o
    0x08003820   0x08003820   0x00000050   Code   RO         3985    i.HAL_TIM_Base_Init  stm32l0xx_hal_tim.o
    0x08003870   0x08003870   0x0000004c   Code   RO          500    i.HAL_TIM_Base_MspInit  tim.o
    0x080038bc   0x080038bc   0x00000078   Code   RO         3990    i.HAL_TIM_Base_Start_IT  stm32l0xx_hal_tim.o
    0x08003934   0x08003934   0x00000118   Code   RO         3994    i.HAL_TIM_ConfigClockSource  stm32l0xx_hal_tim.o
    0x08003a4c   0x08003a4c   0x0000005c   Code   RO          501    i.HAL_TIM_MspPostInit  tim.o
    0x08003aa8   0x08003aa8   0x0000010a   Code   RO         4057    i.HAL_TIM_PWM_ConfigChannel  stm32l0xx_hal_tim.o
    0x08003bb2   0x08003bb2   0x00000050   Code   RO         4060    i.HAL_TIM_PWM_Init  stm32l0xx_hal_tim.o
    0x08003c02   0x08003c02   0x00000002   Code   RO         4062    i.HAL_TIM_PWM_MspInit  stm32l0xx_hal_tim.o
    0x08003c04   0x08003c04   0x000000bc   Code   RO         4065    i.HAL_TIM_PWM_Start  stm32l0xx_hal_tim.o
    0x08003cc0   0x08003cc0   0x00000002   Code   RO         3094    i.HAL_UARTEx_RxEventCallback  stm32l0xx_hal_uart.o
    0x08003cc2   0x08003cc2   0x00000002   Code   RO         3499    i.HAL_UARTEx_WakeupCallback  stm32l0xx_hal_uart_ex.o
    0x08003cc4   0x08003cc4   0x000000c6   Code   RO         3106    i.HAL_UART_DMAStop  stm32l0xx_hal_uart.o
    0x08003d8a   0x08003d8a   0x00000002   PAD
    0x08003d8c   0x08003d8c   0x0000006c   Code   RO          307    i.HAL_UART_ErrorCallback  dma.o
    0x08003df8   0x08003df8   0x000003dc   Code   RO         3113    i.HAL_UART_IRQHandler  stm32l0xx_hal_uart.o
    0x080041d4   0x080041d4   0x0000007e   Code   RO         3114    i.HAL_UART_Init     stm32l0xx_hal_uart.o
    0x08004252   0x08004252   0x00000002   PAD
    0x08004254   0x08004254   0x000001c4   Code   RO          398    i.HAL_UART_MspInit  usart.o
    0x08004418   0x08004418   0x0000008c   Code   RO         3118    i.HAL_UART_Receive_DMA  stm32l0xx_hal_uart.o
    0x080044a4   0x080044a4   0x0000008c   Code   RO         3119    i.HAL_UART_Receive_IT  stm32l0xx_hal_uart.o
    0x08004530   0x08004530   0x0000008c   Code   RO          308    i.HAL_UART_RxCpltCallback  dma.o
    0x080045bc   0x080045bc   0x00000002   Code   RO         3122    i.HAL_UART_RxHalfCpltCallback  stm32l0xx_hal_uart.o
    0x080045be   0x080045be   0x000000e8   Code   RO         3123    i.HAL_UART_Transmit  stm32l0xx_hal_uart.o
    0x080046a6   0x080046a6   0x00000002   Code   RO         3126    i.HAL_UART_TxCpltCallback  stm32l0xx_hal_uart.o
    0x080046a8   0x080046a8   0x00000020   Code   RO          553    i.HardFault_Handler  stm32l0xx_it.o
    0x080046c8   0x080046c8   0x00000050   Code   RO          828    i.I2CReceiveByte    user_iic.o
    0x08004718   0x08004718   0x0000002e   Code   RO          829    i.I2CSendAck        user_iic.o
    0x08004746   0x08004746   0x00000050   Code   RO          830    i.I2CSendByte       user_iic.o
    0x08004796   0x08004796   0x0000002e   Code   RO          831    i.I2CSendNotAck     user_iic.o
    0x080047c4   0x080047c4   0x00000034   Code   RO          832    i.I2CStart          user_iic.o
    0x080047f8   0x080047f8   0x00000034   Code   RO          833    i.I2CStop           user_iic.o
    0x0800482c   0x0800482c   0x00000052   Code   RO          834    i.I2CWaitAck        user_iic.o
    0x0800487e   0x0800487e   0x00000002   PAD
    0x08004880   0x08004880   0x000000a8   Code   RO          554    i.LPUART1_IRQHandler  stm32l0xx_it.o
    0x08004928   0x08004928   0x00000030   Code   RO          671    i.LoRa_GPIO_Init    lora.o
    0x08004958   0x08004958   0x0000012c   Code   RO          673    i.LoRa_Init         lora.o
    0x08004a84   0x08004a84   0x00000060   Code   RO          674    i.LoRa_Set          lora.o
    0x08004ae4   0x08004ae4   0x00000020   Code   RO          835    i.MCP3421_Init      user_iic.o
    0x08004b04   0x08004b04   0x000000e4   Code   RO          742    i.MQTT_PublishQs0   ec800.o
    0x08004be8   0x08004be8   0x000000e4   Code   RO          255    i.MX_ADC_Init       adc.o
    0x08004ccc   0x08004ccc   0x00000054   Code   RO          309    i.MX_DMA_Init       dma.o
    0x08004d20   0x08004d20   0x000001e0   Code   RO          230    i.MX_GPIO_Init      gpio.o
    0x08004f00   0x08004f00   0x00000040   Code   RO          399    i.MX_LPUART1_UART_Init  usart.o
    0x08004f40   0x08004f40   0x000000a4   Code   RO          456    i.MX_RTC_Init       rtc.o
    0x08004fe4   0x08004fe4   0x000000b0   Code   RO          502    i.MX_TIM2_Init      tim.o
    0x08005094   0x08005094   0x00000050   Code   RO          503    i.MX_TIM7_Init      tim.o
    0x080050e4   0x080050e4   0x00000060   Code   RO          400    i.MX_USART1_UART_Init  usart.o
    0x08005144   0x08005144   0x00000060   Code   RO          401    i.MX_USART2_UART_Init  usart.o
    0x080051a4   0x080051a4   0x000004e8   Code   RO         1000    i.Motor_BD          control.o
    0x0800568c   0x0800568c   0x00000348   Code   RO         1001    i.Motor_Control     control.o
    0x080059d4   0x080059d4   0x00000004   Code   RO          555    i.NMI_Handler       stm32l0xx_it.o
    0x080059d8   0x080059d8   0x00000002   Code   RO          556    i.PendSV_Handler    stm32l0xx_it.o
    0x080059da   0x080059da   0x00000002   PAD
    0x080059dc   0x080059dc   0x00000098   Code   RO          836    i.READ_MCP3421      user_iic.o
    0x08005a74   0x08005a74   0x0000001a   Code   RO         3611    i.RTC_Bcd2ToByte    stm32l0xx_hal_rtc.o
    0x08005a8e   0x08005a8e   0x0000001a   Code   RO         3612    i.RTC_ByteToBcd2    stm32l0xx_hal_rtc.o
    0x08005aa8   0x08005aa8   0x00000052   Code   RO         3613    i.RTC_EnterInitMode  stm32l0xx_hal_rtc.o
    0x08005afa   0x08005afa   0x00000034   Code   RO         3614    i.RTC_ExitInitMode  stm32l0xx_hal_rtc.o
    0x08005b2e   0x08005b2e   0x00000002   PAD
    0x08005b30   0x08005b30   0x00000010   Code   RO          557    i.RTC_IRQHandler    stm32l0xx_it.o
    0x08005b40   0x08005b40   0x00000074   Code   RO          457    i.RTC_Time          rtc.o
    0x08005bb4   0x08005bb4   0x00000028   Code   RO          837    i.SCL_Output        user_iic.o
    0x08005bdc   0x08005bdc   0x0000001c   Code   RO          838    i.SDA_Input         user_iic.o
    0x08005bf8   0x08005bf8   0x00000030   Code   RO          839    i.SDA_Input_Mode    user_iic.o
    0x08005c28   0x08005c28   0x00000028   Code   RO          840    i.SDA_Output        user_iic.o
    0x08005c50   0x08005c50   0x00000030   Code   RO          841    i.SDA_Output_Mode   user_iic.o
    0x08005c80   0x08005c80   0x00000002   Code   RO          558    i.SVC_Handler       stm32l0xx_it.o
    0x08005c82   0x08005c82   0x00000002   PAD
    0x08005c84   0x08005c84   0x00000020   Code   RO          559    i.SysTick_Handler   stm32l0xx_it.o
    0x08005ca4   0x08005ca4   0x000000c4   Code   RO           14    i.SystemClock_Config  main.o
    0x08005d68   0x08005d68   0x00000002   Code   RO         4717    i.SystemInit        system_stm32l0xx.o
    0x08005d6a   0x08005d6a   0x00000030   Code   RO          842    i.TCA9548A_SetChannel  user_iic.o
    0x08005d9a   0x08005d9a   0x00000002   PAD
    0x08005d9c   0x08005d9c   0x0000005c   Code   RO          560    i.TIM7_IRQHandler   stm32l0xx_it.o
    0x08005df8   0x08005df8   0x0000007c   Code   RO         4078    i.TIM_Base_SetConfig  stm32l0xx_hal_tim.o
    0x08005e74   0x08005e74   0x00000022   Code   RO         4079    i.TIM_CCxChannelCmd  stm32l0xx_hal_tim.o
    0x08005e96   0x08005e96   0x0000001c   Code   RO         4089    i.TIM_ETR_SetConfig  stm32l0xx_hal_tim.o
    0x08005eb2   0x08005eb2   0x00000018   Code   RO         4090    i.TIM_ITRx_SetConfig  stm32l0xx_hal_tim.o
    0x08005eca   0x08005eca   0x00000038   Code   RO         4091    i.TIM_OC1_SetConfig  stm32l0xx_hal_tim.o
    0x08005f02   0x08005f02   0x00000044   Code   RO         4092    i.TIM_OC2_SetConfig  stm32l0xx_hal_tim.o
    0x08005f46   0x08005f46   0x0000003e   Code   RO         4093    i.TIM_OC3_SetConfig  stm32l0xx_hal_tim.o
    0x08005f84   0x08005f84   0x00000048   Code   RO         4094    i.TIM_OC4_SetConfig  stm32l0xx_hal_tim.o
    0x08005fcc   0x08005fcc   0x00000032   Code   RO         4096    i.TIM_TI1_ConfigInputStage  stm32l0xx_hal_tim.o
    0x08005ffe   0x08005ffe   0x00000032   Code   RO         4098    i.TIM_TI2_ConfigInputStage  stm32l0xx_hal_tim.o
    0x08006030   0x08006030   0x000001f4   Code   RO         1111    i.U1PassiveEvent    user_usart.o
    0x08006224   0x08006224   0x00000300   Code   RO          675    i.U2PassiveEvent    lora.o
    0x08006524   0x08006524   0x000000f0   Code   RO         3128    i.UART_AdvFeatureConfig  stm32l0xx_hal_uart.o
    0x08006614   0x08006614   0x00000100   Code   RO         3129    i.UART_CheckIdleState  stm32l0xx_hal_uart.o
    0x08006714   0x08006714   0x0000001c   Code   RO          744    i.UART_Clear        ec800.o
    0x08006730   0x08006730   0x00000018   Code   RO         3130    i.UART_DMAAbortOnError  stm32l0xx_hal_uart.o
    0x08006748   0x08006748   0x00000058   Code   RO         3131    i.UART_DMAError     stm32l0xx_hal_uart.o
    0x080067a0   0x080067a0   0x000000cc   Code   RO         3132    i.UART_DMAReceiveCplt  stm32l0xx_hal_uart.o
    0x0800686c   0x0800686c   0x00000026   Code   RO         3134    i.UART_DMARxHalfCplt  stm32l0xx_hal_uart.o
    0x08006892   0x08006892   0x00000080   Code   RO         3140    i.UART_EndRxTransfer  stm32l0xx_hal_uart.o
    0x08006912   0x08006912   0x00000036   Code   RO         3141    i.UART_EndTransmit_IT  stm32l0xx_hal_uart.o
    0x08006948   0x08006948   0x0000002c   Code   RO         3142    i.UART_EndTxTransfer  stm32l0xx_hal_uart.o
    0x08006974   0x08006974   0x00000130   Code   RO         3143    i.UART_RxISR_16BIT  stm32l0xx_hal_uart.o
    0x08006aa4   0x08006aa4   0x00000130   Code   RO         3144    i.UART_RxISR_8BIT   stm32l0xx_hal_uart.o
    0x08006bd4   0x08006bd4   0x000000a0   Code   RO          745    i.UART_SendCmd      ec800.o
    0x08006c74   0x08006c74   0x00000330   Code   RO         3145    i.UART_SetConfig    stm32l0xx_hal_uart.o
    0x08006fa4   0x08006fa4   0x000000dc   Code   RO         3146    i.UART_Start_Receive_DMA  stm32l0xx_hal_uart.o
    0x08007080   0x08007080   0x00000120   Code   RO         3147    i.UART_Start_Receive_IT  stm32l0xx_hal_uart.o
    0x080071a0   0x080071a0   0x000000ac   Code   RO         3150    i.UART_WaitOnFlagUntilTimeout  stm32l0xx_hal_uart.o
    0x0800724c   0x0800724c   0x00000020   Code   RO          746    i.UART_WaitRecive   ec800.o
    0x0800726c   0x0800726c   0x00000064   Code   RO          310    i.USART1_DMAHandler  dma.o
    0x080072d0   0x080072d0   0x000000a8   Code   RO          561    i.USART1_IRQHandler  stm32l0xx_it.o
    0x08007378   0x08007378   0x00000064   Code   RO          311    i.USART2_DMAHandler  dma.o
    0x080073dc   0x080073dc   0x000000a8   Code   RO          562    i.USART2_IRQHandler  stm32l0xx_it.o
    0x08007484   0x08007484   0x00000024   Code   RO          747    i.Usart_SendString  ec800.o
    0x080074a8   0x080074a8   0x00000022   Code   RO          843    i.Write_MCP3421     user_iic.o
    0x080074ca   0x080074ca   0x00000002   PAD
    0x080074cc   0x080074cc   0x00000020   Code   RO         4985    i.__0printf$8       mc_p.l(printf8.o)
    0x080074ec   0x080074ec   0x00000028   Code   RO         4987    i.__0sprintf$8      mc_p.l(printf8.o)
    0x08007514   0x08007514   0x0000002e   Code   RO         5108    i.__ARM_clz         mf_p.l(depilogue.o)
    0x08007542   0x08007542   0x00000030   Code   RO         2187    i.__ARM_common_ll_muluu  stm32l0xx_hal_rcc.o
    0x08007572   0x08007572   0x0000001c   Code   RO          728    i.__ARM_common_switch8  lora.o
    0x0800758e   0x0800758e   0x00000002   PAD
    0x08007590   0x08007590   0x00000078   Code   RO         2920    i.__NVIC_SetPriority  stm32l0xx_hal_cortex.o
    0x08007608   0x08007608   0x00000034   Code   RO         1112    i.__NVIC_SystemReset  user_usart.o
    0x0800763c   0x0800763c   0x00000008   Code   RO         5094    i.__aeabi_errno_addr  mc_p.l(errno.o)
    0x08007644   0x08007644   0x00000006   Code   RO         3151    i.__get_PRIMASK     stm32l0xx_hal_uart.o
    0x0800764a   0x0800764a   0x0000000e   Code   RO         5154    i.__scatterload_copy  mc_p.l(handlers.o)
    0x08007658   0x08007658   0x00000002   Code   RO         5155    i.__scatterload_null  mc_p.l(handlers.o)
    0x0800765a   0x0800765a   0x0000000e   Code   RO         5156    i.__scatterload_zeroinit  mc_p.l(handlers.o)
    0x08007668   0x08007668   0x00000006   Code   RO         3152    i.__set_PRIMASK     stm32l0xx_hal_uart.o
    0x0800766e   0x0800766e   0x00000002   PAD
    0x08007670   0x08007670   0x00000428   Code   RO         4992    i._printf_core      mc_p.l(printf8.o)
    0x08007a98   0x08007a98   0x00000020   Code   RO         4993    i._printf_post_padding  mc_p.l(printf8.o)
    0x08007ab8   0x08007ab8   0x0000002c   Code   RO         4994    i._printf_pre_padding  mc_p.l(printf8.o)
    0x08007ae4   0x08007ae4   0x0000000a   Code   RO         4996    i._sputc            mc_p.l(printf8.o)
    0x08007aee   0x08007aee   0x00000024   Code   RO          748    i.at_cmd            ec800.o
    0x08007b12   0x08007b12   0x00000002   PAD
    0x08007b14   0x08007b14   0x00000088   Code   RO         1002    i.calculateBatteryPercentage  control.o
    0x08007b9c   0x08007b9c   0x000000bc   Code   RO         1003    i.calculateCCR      control.o
    0x08007c58   0x08007c58   0x00000024   Code   RO         1004    i.calculateMotorAngle_2t  control.o
    0x08007c7c   0x08007c7c   0x00000024   Code   RO         1005    i.calculateMotorAngle_4t  control.o
    0x08007ca0   0x08007ca0   0x00000090   Code   RO         1006    i.calculateRange    control.o
    0x08007d30   0x08007d30   0x000000c4   Code   RO          943    i.clock_config_after_stop  stop.o
    0x08007df4   0x08007df4   0x0000000c   Code   RO          844    i.delay1            user_iic.o
    0x08007e00   0x08007e00   0x00000080   Code   RO          944    i.enter_stop_rtc_mode  stop.o
    0x08007e80   0x08007e80   0x00000018   Code   RO          402    i.fputc             usart.o
    0x08007e98   0x08007e98   0x00000118   Code   RO          749    i.get_A1_data       ec800.o
    0x08007fb0   0x08007fb0   0x0000008c   Code   RO          750    i.get_A3_data       ec800.o
    0x0800803c   0x0800803c   0x00000240   Code   RO          751    i.get_A4_data       ec800.o
    0x0800827c   0x0800827c   0x00000138   Code   RO          945    i.gpioInit          stop.o
    0x080083b4   0x080083b4   0x00000078   Code   RO          946    i.lora_enter_stop_rtc_mode  stop.o
    0x0800842c   0x0800842c   0x00000088   Code   RO          676    i.lora_get_A1_data  lora.o
    0x080084b4   0x080084b4   0x0000005c   Code   RO          677    i.lora_get_A3_data  lora.o
    0x08008510   0x08008510   0x00000210   Code   RO          678    i.lora_get_A4_data  lora.o
    0x08008720   0x08008720   0x0000049c   Code   RO           15    i.main              main.o
    0x08008bbc   0x08008bbc   0x00000024   Code   RO         1007    i.mcu_eeprom_read   control.o
    0x08008be0   0x08008be0   0x00000048   Code   RO         1008    i.mcu_eeprom_write  control.o
    0x08008c28   0x08008c28   0x00000150   Code   RO         1009    i.read_SW           control.o
    0x08008d78   0x08008d78   0x0000009c   Code   RO         4747    i.round             m_ps.l(round.o)
    0x08008e14   0x08008e14   0x0000001c   Code   RO          947    i.stop_rtc_config   stop.o
    0x08008e30   0x08008e30   0x0000016c   Code   RO          948    i.system_config_before_stop  stop.o
    0x08008f9c   0x08008f9c   0x00000021   Data   RO         4718    .constdata          system_stm32l0xx.o
    0x08008fbd   0x08008fbd   0x00000081   Data   RO         5121    .constdata          mc_p.l(ctype_o.o)
    0x0800903e   0x0800903e   0x00000002   PAD
    0x08009040   0x08009040   0x00000004   Data   RO         5122    .constdata          mc_p.l(ctype_o.o)
    0x08009044   0x08009044   0x00000020   Data   RO         5152    Region$$Table       anon$$obj.o


    Execution Region RW_IRAM1 (Exec base: 0x20000000, Load base: 0x08009064, Size: 0x000013f0, Max: 0x00005000, ABSOLUTE, COMPRESSED[0x000000b4])

    Exec Addr    Load Addr    Size         Type   Attr      Idx    E Section Name        Object

    0x20000000   COMPRESSED   0x00000014   Data   RW          257    .data               adc.o
    0x20000014   COMPRESSED   0x00000010   Data   RW          313    .data               dma.o
    0x20000024   COMPRESSED   0x00000008   Data   RW          459    .data               rtc.o
    0x2000002c   COMPRESSED   0x0000000c   Data   RW          679    .data               lora.o
    0x20000038   COMPRESSED   0x00000104   Data   RW          753    .data               ec800.o
    0x2000013c   COMPRESSED   0x00000065   Data   RW         1010    .data               control.o
    0x200001a1   COMPRESSED   0x00000003   PAD
    0x200001a4   COMPRESSED   0x00000009   Data   RW         1407    .data               stm32l0xx_hal.o
    0x200001ad   COMPRESSED   0x00000003   PAD
    0x200001b0   COMPRESSED   0x00000004   Data   RW         4719    .data               system_stm32l0xx.o
    0x200001b4   COMPRESSED   0x00000004   Data   RW         4771    .data               mc_p.l(strtok.o)
    0x200001b8   COMPRESSED   0x00000004   Data   RW         5087    .data               mc_p.l(stdout.o)
    0x200001bc   COMPRESSED   0x00000004   Data   RW         5097    .data               mc_p.l(errno.o)
    0x200001c0        -       0x000003c4   Zero   RW          256    .bss                adc.o
    0x20000584        -       0x000004b0   Zero   RW          312    .bss                dma.o
    0x20000a34        -       0x00000228   Zero   RW          403    .bss                usart.o
    0x20000c5c        -       0x0000004c   Zero   RW          458    .bss                rtc.o
    0x20000ca8        -       0x00000080   Zero   RW          504    .bss                tim.o
    0x20000d28        -       0x000002ac   Zero   RW          752    .bss                ec800.o
    0x20000fd4        -       0x00000018   Zero   RW         2329    .bss                stm32l0xx_hal_flash.o
    0x20000fec   COMPRESSED   0x00000004   PAD
    0x20000ff0        -       0x00000400   Zero   RW            1    STACK               startup_stm32l071xx.o


==============================================================================

Image component sizes


      Code (inc. data)   RO Data    RW Data    ZI Data      Debug   Object Name

       708         94          0         20        964       3516   adc.o
      3170        690          0        101          0       8927   control.o
       532        138          0         16       1200       3667   dma.o
      2584        874          0        260        684       9125   ec800.o
       480         28          0          0          0       1135   gpio.o
      1996        486          0         12          0       7997   lora.o
      1382        260          0          0          0     374396   main.o
       332         76          0          8         76       2162   rtc.o
        28          8        192          0       1024        624   startup_stm32l071xx.o
       208         40          0          9          0       9065   stm32l0xx_hal.o
      1702         62          0          0          0       8350   stm32l0xx_hal_adc.o
       236          0          0          0          0       1458   stm32l0xx_hal_adc_ex.o
       222         26          0          0          0      12085   stm32l0xx_hal_cortex.o
       818         10          0          0          0       5229   stm32l0xx_hal_dma.o
       408         16          0          0         24       6606   stm32l0xx_hal_flash.o
       204         26          0          0          0       2203   stm32l0xx_hal_flash_ex.o
       562         34          0          0          0       3188   stm32l0xx_hal_gpio.o
        32          6          0          0          0        430   stm32l0xx_hal_msp.o
       156         16          0          0          0       1307   stm32l0xx_hal_pwr.o
        40          8          0          0          0       1017   stm32l0xx_hal_pwr_ex.o
      2544        102          0          0          0       6164   stm32l0xx_hal_rcc.o
       596         12          0          0          0       1456   stm32l0xx_hal_rcc_ex.o
      1118         28          0          0          0       7581   stm32l0xx_hal_rtc.o
       636         20          0          0          0       3287   stm32l0xx_hal_rtc_ex.o
      1584         38          0          0          0      12013   stm32l0xx_hal_tim.o
       140         12          0          0          0       1256   stm32l0xx_hal_tim_ex.o
      5022        136          0          0          0      21973   stm32l0xx_hal_uart.o
         2          0          0          0          0        932   stm32l0xx_hal_uart_ex.o
       748         94          0          0          0       6511   stm32l0xx_it.o
      1148        100          0          0          0       4013   stop.o
         2          0         33          4          0       1147   system_stm32l0xx.o
       424         42          0          0        128       2789   tim.o
       732         70          0          0        552       3541   usart.o
       920         38          0          0          0       8847   user_iic.o
       552        110          0          0          0       1729   user_usart.o

    ----------------------------------------------------------------------
     32010       3700        257        436       4656     545726   Object Totals
         0          0         32          0          0          0   (incl. Generated)
        42          0          0          6          4          0   (incl. Padding)

    ----------------------------------------------------------------------

      Code (inc. data)   RO Data    RW Data    ZI Data      Debug   Library Member Name

       156         14          0          0          0         84   round.o
        86          0          0          0          0          0   __dczerorl2.o
        30          0          0          0          0         60   _chval.o
       166          0          0          0          0         84   _strtoul.o
        26          0          0          0          0         72   atoi.o
         8          4        133          0          0         60   ctype_o.o
         0          0          0          0          0          0   entry.o
         0          0          0          0          0          0   entry10a.o
         0          0          0          0          0          0   entry11a.o
         4          0          0          0          0          0   entry12b.o
         8          4          0          0          0          0   entry2.o
         4          0          0          0          0          0   entry5.o
         0          0          0          0          0          0   entry7b.o
         0          0          0          0          0          0   entry8b.o
         8          4          0          0          0          0   entry9a.o
         8          4          0          4          0         60   errno.o
        30          0          0          0          0          0   handlers.o
        40          0          0          0          0         72   idiv.o
        36          8          0          0          0         68   init.o
         0          0          0          0          0          0   iusefp.o
        32          0          0          0          0         68   llshl.o
        38          0          0          0          0         68   llsshr.o
        34          0          0          0          0         68   llushr.o
        36          0          0          0          0         60   memcpya.o
        36          0          0          0          0        100   memseta.o
      1222         56          0          0          0        468   printf8.o
         0          0          0          4          0          0   stdout.o
        28          0          0          0          0         68   strcmp.o
        18          0          0          0          0         60   strcpy.o
        26          0          0          0          0         68   strncpy.o
        40          0          0          0          0         72   strstr.o
        72          4          0          4          0         72   strtok.o
       112          4          0          0          0         76   strtol.o
        44          0          0          0          0         72   uidiv.o
        96          0          0          0          0         84   uldiv.o
        40          2          0          0          0         68   cdcmple.o
        40          2          0          0          0         68   cdrcmple.o
        20          0          0          0          0         68   cfcmple.o
        20          0          0          0          0         68   cfrcmple.o
        56          0          0          0          0         68   d2f.o
       360          6          0          0          0        140   dadd.o
       240          6          0          0          0         84   ddiv.o
       236          0          0          0          0        216   depilogue.o
        72         10          0          0          0         72   dfixi.o
        28          4          0          0          0         68   dfltui.o
       208          6          0          0          0         88   dmul.o
       124         10          0          0          0         76   drnd.o
        40          0          0          0          0         60   f2d.o
       178          0          0          0          0        108   fadd.o
       124          0          0          0          0         72   fdiv.o
       130          0          0          0          0        144   fepilogue.o
        40          0          0          0          0         60   ffixui.o
        22          0          0          0          0         68   fflti.o
        14          0          0          0          0         68   ffltui.o
       122          0          0          0          0         72   fmul.o

    ----------------------------------------------------------------------
      4562        148        135         12          0       3700   Library Totals
         4          0          2          0          0          0   (incl. Padding)

    ----------------------------------------------------------------------

      Code (inc. data)   RO Data    RW Data    ZI Data      Debug   Library Name

       156         14          0          0          0         84   m_ps.l
      2288         88        133         12          0       1880   mc_p.l
      2114         46          0          0          0       1736   mf_p.l

    ----------------------------------------------------------------------
      4562        148        135         12          0       3700   Library Totals

    ----------------------------------------------------------------------

==============================================================================


      Code (inc. data)   RO Data    RW Data    ZI Data      Debug   

     36572       3848        392        448       4656     538838   Grand Totals
     36572       3848        392        180       4656     538838   ELF Image Totals (compressed)
     36572       3848        392        180          0          0   ROM Totals

==============================================================================

    Total RO  Size (Code + RO Data)                36964 (  36.10kB)
    Total RW  Size (RW Data + ZI Data)              5104 (   4.98kB)
    Total ROM Size (Code + RO Data + RW Data)      37144 (  36.27kB)

==============================================================================

