Component: ARM Compiler 5.06 update 7 (build 960) Tool: armlink [4d3601]

==============================================================================

Section Cross References

    startup_stm32l071xx.o(RESET) refers to startup_stm32l071xx.o(STACK) for __initial_sp
    startup_stm32l071xx.o(RESET) refers to startup_stm32l071xx.o(.text) for Reset_Handler
    startup_stm32l071xx.o(RESET) refers to stm32l0xx_it.o(i.NMI_Handler) for NMI_Handler
    startup_stm32l071xx.o(RESET) refers to stm32l0xx_it.o(i.HardFault_Handler) for HardFault_Handler
    startup_stm32l071xx.o(RESET) refers to stm32l0xx_it.o(i.SVC_Handler) for SVC_Handler
    startup_stm32l071xx.o(RESET) refers to stm32l0xx_it.o(i.PendSV_Handler) for PendSV_Handler
    startup_stm32l071xx.o(RESET) refers to stm32l0xx_it.o(i.SysTick_Handler) for SysTick_Handler
    startup_stm32l071xx.o(RESET) refers to stm32l0xx_it.o(i.RTC_IRQHandler) for RTC_IRQHandler
    startup_stm32l071xx.o(RESET) refers to stm32l0xx_it.o(i.DMA1_Channel1_IRQHandler) for DMA1_Channel1_IRQHandler
    startup_stm32l071xx.o(RESET) refers to stm32l0xx_it.o(i.DMA1_Channel2_3_IRQHandler) for DMA1_Channel2_3_IRQHandler
    startup_stm32l071xx.o(RESET) refers to stm32l0xx_it.o(i.DMA1_Channel4_5_6_7_IRQHandler) for DMA1_Channel4_5_6_7_IRQHandler
    startup_stm32l071xx.o(RESET) refers to stm32l0xx_it.o(i.ADC1_COMP_IRQHandler) for ADC1_COMP_IRQHandler
    startup_stm32l071xx.o(RESET) refers to stm32l0xx_it.o(i.TIM7_IRQHandler) for TIM7_IRQHandler
    startup_stm32l071xx.o(RESET) refers to stm32l0xx_it.o(i.USART1_IRQHandler) for USART1_IRQHandler
    startup_stm32l071xx.o(RESET) refers to stm32l0xx_it.o(i.USART2_IRQHandler) for USART2_IRQHandler
    startup_stm32l071xx.o(RESET) refers to stm32l0xx_it.o(i.LPUART1_IRQHandler) for LPUART1_IRQHandler
    startup_stm32l071xx.o(.text) refers to system_stm32l0xx.o(i.SystemInit) for SystemInit
    startup_stm32l071xx.o(.text) refers to entry.o(.ARM.Collect$$$$00000000) for __main
    main.o(i.SystemClock_Config) refers to memseta.o(.text) for __aeabi_memclr4
    main.o(i.SystemClock_Config) refers to stm32l0xx_hal_pwr.o(i.HAL_PWR_EnableBkUpAccess) for HAL_PWR_EnableBkUpAccess
    main.o(i.SystemClock_Config) refers to stm32l0xx_hal_rcc.o(i.HAL_RCC_OscConfig) for HAL_RCC_OscConfig
    main.o(i.SystemClock_Config) refers to main.o(i.Error_Handler) for Error_Handler
    main.o(i.SystemClock_Config) refers to stm32l0xx_hal_rcc.o(i.HAL_RCC_ClockConfig) for HAL_RCC_ClockConfig
    main.o(i.SystemClock_Config) refers to stm32l0xx_hal_rcc_ex.o(i.HAL_RCCEx_PeriphCLKConfig) for HAL_RCCEx_PeriphCLKConfig
    main.o(i.main) refers to stm32l0xx_hal.o(i.HAL_Init) for HAL_Init
    main.o(i.main) refers to main.o(i.SystemClock_Config) for SystemClock_Config
    main.o(i.main) refers to gpio.o(i.MX_GPIO_Init) for MX_GPIO_Init
    main.o(i.main) refers to dma.o(i.MX_DMA_Init) for MX_DMA_Init
    main.o(i.main) refers to adc.o(i.MX_ADC_Init) for MX_ADC_Init
    main.o(i.main) refers to tim.o(i.MX_TIM2_Init) for MX_TIM2_Init
    main.o(i.main) refers to rtc.o(i.MX_RTC_Init) for MX_RTC_Init
    main.o(i.main) refers to i2c.o(i.MX_I2C2_Init) for MX_I2C2_Init
    main.o(i.main) refers to usart.o(i.MX_LPUART1_UART_Init) for MX_LPUART1_UART_Init
    main.o(i.main) refers to usart.o(i.MX_USART1_UART_Init) for MX_USART1_UART_Init
    main.o(i.main) refers to usart.o(i.MX_USART2_UART_Init) for MX_USART2_UART_Init
    main.o(i.main) refers to tim.o(i.MX_TIM7_Init) for MX_TIM7_Init
    main.o(i.main) refers to stm32l0xx_hal_uart.o(i.HAL_UART_Receive_IT) for HAL_UART_Receive_IT
    main.o(i.main) refers to stm32l0xx_hal_tim.o(i.HAL_TIM_Base_Start_IT) for HAL_TIM_Base_Start_IT
    main.o(i.main) refers to stm32l0xx_hal_gpio.o(i.HAL_GPIO_WritePin) for HAL_GPIO_WritePin
    main.o(i.main) refers to adc.o(i.Adc_start) for Adc_start
    main.o(i.main) refers to control.o(i.mcu_eeprom_write) for mcu_eeprom_write
    main.o(i.main) refers to control.o(i.Motor_BD) for Motor_BD
    main.o(i.main) refers to control.o(i.mcu_eeprom_read) for mcu_eeprom_read
    main.o(i.main) refers to ec800.o(i.EC20_Init) for EC20_Init
    main.o(i.main) refers to lora.o(i.LoRa_Init) for LoRa_Init
    main.o(i.main) refers to printf8.o(i.__0printf$8) for __2printf
    main.o(i.main) refers to stm32l0xx_hal_tim.o(i.HAL_TIM_PWM_Start) for HAL_TIM_PWM_Start
    main.o(i.main) refers to rtc.o(i.RTC_Time) for RTC_Time
    main.o(i.main) refers to adc.o(i.Get_Adc_Value) for Get_Adc_Value
    main.o(i.main) refers to control.o(i.read_SW) for read_SW
    main.o(i.main) refers to user_usart.o(i.U1PassiveEvent) for U1PassiveEvent
    main.o(i.main) refers to memseta.o(.text) for __aeabi_memclr
    main.o(i.main) refers to strstr.o(.text) for strstr
    main.o(i.main) refers to printf8.o(i.__0sprintf$8) for __2sprintf
    main.o(i.main) refers to ec800.o(i.MQTT_PublishQs0) for MQTT_PublishQs0
    main.o(i.main) refers to ec800.o(i.get_A1_data) for get_A1_data
[...]
    TIM_TI1_ConfigInputStage                 0x080062d9   Thumb Code    50  stm32l0xx_hal_tim.o(i.TIM_TI1_ConfigInputStage)
    i.TIM_TI2_ConfigInputStage               0x0800630a   Section        0  stm32l0xx_hal_tim.o(i.TIM_TI2_ConfigInputStage)
    TIM_TI2_ConfigInputStage                 0x0800630b   Thumb Code    50  stm32l0xx_hal_tim.o(i.TIM_TI2_ConfigInputStage)
    i.U1PassiveEvent                         0x0800633c   Section        0  user_usart.o(i.U1PassiveEvent)
    i.U2PassiveEvent                         0x08006520   Section        0  lora.o(i.U2PassiveEvent)
    i.UART_AdvFeatureConfig                  0x08006824   Section        0  stm32l0xx_hal_uart.o(i.UART_AdvFeatureConfig)
    i.UART_CheckIdleState                    0x08006914   Section        0  stm32l0xx_hal_uart.o(i.UART_CheckIdleState)
    i.UART_Clear                             0x08006a14   Section        0  ec800.o(i.UART_Clear)
    i.UART_DMAAbortOnError                   0x08006a30   Section        0  stm32l0xx_hal_uart.o(i.UART_DMAAbortOnError)
    UART_DMAAbortOnError                     0x08006a31   Thumb Code    24  stm32l0xx_hal_uart.o(i.UART_DMAAbortOnError)
    i.UART_DMAError                          0x08006a48   Section        0  stm32l0xx_hal_uart.o(i.UART_DMAError)
    UART_DMAError                            0x08006a49   Thumb Code    88  stm32l0xx_hal_uart.o(i.UART_DMAError)
    i.UART_DMAReceiveCplt                    0x08006aa0   Section        0  stm32l0xx_hal_uart.o(i.UART_DMAReceiveCplt)
    UART_DMAReceiveCplt                      0x08006aa1   Thumb Code   204  stm32l0xx_hal_uart.o(i.UART_DMAReceiveCplt)
    i.UART_DMARxHalfCplt                     0x08006b6c   Section        0  stm32l0xx_hal_uart.o(i.UART_DMARxHalfCplt)
    UART_DMARxHalfCplt                       0x08006b6d   Thumb Code    38  stm32l0xx_hal_uart.o(i.UART_DMARxHalfCplt)
    i.UART_EndRxTransfer                     0x08006b92   Section        0  stm32l0xx_hal_uart.o(i.UART_EndRxTransfer)
    UART_EndRxTransfer                       0x08006b93   Thumb Code   128  stm32l0xx_hal_uart.o(i.UART_EndRxTransfer)
    i.UART_EndTransmit_IT                    0x08006c12   Section        0  stm32l0xx_hal_uart.o(i.UART_EndTransmit_IT)
    UART_EndTransmit_IT                      0x08006c13   Thumb Code    54  stm32l0xx_hal_uart.o(i.UART_EndTransmit_IT)
    i.UART_EndTxTransfer                     0x08006c48   Section        0  stm32l0xx_hal_uart.o(i.UART_EndTxTransfer)
    UART_EndTxTransfer                       0x08006c49   Thumb Code    44  stm32l0xx_hal_uart.o(i.UART_EndTxTransfer)
    i.UART_RxISR_16BIT                       0x08006c74   Section        0  stm32l0xx_hal_uart.o(i.UART_RxISR_16BIT)
    UART_RxISR_16BIT                         0x08006c75   Thumb Code   298  stm32l0xx_hal_uart.o(i.UART_RxISR_16BIT)
    i.UART_RxISR_8BIT                        0x08006da4   Section        0  stm32l0xx_hal_uart.o(i.UART_RxISR_8BIT)
    UART_RxISR_8BIT                          0x08006da5   Thumb Code   298  stm32l0xx_hal_uart.o(i.UART_RxISR_8BIT)
    i.UART_SendCmd                           0x08006ed4   Section        0  ec800.o(i.UART_SendCmd)
    i.UART_SetConfig                         0x08006f74   Section        0  stm32l0xx_hal_uart.o(i.UART_SetConfig)
    i.UART_Start_Receive_DMA                 0x080072a4   Section        0  stm32l0xx_hal_uart.o(i.UART_Start_Receive_DMA)
    i.UART_Start_Receive_IT                  0x08007380   Section        0  stm32l0xx_hal_uart.o(i.UART_Start_Receive_IT)
    i.UART_WaitOnFlagUntilTimeout            0x080074a0   Section        0  stm32l0xx_hal_uart.o(i.UART_WaitOnFlagUntilTimeout)
    i.UART_WaitRecive                        0x0800754c   Section        0  ec800.o(i.UART_WaitRecive)
    i.USART1_DMAHandler                      0x0800756c   Section        0  dma.o(i.USART1_DMAHandler)
    i.USART1_IRQHandler                      0x080075d0   Section        0  stm32l0xx_it.o(i.USART1_IRQHandler)
    i.USART2_DMAHandler                      0x0800767c   Section        0  dma.o(i.USART2_DMAHandler)
    i.USART2_IRQHandler                      0x080076e0   Section        0  stm32l0xx_it.o(i.USART2_IRQHandler)
    i.Usart_SendString                       0x08007790   Section        0  ec800.o(i.Usart_SendString)
    i.Voltage_Convert                        0x080077b4   Section        0  user_iic.o(i.Voltage_Convert)
    i.__0printf$8                            0x0800783c   Section        0  printf8.o(i.__0printf$8)
    i.__0sprintf$8                           0x0800785c   Section        0  printf8.o(i.__0sprintf$8)
    i.__ARM_clz                              0x08007884   Section        0  depilogue.o(i.__ARM_clz)
    i.__ARM_common_ll_muluu                  0x080078b2   Section        0  stm32l0xx_hal_rcc.o(i.__ARM_common_ll_muluu)
    i.__ARM_common_switch8                   0x080078e2   Section        0  lora.o(i.__ARM_common_switch8)
    i.__NVIC_SetPriority                     0x08007900   Section        0  stm32l0xx_hal_cortex.o(i.__NVIC_SetPriority)
    __NVIC_SetPriority                       0x08007901   Thumb Code   110  stm32l0xx_hal_cortex.o(i.__NVIC_SetPriority)
    i.__NVIC_SystemReset                     0x08007978   Section        0  user_usart.o(i.__NVIC_SystemReset)
    __NVIC_SystemReset                       0x08007979   Thumb Code    44  user_usart.o(i.__NVIC_SystemReset)
    i.__aeabi_errno_addr                     0x080079ac   Section        0  errno.o(i.__aeabi_errno_addr)
    i.__get_PRIMASK                          0x080079b4   Section        0  stm32l0xx_hal_uart.o(i.__get_PRIMASK)
    __get_PRIMASK                            0x080079b5   Thumb Code     6  stm32l0xx_hal_uart.o(i.__get_PRIMASK)
    i.__scatterload_copy                     0x080079ba   Section       14  handlers.o(i.__scatterload_copy)
    i.__scatterload_null                     0x080079c8   Section        2  handlers.o(i.__scatterload_null)
    i.__scatterload_zeroinit                 0x080079ca   Section       14  handlers.o(i.__scatterload_zeroinit)
    i.__set_PRIMASK                          0x080079d8   Section        0  stm32l0xx_hal_uart.o(i.__set_PRIMASK)
    __set_PRIMASK                            0x080079d9   Thumb Code     6  stm32l0xx_hal_uart.o(i.__set_PRIMASK)
    i._printf_core                           0x080079e0   Section        0  printf8.o(i._printf_core)
    _printf_core                             0x080079e1   Thumb Code  1020  printf8.o(i._printf_core)
    i._printf_post_padding                   0x08007e08   Section        0  printf8.o(i._printf_post_padding)
    _printf_post_padding                     0x08007e09   Thumb Code    32  printf8.o(i._printf_post_padding)
    i._printf_pre_padding                    0x08007e28   Section        0  printf8.o(i._printf_pre_padding)
    _printf_pre_padding                      0x08007e29   Thumb Code    44  printf8.o(i._printf_pre_padding)
    i._sputc                                 0x08007e54   Section        0  printf8.o(i._sputc)
    _sputc                                   0x08007e55   Thumb Code    10  printf8.o(i._sputc)
    i.at_cmd                                 0x08007e5e   Section        0  ec800.o(i.at_cmd)
    i.calculateBatteryPercentage             0x08007e84   Section        0  control.o(i.calculateBatteryPercentage)
    calculateBatteryPercentage               0x08007e85   Thumb Code   130  control.o(i.calculateBatteryPercentage)
    i.clock_config_after_stop                0x08007f0c   Section        0  stop.o(i.clock_config_after_stop)
    clock_config_after_stop                  0x08007f0d   Thumb Code   184  stop.o(i.clock_config_after_stop)
    i.enter_stop_rtc_mode                    0x08007fcc   Section        0  stop.o(i.enter_stop_rtc_mode)
    i.fputc                                  0x08008040   Section        0  usart.o(i.fputc)
    i.get_A1_data                            0x08008058   Section        0  ec800.o(i.get_A1_data)
    i.get_A3_data                            0x08008184   Section        0  ec800.o(i.get_A3_data)
    i.get_A4_data                            0x08008210   Section        0  ec800.o(i.get_A4_data)
    i.gpioInit                               0x08008450   Section        0  stop.o(i.gpioInit)
    gpioInit                                 0x08008451   Thumb Code   306  stop.o(i.gpioInit)
    i.lora_enter_stop_rtc_mode               0x0800858c   Section        0  stop.o(i.lora_enter_stop_rtc_mode)
    i.lora_get_A1_data                       0x080085f8   Section        0  lora.o(i.lora_get_A1_data)
    lora_get_A1_data                         0x080085f9   Thumb Code   148  lora.o(i.lora_get_A1_data)
    i.lora_get_A3_data                       0x08008694   Section        0  lora.o(i.lora_get_A3_data)
    lora_get_A3_data                         0x08008695   Thumb Code    68  lora.o(i.lora_get_A3_data)
    i.lora_get_A4_data                       0x080086f0   Section        0  lora.o(i.lora_get_A4_data)
    lora_get_A4_data                         0x080086f1   Thumb Code   400  lora.o(i.lora_get_A4_data)
    i.main                                   0x08008900   Section        0  main.o(i.main)
    i.mcu_eeprom_read                        0x08008d90   Section        0  control.o(i.mcu_eeprom_read)
    i.mcu_eeprom_write                       0x08008db4   Section        0  control.o(i.mcu_eeprom_write)
    i.read_SW                                0x08008dfc   Section        0  control.o(i.read_SW)
    i.round                                  0x08009038   Section        0  round.o(i.round)
    i.stop_rtc_config                        0x080090d4   Section        0  stop.o(i.stop_rtc_config)
    stop_rtc_config                          0x080090d5   Thumb Code    22  stop.o(i.stop_rtc_config)
    i.system_config_before_stop              0x080090f0   Section        0  stop.o(i.system_config_before_stop)
    system_config_before_stop                0x080090f1   Thumb Code   286  stop.o(i.system_config_before_stop)
    .constdata                               0x08009234   Section      512  modbus_crc.o(.constdata)
    .constdata                               0x08009434   Section       33  system_stm32l0xx.o(.constdata)
    .constdata                               0x08009455   Section      129  ctype_o.o(.constdata)
    .constdata                               0x080094d8   Section        4  ctype_o.o(.constdata)
    table                                    0x080094d8   Data           4  ctype_o.o(.constdata)
    .data                                    0x20000000   Section       20  adc.o(.data)
    adc_max                                  0x20000002   Data           2  adc.o(.data)
    adc_min                                  0x20000004   Data           2  adc.o(.data)
    adc_add                                  0x20000008   Data           4  adc.o(.data)
    .data                                    0x20000014   Section       16  dma.o(.data)
    .data                                    0x20000024   Section        8  rtc.o(.data)
    .data                                    0x2000002c   Section       12  lora.o(.data)
    .data                                    0x20000038   Section      260  ec800.o(.data)
    at                                       0x20000134   Data           8  ec800.o(.data)
    .data                                    0x2000013c   Section      101  control.o(.data)
    .data                                    0x200001a4   Section        9  stm32l0xx_hal.o(.data)
    .data                                    0x200001b0   Section        4  system_stm32l0xx.o(.data)
    .data                                    0x200001b4   Section        4  strtok.o(.data)
    state                                    0x200001b4   Data           4  strtok.o(.data)
    .data                                    0x200001b8   Section        4  stdout.o(.data)
    .data                                    0x200001bc   Section        4  errno.o(.data)
    _errno                                   0x200001bc   Data           4  errno.o(.data)
    .bss                                     0x200001c0   Section      964  adc.o(.bss)
    .bss                                     0x20000584   Section     1200  dma.o(.bss)
    .bss                                     0x20000a34   Section       84  i2c.o(.bss)
    .bss                                     0x20000a88   Section      552  usart.o(.bss)
    .bss                                     0x20000cb0   Section       76  rtc.o(.bss)
    .bss                                     0x20000cfc   Section      128  tim.o(.bss)
    .bss                                     0x20000d7c   Section      680  ec800.o(.bss)
    .bss                                     0x20001024   Section       24  stm32l0xx_hal_flash.o(.bss)
    STACK                                    0x20001040   Section     1024  startup_stm32l071xx.o(STACK)

    Global Symbols

    Symbol Name                              Value     Ov Type        Size  Object(Section)

    BuildAttributes$$THM_ISAv3M$S$PE$A:L22$X:L11$S22$IEEE1$IW$USESV6$~STKCKD$USESV7$~SHL$OTIME$ROPI$IEEEJ$EBA8$MICROLIB$REQ8$PRES8$EABIv2 0x00000000   Number         0  anon$$obj.o ABSOLUTE
    __ARM_use_no_argv                        0x00000000   Number         0  main.o ABSOLUTE
    _printf_a                                0x00000000   Number         0  stubs.o ABSOLUTE
    _printf_c                                0x00000000   Number         0  stubs.o ABSOLUTE
    _printf_charcount                        0x00000000   Number         0  stubs.o ABSOLUTE
    _printf_d                                0x00000000   Number         0  stubs.o ABSOLUTE
    _printf_e                                0x00000000   Number         0  stubs.o ABSOLUTE
    _printf_f                                0x00000000   Number         0  stubs.o ABSOLUTE
    _printf_flags                            0x00000000   Number         0  stubs.o ABSOLUTE
    _printf_fp_dec                           0x00000000   Number         0  stubs.o ABSOLUTE
    _printf_fp_hex                           0x00000000   Number         0  stubs.o ABSOLUTE
    _printf_g                                0x00000000   Number         0  stubs.o ABSOLUTE
    _printf_i                                0x00000000   Number         0  stubs.o ABSOLUTE
    _printf_int_dec                          0x00000000   Number         0  stubs.o ABSOLUTE
    _printf_l                                0x00000000   Number         0  stubs.o ABSOLUTE
    _printf_lc                               0x00000000   Number         0  stubs.o ABSOLUTE
    _printf_ll                               0x00000000   Number         0  stubs.o ABSOLUTE
    _printf_lld                              0x00000000   Number         0  stubs.o ABSOLUTE
    _printf_lli                              0x00000000   Number         0  stubs.o ABSOLUTE
    _printf_llo                              0x00000000   Number         0  stubs.o ABSOLUTE
    _printf_llu                              0x00000000   Number         0  stubs.o ABSOLUTE
    _printf_llx                              0x00000000   Number         0  stubs.o ABSOLUTE
    _printf_longlong_dec                     0x00000000   Number         0  stubs.o ABSOLUTE
    _printf_longlong_hex                     0x00000000   Number         0  stubs.o ABSOLUTE
    _printf_longlong_oct                     0x00000000   Number         0  stubs.o ABSOLUTE
    _printf_ls                               0x00000000   Number         0  stubs.o ABSOLUTE
    _printf_mbtowc                           0x00000000   Number         0  stubs.o ABSOLUTE
    _printf_n                                0x00000000   Number         0  stubs.o ABSOLUTE
    _printf_o                                0x00000000   Number         0  stubs.o ABSOLUTE
    _printf_p                                0x00000000   Number         0  stubs.o ABSOLUTE
    _printf_percent                          0x00000000   Number         0  stubs.o ABSOLUTE
    _printf_pre_padding                      0x00000000   Number         0  stubs.o ABSOLUTE
    _printf_return_value                     0x00000000   Number         0  stubs.o ABSOLUTE
    _printf_s                                0x00000000   Number         0  stubs.o ABSOLUTE
    _printf_sizespec                         0x00000000   Number         0  stubs.o ABSOLUTE
    _printf_str                              0x00000000   Number         0  stubs.o ABSOLUTE
    _printf_truncate_signed                  0x00000000   Number         0  stubs.o ABSOLUTE
    _printf_truncate_unsigned                0x00000000   Number         0  stubs.o ABSOLUTE
    _printf_u                                0x00000000   Number         0  stubs.o ABSOLUTE
    _printf_wc                               0x00000000   Number         0  stubs.o ABSOLUTE
    _printf_wctomb                           0x00000000   Number         0  stubs.o ABSOLUTE
    _printf_widthprec                        0x00000000   Number         0  stubs.o ABSOLUTE
    _printf_x                                0x00000000   Number         0  stubs.o ABSOLUTE
    __arm_fini_                               - Undefined Weak Reference
    __cpp_initialize__aeabi_                  - Undefined Weak Reference
    __cxa_finalize                            - Undefined Weak Reference
    _clock_init                               - Undefined Weak Reference
    _microlib_exit                            - Undefined Weak Reference
    __Vectors_Size                           0x000000c0   Number         0  startup_stm32l071xx.o ABSOLUTE
    __Vectors                                0x08000000   Data           4  startup_stm32l071xx.o(RESET)
    __Vectors_End                            0x080000c0   Data           0  startup_stm32l071xx.o(RESET)
    __main                                   0x080000c1   Thumb Code     0  entry.o(.ARM.Collect$$$$00000000)
    _main_stk                                0x080000c1   Thumb Code     0  entry2.o(.ARM.Collect$$$$00000001)
    _main_scatterload                        0x080000c5   Thumb Code     0  entry5.o(.ARM.Collect$$$$00000004)
    __main_after_scatterload                 0x080000c9   Thumb Code     0  entry5.o(.ARM.Collect$$$$00000004)
    _main_clock                              0x080000c9   Thumb Code     0  entry7b.o(.ARM.Collect$$$$00000008)
    _main_cpp_init                           0x080000c9   Thumb Code     0  entry8b.o(.ARM.Collect$$$$0000000A)
    _main_init                               0x080000c9   Thumb Code     0  entry9a.o(.ARM.Collect$$$$0000000B)
    __rt_lib_shutdown_fini                   0x080000d1   Thumb Code     0  entry12b.o(.ARM.Collect$$$$0000000E)
    __rt_final_cpp                           0x080000d5   Thumb Code     0  entry10a.o(.ARM.Collect$$$$0000000F)
    __rt_final_exit                          0x080000d5   Thumb Code     0  entry11a.o(.ARM.Collect$$$$00000011)
    Reset_Handler                            0x080000d9   Thumb Code     8  startup_stm32l071xx.o(.text)
    EXTI0_1_IRQHandler                       0x080000eb   Thumb Code     0  startup_stm32l071xx.o(.text)
    EXTI2_3_IRQHandler                       0x080000eb   Thumb Code     0  startup_stm32l071xx.o(.text)
    EXTI4_15_IRQHandler                      0x080000eb   Thumb Code     0  startup_stm32l071xx.o(.text)
    FLASH_IRQHandler                         0x080000eb   Thumb Code     0  startup_stm32l071xx.o(.text)
    I2C1_IRQHandler                          0x080000eb   Thumb Code     0  startup_stm32l071xx.o(.text)
    I2C2_IRQHandler                          0x080000eb   Thumb Code     0  startup_stm32l071xx.o(.text)
    I2C3_IRQHandler                          0x080000eb   Thumb Code     0  startup_stm32l071xx.o(.text)
    LPTIM1_IRQHandler                        0x080000eb   Thumb Code     0  startup_stm32l071xx.o(.text)
    PVD_IRQHandler                           0x080000eb   Thumb Code     0  startup_stm32l071xx.o(.text)
    RCC_IRQHandler                           0x080000eb   Thumb Code     0  startup_stm32l071xx.o(.text)
    SPI1_IRQHandler                          0x080000eb   Thumb Code     0  startup_stm32l071xx.o(.text)
    SPI2_IRQHandler                          0x080000eb   Thumb Code     0  startup_stm32l071xx.o(.text)
    TIM21_IRQHandler                         0x080000eb   Thumb Code     0  startup_stm32l071xx.o(.text)
    TIM22_IRQHandler                         0x080000eb   Thumb Code     0  startup_stm32l071xx.o(.text)
    TIM2_IRQHandler                          0x080000eb   Thumb Code     0  startup_stm32l071xx.o(.text)
    TIM3_IRQHandler                          0x080000eb   Thumb Code     0  startup_stm32l071xx.o(.text)
    TIM6_IRQHandler                          0x080000eb   Thumb Code     0  startup_stm32l071xx.o(.text)
    USART4_5_IRQHandler                      0x080000eb   Thumb Code     0  startup_stm32l071xx.o(.text)
    WWDG_IRQHandler                          0x080000eb   Thumb Code     0  startup_stm32l071xx.o(.text)
    __aeabi_uidiv                            0x080000f5   Thumb Code     0  uidiv.o(.text)
    __aeabi_uidivmod                         0x080000f5   Thumb Code    44  uidiv.o(.text)
    __aeabi_idiv                             0x08000121   Thumb Code     0  idiv.o(.text)
    __aeabi_idivmod                          0x08000121   Thumb Code    40  idiv.o(.text)
    __aeabi_uldivmod                         0x08000149   Thumb Code    96  uldiv.o(.text)
    __aeabi_memcpy                           0x080001a9   Thumb Code    36  memcpya.o(.text)
    __aeabi_memcpy4                          0x080001a9   Thumb Code     0  memcpya.o(.text)
    __aeabi_memcpy8                          0x080001a9   Thumb Code     0  memcpya.o(.text)
    __aeabi_memset                           0x080001cd   Thumb Code    14  memseta.o(.text)
    __aeabi_memset4                          0x080001cd   Thumb Code     0  memseta.o(.text)
    __aeabi_memset8                          0x080001cd   Thumb Code     0  memseta.o(.text)
    __aeabi_memclr                           0x080001db   Thumb Code     4  memseta.o(.text)
    __aeabi_memclr4                          0x080001db   Thumb Code     0  memseta.o(.text)
    __aeabi_memclr8                          0x080001db   Thumb Code     0  memseta.o(.text)
    _memset$wrapper                          0x080001df   Thumb Code    18  memseta.o(.text)
    strstr                                   0x080001f1   Thumb Code    40  strstr.o(.text)
    strncpy                                  0x08000219   Thumb Code    26  strncpy.o(.text)
    strcpy                                   0x08000233   Thumb Code    18  strcpy.o(.text)
    strtok                                   0x08000245   Thumb Code    68  strtok.o(.text)
    atoi                                     0x0800028d   Thumb Code    26  atoi.o(.text)
    __aeabi_fadd                             0x080002a7   Thumb Code   162  fadd.o(.text)
    __aeabi_fsub                             0x08000349   Thumb Code     8  fadd.o(.text)
    __aeabi_frsub                            0x08000351   Thumb Code     8  fadd.o(.text)
    __aeabi_fmul                             0x08000359   Thumb Code   122  fmul.o(.text)
    __aeabi_fdiv                             0x080003d3   Thumb Code   124  fdiv.o(.text)
    __aeabi_dmul                             0x08000451   Thumb Code   202  dmul.o(.text)
    __aeabi_ddiv                             0x08000521   Thumb Code   234  ddiv.o(.text)
    __aeabi_i2d                              0x08000611   Thumb Code    34  dflti.o(.text)
    __aeabi_ui2d                             0x08000639   Thumb Code    24  dfltui.o(.text)
    __aeabi_f2uiz                            0x08000655   Thumb Code    40  ffixui.o(.text)
    __aeabi_d2uiz                            0x0800067d   Thumb Code    50  dfixui.o(.text)
    __aeabi_f2d                              0x080006b9   Thumb Code    40  f2d.o(.text)
    __aeabi_d2f                              0x080006e1   Thumb Code    56  d2f.o(.text)
    __aeabi_cfcmpeq                          0x08000719   Thumb Code     0  cfcmple.o(.text)
    __aeabi_cfcmple                          0x08000719   Thumb Code    20  cfcmple.o(.text)
    __aeabi_cfrcmple                         0x0800072d   Thumb Code    20  cfrcmple.o(.text)
    __aeabi_llsl                             0x08000741   Thumb Code    32  llshl.o(.text)
    _ll_shift_l                              0x08000741   Thumb Code     0  llshl.o(.text)
    __aeabi_llsr                             0x08000761   Thumb Code    34  llushr.o(.text)
    _ll_ushift_r                             0x08000761   Thumb Code     0  llushr.o(.text)
    strtol                                   0x08000785   Thumb Code   108  strtol.o(.text)
    __I$use$fp                               0x080007f5   Thumb Code     0  iusefp.o(.text)
    _float_round                             0x080007f5   Thumb Code    16  fepilogue.o(.text)
    _float_epilogue                          0x08000805   Thumb Code   114  fepilogue.o(.text)
    _double_round                            0x08000877   Thumb Code    26  depilogue.o(.text)
    _double_epilogue                         0x08000891   Thumb Code   164  depilogue.o(.text)
    __aeabi_dadd                             0x08000935   Thumb Code   330  dadd.o(.text)
    __aeabi_dsub                             0x08000a7f   Thumb Code    12  dadd.o(.text)
    __aeabi_drsub                            0x08000a8b   Thumb Code    12  dadd.o(.text)
    _drnd                                    0x08000a9d   Thumb Code   114  drnd.o(.text)
    __aeabi_cdcmpeq                          0x08000b19   Thumb Code     0  cdcmple.o(.text)
    __aeabi_cdcmple                          0x08000b19   Thumb Code    38  cdcmple.o(.text)
    __aeabi_cdrcmple                         0x08000b41   Thumb Code    38  cdrcmple.o(.text)
    __scatterload                            0x08000b69   Thumb Code    28  init.o(.text)
    __scatterload_rt2                        0x08000b69   Thumb Code     0  init.o(.text)
    __aeabi_lasr                             0x08000b8d   Thumb Code    38  llsshr.o(.text)
    _ll_sshift_r                             0x08000b8d   Thumb Code     0  llsshr.o(.text)
    __rt_ctype_table                         0x08000bb5   Thumb Code     4  ctype_o.o(.text)
    _strtoul                                 0x08000bbd   Thumb Code   166  _strtoul.o(.text)
    _chval                                   0x08000c63   Thumb Code    30  _chval.o(.text)
    __decompress                             0x08000c81   Thumb Code     0  __dczerorl2.o(.text)
    __decompress1                            0x08000c81   Thumb Code    86  __dczerorl2.o(.text)
    ADC1_COMP_IRQHandler                     0x08000cd9   Thumb Code    10  stm32l0xx_it.o(i.ADC1_COMP_IRQHandler)
    Adc_start                                0x08000e81   Thumb Code    22  adc.o(i.Adc_start)
    Control                                  0x08000ea1   Thumb Code    90  control.o(i.Control)
    DMA1_Channel1_IRQHandler                 0x08000f05   Thumb Code    10  stm32l0xx_it.o(i.DMA1_Channel1_IRQHandler)
    DMA1_Channel2_3_IRQHandler               0x08000f15   Thumb Code    10  stm32l0xx_it.o(i.DMA1_Channel2_3_IRQHandler)
    DMA1_Channel4_5_6_7_IRQHandler           0x08000f25   Thumb Code    10  stm32l0xx_it.o(i.DMA1_Channel4_5_6_7_IRQHandler)
    EC20_Init                                0x08000f65   Thumb Code   640  ec800.o(i.EC20_Init)
    Error_Handler                            0x08001385   Thumb Code     6  main.o(i.Error_Handler)
    FLASH_WaitForLastOperation               0x0800147d   Thumb Code   162  stm32l0xx_hal_flash.o(i.FLASH_WaitForLastOperation)
    Get_Adc_Value                            0x08001525   Thumb Code   190  adc.o(i.Get_Adc_Value)
    Get_Valve_Voltage                        0x08001601   Thumb Code    30  user_iic.o(i.Get_Valve_Voltage)
    HAL_ADCEx_Calibration_Start              0x08001625   Thumb Code   236  stm32l0xx_hal_adc_ex.o(i.HAL_ADCEx_Calibration_Start)
    HAL_ADC_ConfigChannel                    0x08001711   Thumb Code   246  stm32l0xx_hal_adc.o(i.HAL_ADC_ConfigChannel)
    HAL_ADC_ConvCpltCallback                 0x08001819   Thumb Code     8  adc.o(i.HAL_ADC_ConvCpltCallback)
    HAL_ADC_ConvHalfCpltCallback             0x08001825   Thumb Code     2  stm32l0xx_hal_adc.o(i.HAL_ADC_ConvHalfCpltCallback)
    HAL_ADC_ErrorCallback                    0x08001827   Thumb Code     2  stm32l0xx_hal_adc.o(i.HAL_ADC_ErrorCallback)
    HAL_ADC_IRQHandler                       0x08001829   Thumb Code   260  stm32l0xx_hal_adc.o(i.HAL_ADC_IRQHandler)
    HAL_ADC_Init                             0x0800192d   Thumb Code   562  stm32l0xx_hal_adc.o(i.HAL_ADC_Init)
    HAL_ADC_LevelOutOfWindowCallback         0x08001b69   Thumb Code     2  stm32l0xx_hal_adc.o(i.HAL_ADC_LevelOutOfWindowCallback)
    HAL_ADC_MspInit                          0x08001b6d   Thumb Code   192  adc.o(i.HAL_ADC_MspInit)
    HAL_ADC_Start_DMA                        0x08001c45   Thumb Code   174  stm32l0xx_hal_adc.o(i.HAL_ADC_Start_DMA)
    HAL_DMA_Abort                            0x08001d05   Thumb Code    88  stm32l0xx_hal_dma.o(i.HAL_DMA_Abort)
    HAL_DMA_Abort_IT                         0x08001d5d   Thumb Code    92  stm32l0xx_hal_dma.o(i.HAL_DMA_Abort_IT)
    HAL_DMA_GetError                         0x08001db9   Thumb Code     6  stm32l0xx_hal_dma.o(i.HAL_DMA_GetError)
    HAL_DMA_IRQHandler                       0x08001dbf   Thumb Code   264  stm32l0xx_hal_dma.o(i.HAL_DMA_IRQHandler)
    HAL_DMA_Init                             0x08001ec9   Thumb Code   158  stm32l0xx_hal_dma.o(i.HAL_DMA_Init)
    HAL_DMA_Start_IT                         0x08001f71   Thumb Code   154  stm32l0xx_hal_dma.o(i.HAL_DMA_Start_IT)
    HAL_Delay                                0x0800200d   Thumb Code    38  stm32l0xx_hal.o(i.HAL_Delay)
    HAL_FLASHEx_DATAEEPROM_Lock              0x08002039   Thumb Code    16  stm32l0xx_hal_flash_ex.o(i.HAL_FLASHEx_DATAEEPROM_Lock)
    HAL_FLASHEx_DATAEEPROM_Program           0x0800204d   Thumb Code   100  stm32l0xx_hal_flash_ex.o(i.HAL_FLASHEx_DATAEEPROM_Program)
    HAL_FLASHEx_DATAEEPROM_Unlock            0x080020b9   Thumb Code    62  stm32l0xx_hal_flash_ex.o(i.HAL_FLASHEx_DATAEEPROM_Unlock)
    HAL_GPIO_Init                            0x08002105   Thumb Code   478  stm32l0xx_hal_gpio.o(i.HAL_GPIO_Init)
    HAL_GPIO_ReadPin                         0x08002305   Thumb Code    18  stm32l0xx_hal_gpio.o(i.HAL_GPIO_ReadPin)
    HAL_GPIO_WritePin                        0x08002317   Thumb Code    12  stm32l0xx_hal_gpio.o(i.HAL_GPIO_WritePin)
    HAL_GetTick                              0x08002325   Thumb Code     6  stm32l0xx_hal.o(i.HAL_GetTick)
    HAL_I2CEx_ConfigAnalogFilter             0x08002331   Thumb Code   110  stm32l0xx_hal_i2c_ex.o(i.HAL_I2CEx_ConfigAnalogFilter)
    HAL_I2CEx_ConfigDigitalFilter            0x0800239f   Thumb Code   112  stm32l0xx_hal_i2c_ex.o(i.HAL_I2CEx_ConfigDigitalFilter)
    HAL_I2C_Init                             0x08002411   Thumb Code   208  stm32l0xx_hal_i2c.o(i.HAL_I2C_Init)
    HAL_I2C_IsDeviceReady                    0x080024e5   Thumb Code   440  stm32l0xx_hal_i2c.o(i.HAL_I2C_IsDeviceReady)
    HAL_I2C_Master_Receive                   0x0800269d   Thumb Code   354  stm32l0xx_hal_i2c.o(i.HAL_I2C_Master_Receive)
    HAL_I2C_Master_Transmit                  0x08002809   Thumb Code   354  stm32l0xx_hal_i2c.o(i.HAL_I2C_Master_Transmit)
    HAL_I2C_MspInit                          0x08002975   Thumb Code    98  i2c.o(i.HAL_I2C_MspInit)
    HAL_IncTick                              0x080029e5   Thumb Code    16  stm32l0xx_hal.o(i.HAL_IncTick)
    HAL_Init                                 0x080029fd   Thumb Code    38  stm32l0xx_hal.o(i.HAL_Init)
    HAL_InitTick                             0x08002a29   Thumb Code    70  stm32l0xx_hal.o(i.HAL_InitTick)
    HAL_MspInit                              0x08002a7d   Thumb Code    26  stm32l0xx_hal_msp.o(i.HAL_MspInit)
    HAL_NVIC_EnableIRQ                       0x08002a9d   Thumb Code    22  stm32l0xx_hal_cortex.o(i.HAL_NVIC_EnableIRQ)
    HAL_NVIC_SetPriority                     0x08002ab9   Thumb Code    18  stm32l0xx_hal_cortex.o(i.HAL_NVIC_SetPriority)
    HAL_PWREx_EnableFastWakeUp               0x08002acd   Thumb Code    16  stm32l0xx_hal_pwr_ex.o(i.HAL_PWREx_EnableFastWakeUp)
    HAL_PWREx_EnableUltraLowPower            0x08002ae1   Thumb Code    16  stm32l0xx_hal_pwr_ex.o(i.HAL_PWREx_EnableUltraLowPower)
    HAL_PWR_EnableBkUpAccess                 0x08002af5   Thumb Code    16  stm32l0xx_hal_pwr.o(i.HAL_PWR_EnableBkUpAccess)
    HAL_PWR_EnterSTOPMode                    0x08002b09   Thumb Code   124  stm32l0xx_hal_pwr.o(i.HAL_PWR_EnterSTOPMode)
    HAL_RCCEx_PeriphCLKConfig                0x08002b91   Thumb Code   584  stm32l0xx_hal_rcc_ex.o(i.HAL_RCCEx_PeriphCLKConfig)
    HAL_RCC_ClockConfig                      0x08002de5   Thumb Code   540  stm32l0xx_hal_rcc.o(i.HAL_RCC_ClockConfig)
    HAL_RCC_GetHCLKFreq                      0x08003019   Thumb Code     6  stm32l0xx_hal_rcc.o(i.HAL_RCC_GetHCLKFreq)
    HAL_RCC_GetOscConfig                     0x08003025   Thumb Code   262  stm32l0xx_hal_rcc.o(i.HAL_RCC_GetOscConfig)
    HAL_RCC_GetPCLK1Freq                     0x08003131   Thumb Code    26  stm32l0xx_hal_rcc.o(i.HAL_RCC_GetPCLK1Freq)
    HAL_RCC_GetPCLK2Freq                     0x08003155   Thumb Code    26  stm32l0xx_hal_rcc.o(i.HAL_RCC_GetPCLK2Freq)
    HAL_RCC_GetSysClockFreq                  0x08003179   Thumb Code   220  stm32l0xx_hal_rcc.o(i.HAL_RCC_GetSysClockFreq)
    HAL_RCC_OscConfig                        0x08003269   Thumb Code  1596  stm32l0xx_hal_rcc.o(i.HAL_RCC_OscConfig)
    HAL_RTCEx_DeactivateWakeUpTimer          0x080038b1   Thumb Code   174  stm32l0xx_hal_rtc_ex.o(i.HAL_RTCEx_DeactivateWakeUpTimer)
    HAL_RTCEx_SetWakeUpTimer_IT              0x08003961   Thumb Code   368  stm32l0xx_hal_rtc_ex.o(i.HAL_RTCEx_SetWakeUpTimer_IT)
    HAL_RTCEx_WakeUpTimerEventCallback       0x08003add   Thumb Code     2  stm32l0xx_hal_rtc_ex.o(i.HAL_RTCEx_WakeUpTimerEventCallback)
    HAL_RTCEx_WakeUpTimerIRQHandler          0x08003ae1   Thumb Code    72  stm32l0xx_hal_rtc_ex.o(i.HAL_RTCEx_WakeUpTimerIRQHandler)
    HAL_RTC_GetDate                          0x08003b31   Thumb Code    88  stm32l0xx_hal_rtc.o(i.HAL_RTC_GetDate)
    HAL_RTC_GetTime                          0x08003b8d   Thumb Code   104  stm32l0xx_hal_rtc.o(i.HAL_RTC_GetTime)
    HAL_RTC_Init                             0x08003bf9   Thumb Code   200  stm32l0xx_hal_rtc.o(i.HAL_RTC_Init)
    HAL_RTC_MspInit                          0x08003cc5   Thumb Code    44  rtc.o(i.HAL_RTC_MspInit)
    HAL_RTC_SetDate                          0x08003cf9   Thumb Code   206  stm32l0xx_hal_rtc.o(i.HAL_RTC_SetDate)
    HAL_RTC_SetTime                          0x08003dcd   Thumb Code   252  stm32l0xx_hal_rtc.o(i.HAL_RTC_SetTime)
    HAL_RTC_WaitForSynchro                   0x08003ecd   Thumb Code    54  stm32l0xx_hal_rtc.o(i.HAL_RTC_WaitForSynchro)
    HAL_SYSTICK_Config                       0x08003f09   Thumb Code    46  stm32l0xx_hal_cortex.o(i.HAL_SYSTICK_Config)
    HAL_TIMEx_MasterConfigSynchronization    0x08003f41   Thumb Code   128  stm32l0xx_hal_tim_ex.o(i.HAL_TIMEx_MasterConfigSynchronization)
    HAL_TIM_Base_Init                        0x08003fcd   Thumb Code    80  stm32l0xx_hal_tim.o(i.HAL_TIM_Base_Init)
    HAL_TIM_Base_MspInit                     0x0800401d   Thumb Code    66  tim.o(i.HAL_TIM_Base_MspInit)
    HAL_TIM_Base_Start_IT                    0x08004069   Thumb Code   108  stm32l0xx_hal_tim.o(i.HAL_TIM_Base_Start_IT)
    HAL_TIM_ConfigClockSource                0x080040e1   Thumb Code   280  stm32l0xx_hal_tim.o(i.HAL_TIM_ConfigClockSource)
    HAL_TIM_MspPostInit                      0x080041f9   Thumb Code    82  tim.o(i.HAL_TIM_MspPostInit)
    HAL_TIM_PWM_ConfigChannel                0x08004255   Thumb Code   266  stm32l0xx_hal_tim.o(i.HAL_TIM_PWM_ConfigChannel)
    HAL_TIM_PWM_Init                         0x0800435f   Thumb Code    80  stm32l0xx_hal_tim.o(i.HAL_TIM_PWM_Init)
    HAL_TIM_PWM_MspInit                      0x080043af   Thumb Code     2  stm32l0xx_hal_tim.o(i.HAL_TIM_PWM_MspInit)
    HAL_TIM_PWM_Start                        0x080043b1   Thumb Code   176  stm32l0xx_hal_tim.o(i.HAL_TIM_PWM_Start)
    HAL_UARTEx_RxEventCallback               0x0800446d   Thumb Code     2  stm32l0xx_hal_uart.o(i.HAL_UARTEx_RxEventCallback)
    HAL_UARTEx_WakeupCallback                0x0800446f   Thumb Code     2  stm32l0xx_hal_uart_ex.o(i.HAL_UARTEx_WakeupCallback)
    HAL_UART_DMAStop                         0x08004471   Thumb Code   198  stm32l0xx_hal_uart.o(i.HAL_UART_DMAStop)
    HAL_UART_ErrorCallback                   0x08004539   Thumb Code    48  dma.o(i.HAL_UART_ErrorCallback)
    HAL_UART_IRQHandler                      0x08004585   Thumb Code   974  stm32l0xx_hal_uart.o(i.HAL_UART_IRQHandler)
    HAL_UART_Init                            0x08004961   Thumb Code   126  stm32l0xx_hal_uart.o(i.HAL_UART_Init)
    HAL_UART_MspInit                         0x080049e1   Thumb Code   418  usart.o(i.HAL_UART_MspInit)
    HAL_UART_Receive_DMA                     0x08004ba5   Thumb Code   134  stm32l0xx_hal_uart.o(i.HAL_UART_Receive_DMA)
    HAL_UART_Receive_IT                      0x08004c31   Thumb Code   134  stm32l0xx_hal_uart.o(i.HAL_UART_Receive_IT)
    HAL_UART_RxCpltCallback                  0x08004cbd   Thumb Code   114  dma.o(i.HAL_UART_RxCpltCallback)
    HAL_UART_RxHalfCpltCallback              0x08004d49   Thumb Code     2  stm32l0xx_hal_uart.o(i.HAL_UART_RxHalfCpltCallback)
    HAL_UART_Transmit                        0x08004d4b   Thumb Code   232  stm32l0xx_hal_uart.o(i.HAL_UART_Transmit)
    HAL_UART_TxCpltCallback                  0x08004e33   Thumb Code     2  stm32l0xx_hal_uart.o(i.HAL_UART_TxCpltCallback)
    HardFault_Handler                        0x08004e35   Thumb Code    10  stm32l0xx_it.o(i.HardFault_Handler)
    LPUART1_IRQHandler                       0x08005239   Thumb Code   158  stm32l0xx_it.o(i.LPUART1_IRQHandler)
    LoRa_GPIO_Init                           0x080052e1   Thumb Code    44  lora.o(i.LoRa_GPIO_Init)
    LoRa_Init                                0x08005311   Thumb Code   192  lora.o(i.LoRa_Init)
    LoRa_Set                                 0x08005435   Thumb Code    86  lora.o(i.LoRa_Set)
    MCP3421_Get_Value                        0x08005495   Thumb Code    64  user_iic.o(i.MCP3421_Get_Value)
    MCP3421_Init                             0x080054d9   Thumb Code    66  user_iic.o(i.MCP3421_Init)
    MQTT_PublishQs0                          0x08005521   Thumb Code   102  ec800.o(i.MQTT_PublishQs0)
    MX_ADC_Init                              0x08005605   Thumb Code   202  adc.o(i.MX_ADC_Init)
    MX_DMA_Init                              0x080056e9   Thumb Code    80  dma.o(i.MX_DMA_Init)
    MX_GPIO_Init                             0x0800573d   Thumb Code   410  gpio.o(i.MX_GPIO_Init)
    MX_I2C2_Init                             0x080058fd   Thumb Code    80  i2c.o(i.MX_I2C2_Init)
    MX_LPUART1_UART_Init                     0x08005959   Thumb Code    56  usart.o(i.MX_LPUART1_UART_Init)
    MX_RTC_Init                              0x08005999   Thumb Code   154  rtc.o(i.MX_RTC_Init)
    MX_TIM2_Init                             0x08005a3d   Thumb Code   166  tim.o(i.MX_TIM2_Init)
    MX_TIM7_Init                             0x08005aed   Thumb Code    68  tim.o(i.MX_TIM7_Init)
    MX_USART1_UART_Init                      0x08005b3d   Thumb Code    84  usart.o(i.MX_USART1_UART_Init)
    MX_USART2_UART_Init                      0x08005b9d   Thumb Code    84  usart.o(i.MX_USART2_UART_Init)
    Modbus_CRC16                             0x08005bfd   Thumb Code    46  modbus_crc.o(i.Modbus_CRC16)
    Motor_BD                                 0x08005c35   Thumb Code   470  control.o(i.Motor_BD)
    NMI_Handler                              0x08005e3d   Thumb Code     4  stm32l0xx_it.o(i.NMI_Handler)
    PendSV_Handler                           0x08005e41   Thumb Code     2  stm32l0xx_it.o(i.PendSV_Handler)
    RTC_Bcd2ToByte                           0x08005e43   Thumb Code    26  stm32l0xx_hal_rtc.o(i.RTC_Bcd2ToByte)
    RTC_ByteToBcd2                           0x08005e5d   Thumb Code    26  stm32l0xx_hal_rtc.o(i.RTC_ByteToBcd2)
    RTC_EnterInitMode                        0x08005e77   Thumb Code    82  stm32l0xx_hal_rtc.o(i.RTC_EnterInitMode)
    RTC_ExitInitMode                         0x08005ec9   Thumb Code    52  stm32l0xx_hal_rtc.o(i.RTC_ExitInitMode)
    RTC_IRQHandler                           0x08005efd   Thumb Code    10  stm32l0xx_it.o(i.RTC_IRQHandler)
    RTC_Time                                 0x08005f0d   Thumb Code    58  rtc.o(i.RTC_Time)
    SVC_Handler                              0x08005f7d   Thumb Code     2  stm32l0xx_it.o(i.SVC_Handler)
    SysTick_Handler                          0x08005f81   Thumb Code    26  stm32l0xx_it.o(i.SysTick_Handler)
    SystemClock_Config                       0x08005fa1   Thumb Code   178  main.o(i.SystemClock_Config)
    SystemInit                               0x0800605d   Thumb Code     2  system_stm32l0xx.o(i.SystemInit)
    TCA9548A_SetChannel                      0x08006061   Thumb Code    68  user_iic.o(i.TCA9548A_SetChannel)
    TIM7_IRQHandler                          0x080060a9   Thumb Code    78  stm32l0xx_it.o(i.TIM7_IRQHandler)
    U1PassiveEvent                           0x0800633d   Thumb Code   394  user_usart.o(i.U1PassiveEvent)
    U2PassiveEvent                           0x08006521   Thumb Code   592  lora.o(i.U2PassiveEvent)
    UART_AdvFeatureConfig                    0x08006825   Thumb Code   240  stm32l0xx_hal_uart.o(i.UART_AdvFeatureConfig)
    UART_CheckIdleState                      0x08006915   Thumb Code   252  stm32l0xx_hal_uart.o(i.UART_CheckIdleState)
    UART_Clear                               0x08006a15   Thumb Code    18  ec800.o(i.UART_Clear)
    UART_SendCmd                             0x08006ed5   Thumb Code   104  ec800.o(i.UART_SendCmd)
    UART_SetConfig                           0x08006f75   Thumb Code   772  stm32l0xx_hal_uart.o(i.UART_SetConfig)
    UART_Start_Receive_DMA                   0x080072a5   Thumb Code   206  stm32l0xx_hal_uart.o(i.UART_Start_Receive_DMA)
    UART_Start_Receive_IT                    0x08007381   Thumb Code   276  stm32l0xx_hal_uart.o(i.UART_Start_Receive_IT)
    UART_WaitOnFlagUntilTimeout              0x080074a1   Thumb Code   172  stm32l0xx_hal_uart.o(i.UART_WaitOnFlagUntilTimeout)
    UART_WaitRecive                          0x0800754d   Thumb Code    26  ec800.o(i.UART_WaitRecive)
    USART1_DMAHandler                        0x0800756d   Thumb Code    76  dma.o(i.USART1_DMAHandler)
    USART1_IRQHandler                        0x080075d1   Thumb Code   162  stm32l0xx_it.o(i.USART1_IRQHandler)
    USART2_DMAHandler                        0x0800767d   Thumb Code    76  dma.o(i.USART2_DMAHandler)
    USART2_IRQHandler                        0x080076e1   Thumb Code   162  stm32l0xx_it.o(i.USART2_IRQHandler)
    Usart_SendString                         0x08007791   Thumb Code    32  ec800.o(i.Usart_SendString)
    Voltage_Convert                          0x080077b5   Thumb Code   124  user_iic.o(i.Voltage_Convert)
    __0printf$8                              0x0800783d   Thumb Code    24  printf8.o(i.__0printf$8)
    __1printf$8                              0x0800783d   Thumb Code     0  printf8.o(i.__0printf$8)
    __2printf                                0x0800783d   Thumb Code     0  printf8.o(i.__0printf$8)
    __0sprintf$8                             0x0800785d   Thumb Code    36  printf8.o(i.__0sprintf$8)
    __1sprintf$8                             0x0800785d   Thumb Code     0  printf8.o(i.__0sprintf$8)
    __2sprintf                               0x0800785d   Thumb Code     0  printf8.o(i.__0sprintf$8)
    __ARM_clz                                0x08007885   Thumb Code    46  depilogue.o(i.__ARM_clz)
    __ARM_common_ll_muluu                    0x080078b3   Thumb Code    48  stm32l0xx_hal_rcc.o(i.__ARM_common_ll_muluu)
    __ARM_common_switch8                     0x080078e3   Thumb Code    28  lora.o(i.__ARM_common_switch8)
    __aeabi_errno_addr                       0x080079ad   Thumb Code     4  errno.o(i.__aeabi_errno_addr)
    __rt_errno_addr                          0x080079ad   Thumb Code     0  errno.o(i.__aeabi_errno_addr)
    __scatterload_copy                       0x080079bb   Thumb Code    14  handlers.o(i.__scatterload_copy)
    __scatterload_null                       0x080079c9   Thumb Code     2  handlers.o(i.__scatterload_null)
    __scatterload_zeroinit                   0x080079cb   Thumb Code    14  handlers.o(i.__scatterload_zeroinit)
    at_cmd                                   0x08007e5f   Thumb Code    36  ec800.o(i.at_cmd)
    enter_stop_rtc_mode                      0x08007fcd   Thumb Code    86  stop.o(i.enter_stop_rtc_mode)
    fputc                                    0x08008041   Thumb Code    20  usart.o(i.fputc)
    get_A1_data                              0x08008059   Thumb Code   236  ec800.o(i.get_A1_data)
    get_A3_data                              0x08008185   Thumb Code   110  ec800.o(i.get_A3_data)
    get_A4_data                              0x08008211   Thumb Code   444  ec800.o(i.get_A4_data)
    lora_enter_stop_rtc_mode                 0x0800858d   Thumb Code    84  stop.o(i.lora_enter_stop_rtc_mode)
    main                                     0x08008901   Thumb Code   916  main.o(i.main)
    mcu_eeprom_read                          0x08008d91   Thumb Code    30  control.o(i.mcu_eeprom_read)
    mcu_eeprom_write                         0x08008db5   Thumb Code    68  control.o(i.mcu_eeprom_write)
    read_SW                                  0x08008dfd   Thumb Code   528  control.o(i.read_SW)
    round                                    0x08009039   Thumb Code   142  round.o(i.round)
    auchCRCHi                                0x08009234   Data         256  modbus_crc.o(.constdata)
    auchCRCLo                                0x08009334   Data         256  modbus_crc.o(.constdata)
    AHBPrescTable                            0x08009434   Data          16  system_stm32l0xx.o(.constdata)
    APBPrescTable                            0x08009444   Data           8  system_stm32l0xx.o(.constdata)
    PLLMulTable                              0x0800944c   Data           9  system_stm32l0xx.o(.constdata)
    __ctype_table                            0x08009455   Data         129  ctype_o.o(.constdata)
    Region$$Table$$Base                      0x080094dc   Number         0  anon$$obj.o(Region$$Table)
    Region$$Table$$Limit                     0x080094fc   Number         0  anon$$obj.o(Region$$Table)
    DMA_RECEIVE_OVER                         0x20000000   Data           1  adc.o(.data)
    ADC_Values                               0x2000000c   Data           8  adc.o(.data)
    Uart1Flag                                0x20000014   Data           1  dma.o(.data)
    uart1Cnt                                 0x20000016   Data           2  dma.o(.data)
    LPUART1_RX_STA                           0x20000018   Data           2  dma.o(.data)
    res                                      0x2000001a   Data           2  dma.o(.data)
    LPUART1Flag                              0x2000001c   Data           1  dma.o(.data)
    LPUART1Cnt                               0x2000001e   Data           2  dma.o(.data)
    Uart2Flag                                0x20000020   Data           1  dma.o(.data)
    uart2Cnt                                 0x20000022   Data           2  dma.o(.data)
    GetData                                  0x20000024   Data           4  rtc.o(.data)
    sDate                                    0x20000028   Data           4  rtc.o(.data)
    Connect_State                            0x2000002c   Data           1  lora.o(.data)
    LoRaNet                                  0x2000002d   Data          11  lora.o(.data)
    EC800_State                              0x20000038   Data           1  ec800.o(.data)
    Mqtt_ip                                  0x20000039   Data          55  ec800.o(.data)
    Mqtt_port                                0x20000070   Data           4  ec800.o(.data)
    Mqtt_client_id                           0x20000074   Data          20  ec800.o(.data)
    Mqtt_user_name                           0x20000088   Data          20  ec800.o(.data)
    Mqtt_password                            0x2000009c   Data          50  ec800.o(.data)
    Sub_Topics                               0x200000ce   Data          50  ec800.o(.data)
    Sub_Topics1                              0x20000100   Data          50  ec800.o(.data)
    main_len                                 0x20000132   Data           2  ec800.o(.data)
    Motor_BD_State                           0x2000013c   Data           1  control.o(.data)
    Mp                                       0x20000140   Data          96  control.o(.data)
    BD_State                                 0x200001a0   Data           1  control.o(.data)
    uwTick                                   0x200001a4   Data           4  stm32l0xx_hal.o(.data)
    uwTickPrio                               0x200001a8   Data           4  stm32l0xx_hal.o(.data)
    uwTickFreq                               0x200001ac   Data           1  stm32l0xx_hal.o(.data)
    SystemCoreClock                          0x200001b0   Data           4  system_stm32l0xx.o(.data)
    __stdout                                 0x200001b8   Data           4  stdout.o(.data)
    dma_adc_data                             0x200001c0   Data         800  adc.o(.bss)
    hadc                                     0x200004e0   Data          92  adc.o(.bss)
    hdma_adc                                 0x2000053c   Data          72  adc.o(.bss)
    Uart1_RxBuff                             0x20000584   Data         200  dma.o(.bss)
    Uart1_Data                               0x2000064c   Data         200  dma.o(.bss)
    LPUART1_RxBuff                           0x20000714   Data         200  dma.o(.bss)
    LPUART1_Data                             0x200007dc   Data         200  dma.o(.bss)
    Uart2_RxBuff                             0x200008a4   Data         200  dma.o(.bss)
    Uart2_Data                               0x2000096c   Data         200  dma.o(.bss)
    hi2c2                                    0x20000a34   Data          84  i2c.o(.bss)
    hlpuart1                                 0x20000a88   Data         136  usart.o(.bss)
    huart1                                   0x20000b10   Data         136  usart.o(.bss)
    huart2                                   0x20000b98   Data         136  usart.o(.bss)
    hdma_usart1_rx                           0x20000c20   Data          72  usart.o(.bss)
    hdma_usart2_rx                           0x20000c68   Data          72  usart.o(.bss)
    GetTime                                  0x20000cb0   Data          20  rtc.o(.bss)
    sTime                                    0x20000cc4   Data          20  rtc.o(.bss)
    hrtc                                     0x20000cd8   Data          36  rtc.o(.bss)
    htim2                                    0x20000cfc   Data          64  tim.o(.bss)
    htim7                                    0x20000d3c   Data          64  tim.o(.bss)
    main_buff                                0x20000d7c   Data         300  ec800.o(.bss)
    main_buff1                               0x20000ea8   Data         300  ec800.o(.bss)
    User_Data                                0x20000fd4   Data          80  ec800.o(.bss)
    pFlash                                   0x20001024   Data          24  stm32l0xx_hal_flash.o(.bss)
    __initial_sp                             0x20001440   Data           0  startup_stm32l071xx.o(STACK)



==============================================================================

Memory Map of the image

  Image Entry point : 0x080000c1

  Load Region LR_IROM1 (Base: 0x08000000, Size: 0x000096bc, Max: 0x00020000, ABSOLUTE, COMPRESSED[0x000095b0])

    Execution Region ER_IROM1 (Exec base: 0x08000000, Load base: 0x08000000, Size: 0x000094fc, Max: 0x00020000, ABSOLUTE)

    Exec Addr    Load Addr    Size         Type   Attr      Idx    E Section Name        Object

    0x08000000   0x08000000   0x000000c0   Data   RO            3    RESET               startup_stm32l071xx.o
    0x080000c0   0x080000c0   0x00000000   Code   RO         4814  * .ARM.Collect$$$$00000000  mc_p.l(entry.o)
    0x080000c0   0x080000c0   0x00000004   Code   RO         5130    .ARM.Collect$$$$00000001  mc_p.l(entry2.o)
    0x080000c4   0x080000c4   0x00000004   Code   RO         5133    .ARM.Collect$$$$00000004  mc_p.l(entry5.o)
    0x080000c8   0x080000c8   0x00000000   Code   RO         5135    .ARM.Collect$$$$00000008  mc_p.l(entry7b.o)
    0x080000c8   0x080000c8   0x00000000   Code   RO         5137    .ARM.Collect$$$$0000000A  mc_p.l(entry8b.o)
    0x080000c8   0x080000c8   0x00000008   Code   RO         5138    .ARM.Collect$$$$0000000B  mc_p.l(entry9a.o)
    0x080000d0   0x080000d0   0x00000004   Code   RO         5145    .ARM.Collect$$$$0000000E  mc_p.l(entry12b.o)
    0x080000d4   0x080000d4   0x00000000   Code   RO         5140    .ARM.Collect$$$$0000000F  mc_p.l(entry10a.o)
    0x080000d4   0x080000d4   0x00000000   Code   RO         5142    .ARM.Collect$$$$00000011  mc_p.l(entry11a.o)
    0x080000d4   0x080000d4   0x00000004   Code   RO         5131    .ARM.Collect$$$$00002712  mc_p.l(entry2.o)
    0x080000d8   0x080000d8   0x0000001c   Code   RO            4    .text               startup_stm32l071xx.o
    0x080000f4   0x080000f4   0x0000002c   Code   RO         4817    .text               mc_p.l(uidiv.o)
    0x08000120   0x08000120   0x00000028   Code   RO         4819    .text               mc_p.l(idiv.o)
    0x08000148   0x08000148   0x00000060   Code   RO         4821    .text               mc_p.l(uldiv.o)
    0x080001a8   0x080001a8   0x00000024   Code   RO         4823    .text               mc_p.l(memcpya.o)
    0x080001cc   0x080001cc   0x00000024   Code   RO         4825    .text               mc_p.l(memseta.o)
    0x080001f0   0x080001f0   0x00000028   Code   RO         4827    .text               mc_p.l(strstr.o)
    0x08000218   0x08000218   0x0000001a   Code   RO         4829    .text               mc_p.l(strncpy.o)
    0x08000232   0x08000232   0x00000012   Code   RO         4831    .text               mc_p.l(strcpy.o)
    0x08000244   0x08000244   0x00000048   Code   RO         4833    .text               mc_p.l(strtok.o)
    0x0800028c   0x0800028c   0x0000001a   Code   RO         5102    .text               mc_p.l(atoi.o)
    0x080002a6   0x080002a6   0x000000b2   Code   RO         5104    .text               mf_p.l(fadd.o)
    0x08000358   0x08000358   0x0000007a   Code   RO         5106    .text               mf_p.l(fmul.o)
    0x080003d2   0x080003d2   0x0000007c   Code   RO         5108    .text               mf_p.l(fdiv.o)
    0x0800044e   0x0800044e   0x00000002   PAD
    0x08000450   0x08000450   0x000000d0   Code   RO         5110    .text               mf_p.l(dmul.o)
    0x08000520   0x08000520   0x000000f0   Code   RO         5112    .text               mf_p.l(ddiv.o)
    0x08000610   0x08000610   0x00000028   Code   RO         5114    .text               mf_p.l(dflti.o)
    0x08000638   0x08000638   0x0000001c   Code   RO         5116    .text               mf_p.l(dfltui.o)
    0x08000654   0x08000654   0x00000028   Code   RO         5118    .text               mf_p.l(ffixui.o)
    0x0800067c   0x0800067c   0x0000003c   Code   RO         5120    .text               mf_p.l(dfixui.o)
    0x080006b8   0x080006b8   0x00000028   Code   RO         5122    .text               mf_p.l(f2d.o)
    0x080006e0   0x080006e0   0x00000038   Code   RO         5124    .text               mf_p.l(d2f.o)
    0x08000718   0x08000718   0x00000014   Code   RO         5126    .text               mf_p.l(cfcmple.o)
    0x0800072c   0x0800072c   0x00000014   Code   RO         5128    .text               mf_p.l(cfrcmple.o)
    0x08000740   0x08000740   0x00000020   Code   RO         5147    .text               mc_p.l(llshl.o)
    0x08000760   0x08000760   0x00000022   Code   RO         5149    .text               mc_p.l(llushr.o)
    0x08000782   0x08000782   0x00000002   PAD
    0x08000784   0x08000784   0x00000070   Code   RO         5158    .text               mc_p.l(strtol.o)
    0x080007f4   0x080007f4   0x00000000   Code   RO         5160    .text               mc_p.l(iusefp.o)
    0x080007f4   0x080007f4   0x00000082   Code   RO         5161    .text               mf_p.l(fepilogue.o)
    0x08000876   0x08000876   0x000000be   Code   RO         5163    .text               mf_p.l(depilogue.o)
    0x08000934   0x08000934   0x00000168   Code   RO         5167    .text               mf_p.l(dadd.o)
    0x08000a9c   0x08000a9c   0x0000007c   Code   RO         5169    .text               mf_p.l(drnd.o)
    0x08000b18   0x08000b18   0x00000028   Code   RO         5173    .text               mf_p.l(cdcmple.o)
    0x08000b40   0x08000b40   0x00000028   Code   RO         5175    .text               mf_p.l(cdrcmple.o)
    0x08000b68   0x08000b68   0x00000024   Code   RO         5177    .text               mc_p.l(init.o)
    0x08000b8c   0x08000b8c   0x00000026   Code   RO         5179    .text               mc_p.l(llsshr.o)
    0x08000bb2   0x08000bb2   0x00000002   PAD
    0x08000bb4   0x08000bb4   0x00000008   Code   RO         5181    .text               mc_p.l(ctype_o.o)
    0x08000bbc   0x08000bbc   0x000000a6   Code   RO         5209    .text               mc_p.l(_strtoul.o)
    0x08000c62   0x08000c62   0x0000001e   Code   RO         5211    .text               mc_p.l(_chval.o)
    0x08000c80   0x08000c80   0x00000056   Code   RO         5221    .text               mc_p.l(__dczerorl2.o)
    0x08000cd6   0x08000cd6   0x00000002   PAD
    0x08000cd8   0x08000cd8   0x00000010   Code   RO          662    i.ADC1_COMP_IRQHandler  stm32l0xx_it.o
    0x08000ce8   0x08000ce8   0x00000088   Code   RO         1205    i.ADC_DMAConvCplt   stm32l0xx_hal_adc.o
    0x08000d70   0x08000d70   0x0000001e   Code   RO         1206    i.ADC_DMAError      stm32l0xx_hal_adc.o
    0x08000d8e   0x08000d8e   0x0000000e   Code   RO         1207    i.ADC_DMAHalfConvCplt  stm32l0xx_hal_adc.o
    0x08000d9c   0x08000d9c   0x0000002c   Code   RO         1208    i.ADC_DelayMicroSecond  stm32l0xx_hal_adc.o
    0x08000dc8   0x08000dc8   0x000000b8   Code   RO         1210    i.ADC_Enable        stm32l0xx_hal_adc.o
    0x08000e80   0x08000e80   0x00000020   Code   RO          355    i.Adc_start         adc.o
    0x08000ea0   0x08000ea0   0x00000064   Code   RO         1088    i.Control           control.o
    0x08000f04   0x08000f04   0x00000010   Code   RO          663    i.DMA1_Channel1_IRQHandler  stm32l0xx_it.o
    0x08000f14   0x08000f14   0x00000010   Code   RO          664    i.DMA1_Channel2_3_IRQHandler  stm32l0xx_it.o
    0x08000f24   0x08000f24   0x00000010   Code   RO          665    i.DMA1_Channel4_5_6_7_IRQHandler  stm32l0xx_it.o
    0x08000f34   0x08000f34   0x0000002e   Code   RO         2707    i.DMA_SetConfig     stm32l0xx_hal_dma.o
    0x08000f62   0x08000f62   0x00000002   PAD
    0x08000f64   0x08000f64   0x00000420   Code   RO          893    i.EC20_Init         ec800.o
    0x08001384   0x08001384   0x00000006   Code   RO           12    i.Error_Handler     main.o
    0x0800138a   0x0800138a   0x00000002   PAD
    0x0800138c   0x0800138c   0x000000f0   Code   RO         2381    i.FLASH_SetErrorCode  stm32l0xx_hal_flash.o
    0x0800147c   0x0800147c   0x000000a8   Code   RO         2382    i.FLASH_WaitForLastOperation  stm32l0xx_hal_flash.o
    0x08001524   0x08001524   0x000000dc   Code   RO          356    i.Get_Adc_Value     adc.o
    0x08001600   0x08001600   0x00000024   Code   RO          988    i.Get_Valve_Voltage  user_iic.o
    0x08001624   0x08001624   0x000000ec   Code   RO         1387    i.HAL_ADCEx_Calibration_Start  stm32l0xx_hal_adc_ex.o
    0x08001710   0x08001710   0x00000108   Code   RO         1212    i.HAL_ADC_ConfigChannel  stm32l0xx_hal_adc.o
    0x08001818   0x08001818   0x0000000c   Code   RO          357    i.HAL_ADC_ConvCpltCallback  adc.o
    0x08001824   0x08001824   0x00000002   Code   RO         1214    i.HAL_ADC_ConvHalfCpltCallback  stm32l0xx_hal_adc.o
    0x08001826   0x08001826   0x00000002   Code   RO         1216    i.HAL_ADC_ErrorCallback  stm32l0xx_hal_adc.o
    0x08001828   0x08001828   0x00000104   Code   RO         1220    i.HAL_ADC_IRQHandler  stm32l0xx_hal_adc.o
    0x0800192c   0x0800192c   0x0000023c   Code   RO         1221    i.HAL_ADC_Init      stm32l0xx_hal_adc.o
    0x08001b68   0x08001b68   0x00000002   Code   RO         1222    i.HAL_ADC_LevelOutOfWindowCallback  stm32l0xx_hal_adc.o
    0x08001b6a   0x08001b6a   0x00000002   PAD
    0x08001b6c   0x08001b6c   0x000000d8   Code   RO          359    i.HAL_ADC_MspInit   adc.o
    0x08001c44   0x08001c44   0x000000c0   Code   RO         1228    i.HAL_ADC_Start_DMA  stm32l0xx_hal_adc.o
    0x08001d04   0x08001d04   0x00000058   Code   RO         2708    i.HAL_DMA_Abort     stm32l0xx_hal_dma.o
    0x08001d5c   0x08001d5c   0x0000005c   Code   RO         2709    i.HAL_DMA_Abort_IT  stm32l0xx_hal_dma.o
    0x08001db8   0x08001db8   0x00000006   Code   RO         2711    i.HAL_DMA_GetError  stm32l0xx_hal_dma.o
    0x08001dbe   0x08001dbe   0x00000108   Code   RO         2713    i.HAL_DMA_IRQHandler  stm32l0xx_hal_dma.o
    0x08001ec6   0x08001ec6   0x00000002   PAD
    0x08001ec8   0x08001ec8   0x000000a8   Code   RO         2714    i.HAL_DMA_Init      stm32l0xx_hal_dma.o
    0x08001f70   0x08001f70   0x0000009a   Code   RO         2718    i.HAL_DMA_Start_IT  stm32l0xx_hal_dma.o
    0x0800200a   0x0800200a   0x00000002   PAD
    0x0800200c   0x0800200c   0x0000002c   Code   RO         1450    i.HAL_Delay         stm32l0xx_hal.o
    0x08002038   0x08002038   0x00000014   Code   RO         2499    i.HAL_FLASHEx_DATAEEPROM_Lock  stm32l0xx_hal_flash_ex.o
    0x0800204c   0x0800204c   0x0000006c   Code   RO         2500    i.HAL_FLASHEx_DATAEEPROM_Program  stm32l0xx_hal_flash_ex.o
    0x080020b8   0x080020b8   0x0000004c   Code   RO         2501    i.HAL_FLASHEx_DATAEEPROM_Unlock  stm32l0xx_hal_flash_ex.o
    0x08002104   0x08002104   0x00000200   Code   RO         2648    i.HAL_GPIO_Init     stm32l0xx_hal_gpio.o
    0x08002304   0x08002304   0x00000012   Code   RO         2650    i.HAL_GPIO_ReadPin  stm32l0xx_hal_gpio.o
    0x08002316   0x08002316   0x0000000c   Code   RO         2652    i.HAL_GPIO_WritePin  stm32l0xx_hal_gpio.o
    0x08002322   0x08002322   0x00000002   PAD
    0x08002324   0x08002324   0x0000000c   Code   RO         1454    i.HAL_GetTick       stm32l0xx_hal.o
    0x08002330   0x08002330   0x0000006e   Code   RO         2115    i.HAL_I2CEx_ConfigAnalogFilter  stm32l0xx_hal_i2c_ex.o
    0x0800239e   0x0800239e   0x00000070   Code   RO         2116    i.HAL_I2CEx_ConfigDigitalFilter  stm32l0xx_hal_i2c_ex.o
    0x0800240e   0x0800240e   0x00000002   PAD
    0x08002410   0x08002410   0x000000d4   Code   RO         1658    i.HAL_I2C_Init      stm32l0xx_hal_i2c.o
    0x080024e4   0x080024e4   0x000001b8   Code   RO         1659    i.HAL_I2C_IsDeviceReady  stm32l0xx_hal_i2c.o
    0x0800269c   0x0800269c   0x0000016c   Code   RO         1664    i.HAL_I2C_Master_Receive  stm32l0xx_hal_i2c.o
    0x08002808   0x08002808   0x0000016c   Code   RO         1671    i.HAL_I2C_Master_Transmit  stm32l0xx_hal_i2c.o
    0x08002974   0x08002974   0x00000070   Code   RO          469    i.HAL_I2C_MspInit   i2c.o
    0x080029e4   0x080029e4   0x00000018   Code   RO         1460    i.HAL_IncTick       stm32l0xx_hal.o
    0x080029fc   0x080029fc   0x0000002c   Code   RO         1461    i.HAL_Init          stm32l0xx_hal.o
    0x08002a28   0x08002a28   0x00000054   Code   RO         1462    i.HAL_InitTick      stm32l0xx_hal.o
    0x08002a7c   0x08002a7c   0x00000020   Code   RO          768    i.HAL_MspInit       stm32l0xx_hal_msp.o
    0x08002a9c   0x08002a9c   0x0000001c   Code   RO         2975    i.HAL_NVIC_EnableIRQ  stm32l0xx_hal_cortex.o
    0x08002ab8   0x08002ab8   0x00000012   Code   RO         2979    i.HAL_NVIC_SetPriority  stm32l0xx_hal_cortex.o
    0x08002aca   0x08002aca   0x00000002   PAD
    0x08002acc   0x08002acc   0x00000014   Code   RO         2917    i.HAL_PWREx_EnableFastWakeUp  stm32l0xx_hal_pwr_ex.o
    0x08002ae0   0x08002ae0   0x00000014   Code   RO         2919    i.HAL_PWREx_EnableUltraLowPower  stm32l0xx_hal_pwr_ex.o
    0x08002af4   0x08002af4   0x00000014   Code   RO         2805    i.HAL_PWR_EnableBkUpAccess  stm32l0xx_hal_pwr.o
    0x08002b08   0x08002b08   0x00000088   Code   RO         2812    i.HAL_PWR_EnterSTOPMode  stm32l0xx_hal_pwr.o
    0x08002b90   0x08002b90   0x00000254   Code   RO         2266    i.HAL_RCCEx_PeriphCLKConfig  stm32l0xx_hal_rcc_ex.o
    0x08002de4   0x08002de4   0x00000234   Code   RO         2166    i.HAL_RCC_ClockConfig  stm32l0xx_hal_rcc.o
    0x08003018   0x08003018   0x0000000c   Code   RO         2170    i.HAL_RCC_GetHCLKFreq  stm32l0xx_hal_rcc.o
    0x08003024   0x08003024   0x0000010c   Code   RO         2171    i.HAL_RCC_GetOscConfig  stm32l0xx_hal_rcc.o
    0x08003130   0x08003130   0x00000024   Code   RO         2172    i.HAL_RCC_GetPCLK1Freq  stm32l0xx_hal_rcc.o
    0x08003154   0x08003154   0x00000024   Code   RO         2173    i.HAL_RCC_GetPCLK2Freq  stm32l0xx_hal_rcc.o
    0x08003178   0x08003178   0x000000f0   Code   RO         2174    i.HAL_RCC_GetSysClockFreq  stm32l0xx_hal_rcc.o
    0x08003268   0x08003268   0x00000648   Code   RO         2177    i.HAL_RCC_OscConfig  stm32l0xx_hal_rcc.o
    0x080038b0   0x080038b0   0x000000ae   Code   RO         3831    i.HAL_RTCEx_DeactivateWakeUpTimer  stm32l0xx_hal_rtc_ex.o
    0x0800395e   0x0800395e   0x00000002   PAD
    0x08003960   0x08003960   0x0000017c   Code   RO         3851    i.HAL_RTCEx_SetWakeUpTimer_IT  stm32l0xx_hal_rtc_ex.o
    0x08003adc   0x08003adc   0x00000002   Code   RO         3857    i.HAL_RTCEx_WakeUpTimerEventCallback  stm32l0xx_hal_rtc_ex.o
    0x08003ade   0x08003ade   0x00000002   PAD
    0x08003ae0   0x08003ae0   0x00000050   Code   RO         3858    i.HAL_RTCEx_WakeUpTimerIRQHandler  stm32l0xx_hal_rtc_ex.o
    0x08003b30   0x08003b30   0x0000005c   Code   RO         3664    i.HAL_RTC_GetDate   stm32l0xx_hal_rtc.o
    0x08003b8c   0x08003b8c   0x0000006c   Code   RO         3666    i.HAL_RTC_GetTime   stm32l0xx_hal_rtc.o
    0x08003bf8   0x08003bf8   0x000000cc   Code   RO         3667    i.HAL_RTC_Init      stm32l0xx_hal_rtc.o
    0x08003cc4   0x08003cc4   0x00000034   Code   RO          568    i.HAL_RTC_MspInit   rtc.o
    0x08003cf8   0x08003cf8   0x000000d4   Code   RO         3673    i.HAL_RTC_SetDate   stm32l0xx_hal_rtc.o
    0x08003dcc   0x08003dcc   0x00000100   Code   RO         3674    i.HAL_RTC_SetTime   stm32l0xx_hal_rtc.o
    0x08003ecc   0x08003ecc   0x0000003c   Code   RO         3675    i.HAL_RTC_WaitForSynchro  stm32l0xx_hal_rtc.o
    0x08003f08   0x08003f08   0x00000038   Code   RO         2983    i.HAL_SYSTICK_Config  stm32l0xx_hal_cortex.o
    0x08003f40   0x08003f40   0x0000008c   Code   RO         4755    i.HAL_TIMEx_MasterConfigSynchronization  stm32l0xx_hal_tim_ex.o
    0x08003fcc   0x08003fcc   0x00000050   Code   RO         4050    i.HAL_TIM_Base_Init  stm32l0xx_hal_tim.o
    0x0800401c   0x0800401c   0x0000004c   Code   RO          613    i.HAL_TIM_Base_MspInit  tim.o
    0x08004068   0x08004068   0x00000078   Code   RO         4055    i.HAL_TIM_Base_Start_IT  stm32l0xx_hal_tim.o
    0x080040e0   0x080040e0   0x00000118   Code   RO         4059    i.HAL_TIM_ConfigClockSource  stm32l0xx_hal_tim.o
    0x080041f8   0x080041f8   0x0000005c   Code   RO          614    i.HAL_TIM_MspPostInit  tim.o
    0x08004254   0x08004254   0x0000010a   Code   RO         4122    i.HAL_TIM_PWM_ConfigChannel  stm32l0xx_hal_tim.o
    0x0800435e   0x0800435e   0x00000050   Code   RO         4125    i.HAL_TIM_PWM_Init  stm32l0xx_hal_tim.o
    0x080043ae   0x080043ae   0x00000002   Code   RO         4127    i.HAL_TIM_PWM_MspInit  stm32l0xx_hal_tim.o
    0x080043b0   0x080043b0   0x000000bc   Code   RO         4130    i.HAL_TIM_PWM_Start  stm32l0xx_hal_tim.o
    0x0800446c   0x0800446c   0x00000002   Code   RO         3159    i.HAL_UARTEx_RxEventCallback  stm32l0xx_hal_uart.o
    0x0800446e   0x0800446e   0x00000002   Code   RO         3564    i.HAL_UARTEx_WakeupCallback  stm32l0xx_hal_uart_ex.o
    0x08004470   0x08004470   0x000000c6   Code   RO         3171    i.HAL_UART_DMAStop  stm32l0xx_hal_uart.o
    0x08004536   0x08004536   0x00000002   PAD
    0x08004538   0x08004538   0x0000004c   Code   RO          412    i.HAL_UART_ErrorCallback  dma.o
    0x08004584   0x08004584   0x000003dc   Code   RO         3178    i.HAL_UART_IRQHandler  stm32l0xx_hal_uart.o
    0x08004960   0x08004960   0x0000007e   Code   RO         3179    i.HAL_UART_Init     stm32l0xx_hal_uart.o
    0x080049de   0x080049de   0x00000002   PAD
    0x080049e0   0x080049e0   0x000001c4   Code   RO          507    i.HAL_UART_MspInit  usart.o
    0x08004ba4   0x08004ba4   0x0000008c   Code   RO         3183    i.HAL_UART_Receive_DMA  stm32l0xx_hal_uart.o
    0x08004c30   0x08004c30   0x0000008c   Code   RO         3184    i.HAL_UART_Receive_IT  stm32l0xx_hal_uart.o
    0x08004cbc   0x08004cbc   0x0000008c   Code   RO          413    i.HAL_UART_RxCpltCallback  dma.o
    0x08004d48   0x08004d48   0x00000002   Code   RO         3187    i.HAL_UART_RxHalfCpltCallback  stm32l0xx_hal_uart.o
    0x08004d4a   0x08004d4a   0x000000e8   Code   RO         3188    i.HAL_UART_Transmit  stm32l0xx_hal_uart.o
    0x08004e32   0x08004e32   0x00000002   Code   RO         3191    i.HAL_UART_TxCpltCallback  stm32l0xx_hal_uart.o
    0x08004e34   0x08004e34   0x00000020   Code   RO          666    i.HardFault_Handler  stm32l0xx_it.o
    0x08004e54   0x08004e54   0x00000032   Code   RO         1705    i.I2C_Flush_TXDR    stm32l0xx_hal_i2c.o
    0x08004e86   0x08004e86   0x00000002   PAD
    0x08004e88   0x08004e88   0x0000015c   Code   RO         1713    i.I2C_IsErrorOccurred  stm32l0xx_hal_i2c.o
    0x08004fe4   0x08004fe4   0x0000003c   Code   RO         1722    i.I2C_TransferConfig  stm32l0xx_hal_i2c.o
    0x08005020   0x08005020   0x0000006c   Code   RO         1724    i.I2C_WaitOnFlagUntilTimeout  stm32l0xx_hal_i2c.o
    0x0800508c   0x0800508c   0x000000d8   Code   RO         1725    i.I2C_WaitOnRXNEFlagUntilTimeout  stm32l0xx_hal_i2c.o
    0x08005164   0x08005164   0x00000066   Code   RO         1726    i.I2C_WaitOnSTOPFlagUntilTimeout  stm32l0xx_hal_i2c.o
    0x080051ca   0x080051ca   0x0000006e   Code   RO         1727    i.I2C_WaitOnTXISFlagUntilTimeout  stm32l0xx_hal_i2c.o
    0x08005238   0x08005238   0x000000a8   Code   RO          667    i.LPUART1_IRQHandler  stm32l0xx_it.o
    0x080052e0   0x080052e0   0x00000030   Code   RO          788    i.LoRa_GPIO_Init    lora.o
    0x08005310   0x08005310   0x00000124   Code   RO          790    i.LoRa_Init         lora.o
    0x08005434   0x08005434   0x00000060   Code   RO          791    i.LoRa_Set          lora.o
    0x08005494   0x08005494   0x00000044   Code   RO          989    i.MCP3421_Get_Value  user_iic.o
    0x080054d8   0x080054d8   0x00000048   Code   RO          990    i.MCP3421_Init      user_iic.o
    0x08005520   0x08005520   0x000000e4   Code   RO          894    i.MQTT_PublishQs0   ec800.o
    0x08005604   0x08005604   0x000000e4   Code   RO          360    i.MX_ADC_Init       adc.o
    0x080056e8   0x080056e8   0x00000054   Code   RO          414    i.MX_DMA_Init       dma.o
    0x0800573c   0x0800573c   0x000001c0   Code   RO          224    i.MX_GPIO_Init      gpio.o
    0x080058fc   0x080058fc   0x0000005c   Code   RO          470    i.MX_I2C2_Init      i2c.o
    0x08005958   0x08005958   0x00000040   Code   RO          508    i.MX_LPUART1_UART_Init  usart.o
    0x08005998   0x08005998   0x000000a4   Code   RO          569    i.MX_RTC_Init       rtc.o
    0x08005a3c   0x08005a3c   0x000000b0   Code   RO          615    i.MX_TIM2_Init      tim.o
    0x08005aec   0x08005aec   0x00000050   Code   RO          616    i.MX_TIM7_Init      tim.o
    0x08005b3c   0x08005b3c   0x00000060   Code   RO          509    i.MX_USART1_UART_Init  usart.o
    0x08005b9c   0x08005b9c   0x00000060   Code   RO          510    i.MX_USART2_UART_Init  usart.o
    0x08005bfc   0x08005bfc   0x00000038   Code   RO         1153    i.Modbus_CRC16      modbus_crc.o
    0x08005c34   0x08005c34   0x00000208   Code   RO         1089    i.Motor_BD          control.o
    0x08005e3c   0x08005e3c   0x00000004   Code   RO          668    i.NMI_Handler       stm32l0xx_it.o
    0x08005e40   0x08005e40   0x00000002   Code   RO          669    i.PendSV_Handler    stm32l0xx_it.o
    0x08005e42   0x08005e42   0x0000001a   Code   RO         3676    i.RTC_Bcd2ToByte    stm32l0xx_hal_rtc.o
    0x08005e5c   0x08005e5c   0x0000001a   Code   RO         3677    i.RTC_ByteToBcd2    stm32l0xx_hal_rtc.o
    0x08005e76   0x08005e76   0x00000052   Code   RO         3678    i.RTC_EnterInitMode  stm32l0xx_hal_rtc.o
    0x08005ec8   0x08005ec8   0x00000034   Code   RO         3679    i.RTC_ExitInitMode  stm32l0xx_hal_rtc.o
    0x08005efc   0x08005efc   0x00000010   Code   RO          670    i.RTC_IRQHandler    stm32l0xx_it.o
    0x08005f0c   0x08005f0c   0x00000070   Code   RO          570    i.RTC_Time          rtc.o
    0x08005f7c   0x08005f7c   0x00000002   Code   RO          671    i.SVC_Handler       stm32l0xx_it.o
    0x08005f7e   0x08005f7e   0x00000002   PAD
    0x08005f80   0x08005f80   0x00000020   Code   RO          672    i.SysTick_Handler   stm32l0xx_it.o
    0x08005fa0   0x08005fa0   0x000000bc   Code   RO           13    i.SystemClock_Config  main.o
    0x0800605c   0x0800605c   0x00000002   Code   RO         4782    i.SystemInit        system_stm32l0xx.o
    0x0800605e   0x0800605e   0x00000002   PAD
    0x08006060   0x08006060   0x00000048   Code   RO          991    i.TCA9548A_SetChannel  user_iic.o
    0x080060a8   0x080060a8   0x0000005c   Code   RO          673    i.TIM7_IRQHandler   stm32l0xx_it.o
    0x08006104   0x08006104   0x0000007c   Code   RO         4143    i.TIM_Base_SetConfig  stm32l0xx_hal_tim.o
    0x08006180   0x08006180   0x00000022   Code   RO         4144    i.TIM_CCxChannelCmd  stm32l0xx_hal_tim.o
    0x080061a2   0x080061a2   0x0000001c   Code   RO         4154    i.TIM_ETR_SetConfig  stm32l0xx_hal_tim.o
    0x080061be   0x080061be   0x00000018   Code   RO         4155    i.TIM_ITRx_SetConfig  stm32l0xx_hal_tim.o
    0x080061d6   0x080061d6   0x00000038   Code   RO         4156    i.TIM_OC1_SetConfig  stm32l0xx_hal_tim.o
    0x0800620e   0x0800620e   0x00000044   Code   RO         4157    i.TIM_OC2_SetConfig  stm32l0xx_hal_tim.o
    0x08006252   0x08006252   0x0000003e   Code   RO         4158    i.TIM_OC3_SetConfig  stm32l0xx_hal_tim.o
    0x08006290   0x08006290   0x00000048   Code   RO         4159    i.TIM_OC4_SetConfig  stm32l0xx_hal_tim.o
    0x080062d8   0x080062d8   0x00000032   Code   RO         4161    i.TIM_TI1_ConfigInputStage  stm32l0xx_hal_tim.o
    0x0800630a   0x0800630a   0x00000032   Code   RO         4163    i.TIM_TI2_ConfigInputStage  stm32l0xx_hal_tim.o
    0x0800633c   0x0800633c   0x000001e4   Code   RO         1176    i.U1PassiveEvent    user_usart.o
    0x08006520   0x08006520   0x00000304   Code   RO          792    i.U2PassiveEvent    lora.o
    0x08006824   0x08006824   0x000000f0   Code   RO         3193    i.UART_AdvFeatureConfig  stm32l0xx_hal_uart.o
    0x08006914   0x08006914   0x00000100   Code   RO         3194    i.UART_CheckIdleState  stm32l0xx_hal_uart.o
    0x08006a14   0x08006a14   0x0000001c   Code   RO          896    i.UART_Clear        ec800.o
    0x08006a30   0x08006a30   0x00000018   Code   RO         3195    i.UART_DMAAbortOnError  stm32l0xx_hal_uart.o
    0x08006a48   0x08006a48   0x00000058   Code   RO         3196    i.UART_DMAError     stm32l0xx_hal_uart.o
    0x08006aa0   0x08006aa0   0x000000cc   Code   RO         3197    i.UART_DMAReceiveCplt  stm32l0xx_hal_uart.o
    0x08006b6c   0x08006b6c   0x00000026   Code   RO         3199    i.UART_DMARxHalfCplt  stm32l0xx_hal_uart.o
    0x08006b92   0x08006b92   0x00000080   Code   RO         3205    i.UART_EndRxTransfer  stm32l0xx_hal_uart.o
    0x08006c12   0x08006c12   0x00000036   Code   RO         3206    i.UART_EndTransmit_IT  stm32l0xx_hal_uart.o
    0x08006c48   0x08006c48   0x0000002c   Code   RO         3207    i.UART_EndTxTransfer  stm32l0xx_hal_uart.o
    0x08006c74   0x08006c74   0x00000130   Code   RO         3208    i.UART_RxISR_16BIT  stm32l0xx_hal_uart.o
    0x08006da4   0x08006da4   0x00000130   Code   RO         3209    i.UART_RxISR_8BIT   stm32l0xx_hal_uart.o
    0x08006ed4   0x08006ed4   0x000000a0   Code   RO          897    i.UART_SendCmd      ec800.o
    0x08006f74   0x08006f74   0x00000330   Code   RO         3210    i.UART_SetConfig    stm32l0xx_hal_uart.o
    0x080072a4   0x080072a4   0x000000dc   Code   RO         3211    i.UART_Start_Receive_DMA  stm32l0xx_hal_uart.o
    0x08007380   0x08007380   0x00000120   Code   RO         3212    i.UART_Start_Receive_IT  stm32l0xx_hal_uart.o
    0x080074a0   0x080074a0   0x000000ac   Code   RO         3215    i.UART_WaitOnFlagUntilTimeout  stm32l0xx_hal_uart.o
    0x0800754c   0x0800754c   0x00000020   Code   RO          898    i.UART_WaitRecive   ec800.o
    0x0800756c   0x0800756c   0x00000064   Code   RO          415    i.USART1_DMAHandler  dma.o
    0x080075d0   0x080075d0   0x000000ac   Code   RO          674    i.USART1_IRQHandler  stm32l0xx_it.o
    0x0800767c   0x0800767c   0x00000064   Code   RO          416    i.USART2_DMAHandler  dma.o
    0x080076e0   0x080076e0   0x000000b0   Code   RO          675    i.USART2_IRQHandler  stm32l0xx_it.o
    0x08007790   0x08007790   0x00000024   Code   RO          899    i.Usart_SendString  ec800.o
    0x080077b4   0x080077b4   0x00000088   Code   RO          992    i.Voltage_Convert   user_iic.o
    0x0800783c   0x0800783c   0x00000020   Code   RO         5048    i.__0printf$8       mc_p.l(printf8.o)
    0x0800785c   0x0800785c   0x00000028   Code   RO         5050    i.__0sprintf$8      mc_p.l(printf8.o)
    0x08007884   0x08007884   0x0000002e   Code   RO         5165    i.__ARM_clz         mf_p.l(depilogue.o)
    0x080078b2   0x080078b2   0x00000030   Code   RO         2252    i.__ARM_common_ll_muluu  stm32l0xx_hal_rcc.o
    0x080078e2   0x080078e2   0x0000001c   Code   RO          845    i.__ARM_common_switch8  lora.o
    0x080078fe   0x080078fe   0x00000002   PAD
    0x08007900   0x08007900   0x00000078   Code   RO         2985    i.__NVIC_SetPriority  stm32l0xx_hal_cortex.o
    0x08007978   0x08007978   0x00000034   Code   RO         1177    i.__NVIC_SystemReset  user_usart.o
    0x080079ac   0x080079ac   0x00000008   Code   RO         5151    i.__aeabi_errno_addr  mc_p.l(errno.o)
    0x080079b4   0x080079b4   0x00000006   Code   RO         3216    i.__get_PRIMASK     stm32l0xx_hal_uart.o
    0x080079ba   0x080079ba   0x0000000e   Code   RO         5215    i.__scatterload_copy  mc_p.l(handlers.o)
    0x080079c8   0x080079c8   0x00000002   Code   RO         5216    i.__scatterload_null  mc_p.l(handlers.o)
    0x080079ca   0x080079ca   0x0000000e   Code   RO         5217    i.__scatterload_zeroinit  mc_p.l(handlers.o)
    0x080079d8   0x080079d8   0x00000006   Code   RO         3217    i.__set_PRIMASK     stm32l0xx_hal_uart.o
    0x080079de   0x080079de   0x00000002   PAD
    0x080079e0   0x080079e0   0x00000428   Code   RO         5055    i._printf_core      mc_p.l(printf8.o)
    0x08007e08   0x08007e08   0x00000020   Code   RO         5056    i._printf_post_padding  mc_p.l(printf8.o)
    0x08007e28   0x08007e28   0x0000002c   Code   RO         5057    i._printf_pre_padding  mc_p.l(printf8.o)
    0x08007e54   0x08007e54   0x0000000a   Code   RO         5059    i._sputc            mc_p.l(printf8.o)
    0x08007e5e   0x08007e5e   0x00000024   Code   RO          900    i.at_cmd            ec800.o
    0x08007e82   0x08007e82   0x00000002   PAD
    0x08007e84   0x08007e84   0x00000088   Code   RO         1091    i.calculateBatteryPercentage  control.o
    0x08007f0c   0x08007f0c   0x000000c0   Code   RO         1032    i.clock_config_after_stop  stop.o
    0x08007fcc   0x08007fcc   0x00000074   Code   RO         1033    i.enter_stop_rtc_mode  stop.o
    0x08008040   0x08008040   0x00000018   Code   RO          511    i.fputc             usart.o
    0x08008058   0x08008058   0x0000012c   Code   RO          901    i.get_A1_data       ec800.o
    0x08008184   0x08008184   0x0000008c   Code   RO          902    i.get_A3_data       ec800.o
    0x08008210   0x08008210   0x00000240   Code   RO          903    i.get_A4_data       ec800.o
    0x08008450   0x08008450   0x0000013c   Code   RO         1034    i.gpioInit          stop.o
    0x0800858c   0x0800858c   0x0000006c   Code   RO         1035    i.lora_enter_stop_rtc_mode  stop.o
    0x080085f8   0x080085f8   0x0000009c   Code   RO          793    i.lora_get_A1_data  lora.o
    0x08008694   0x08008694   0x0000005c   Code   RO          794    i.lora_get_A3_data  lora.o
    0x080086f0   0x080086f0   0x00000210   Code   RO          795    i.lora_get_A4_data  lora.o
    0x08008900   0x08008900   0x00000490   Code   RO           14    i.main              main.o
    0x08008d90   0x08008d90   0x00000024   Code   RO         1092    i.mcu_eeprom_read   control.o
    0x08008db4   0x08008db4   0x00000048   Code   RO         1093    i.mcu_eeprom_write  control.o
    0x08008dfc   0x08008dfc   0x0000023c   Code   RO         1094    i.read_SW           control.o
    0x08009038   0x08009038   0x0000009c   Code   RO         4812    i.round             m_ps.l(round.o)
    0x080090d4   0x080090d4   0x0000001c   Code   RO         1036    i.stop_rtc_config   stop.o
    0x080090f0   0x080090f0   0x00000144   Code   RO         1037    i.system_config_before_stop  stop.o
    0x08009234   0x08009234   0x00000200   Data   RO         1154    .constdata          modbus_crc.o
    0x08009434   0x08009434   0x00000021   Data   RO         4783    .constdata          system_stm32l0xx.o
    0x08009455   0x08009455   0x00000081   Data   RO         5182    .constdata          mc_p.l(ctype_o.o)
    0x080094d6   0x080094d6   0x00000002   PAD
    0x080094d8   0x080094d8   0x00000004   Data   RO         5183    .constdata          mc_p.l(ctype_o.o)
    0x080094dc   0x080094dc   0x00000020   Data   RO         5213    Region$$Table       anon$$obj.o


    Execution Region RW_IRAM1 (Exec base: 0x20000000, Load base: 0x080094fc, Size: 0x00001440, Max: 0x00005000, ABSOLUTE, COMPRESSED[0x000000b4])

    Exec Addr    Load Addr    Size         Type   Attr      Idx    E Section Name        Object

    0x20000000   COMPRESSED   0x00000014   Data   RW          362    .data               adc.o
    0x20000014   COMPRESSED   0x00000010   Data   RW          418    .data               dma.o
    0x20000024   COMPRESSED   0x00000008   Data   RW          572    .data               rtc.o
    0x2000002c   COMPRESSED   0x0000000c   Data   RW          796    .data               lora.o
    0x20000038   COMPRESSED   0x00000104   Data   RW          905    .data               ec800.o
    0x2000013c   COMPRESSED   0x00000065   Data   RW         1095    .data               control.o
    0x200001a1   COMPRESSED   0x00000003   PAD
    0x200001a4   COMPRESSED   0x00000009   Data   RW         1472    .data               stm32l0xx_hal.o
    0x200001ad   COMPRESSED   0x00000003   PAD
    0x200001b0   COMPRESSED   0x00000004   Data   RW         4784    .data               system_stm32l0xx.o
    0x200001b4   COMPRESSED   0x00000004   Data   RW         4834    .data               mc_p.l(strtok.o)
    0x200001b8   COMPRESSED   0x00000004   Data   RW         5146    .data               mc_p.l(stdout.o)
    0x200001bc   COMPRESSED   0x00000004   Data   RW         5154    .data               mc_p.l(errno.o)
    0x200001c0        -       0x000003c4   Zero   RW          361    .bss                adc.o
    0x20000584        -       0x000004b0   Zero   RW          417    .bss                dma.o
    0x20000a34        -       0x00000054   Zero   RW          471    .bss                i2c.o
    0x20000a88        -       0x00000228   Zero   RW          512    .bss                usart.o
    0x20000cb0        -       0x0000004c   Zero   RW          571    .bss                rtc.o
    0x20000cfc        -       0x00000080   Zero   RW          617    .bss                tim.o
    0x20000d7c        -       0x000002a8   Zero   RW          904    .bss                ec800.o
    0x20001024        -       0x00000018   Zero   RW         2394    .bss                stm32l0xx_hal_flash.o
    0x2000103c   COMPRESSED   0x00000004   PAD
    0x20001040        -       0x00000400   Zero   RW            1    STACK               startup_stm32l071xx.o


==============================================================================

Image component sizes


      Code (inc. data)   RO Data    RW Data    ZI Data      Debug   Object Name

       708         94          0         20        964       3516   adc.o
      1436        120          0        101          0       5229   control.o
       500        106          0         16       1200       3667   dma.o
      2592        860          0        260        680       8937   ec800.o
       448         38          0          0          0     374675   gpio.o
       204         26          0          0         84       1569   i2c.o
      2012        470          0         12          0       8021   lora.o
      1362        262          0          0          0      62344   main.o
        56         10        512          0          0       1289   modbus_crc.o
       328         72          0          8         76       2162   rtc.o
        28          8        192          0       1024        624   startup_stm32l071xx.o
       208         40          0          9          0       9065   stm32l0xx_hal.o
      1702         62          0          0          0       8350   stm32l0xx_hal_adc.o
       236          0          0          0          0       1458   stm32l0xx_hal_adc_ex.o
       222         26          0          0          0      12085   stm32l0xx_hal_cortex.o
       818         10          0          0          0       5229   stm32l0xx_hal_dma.o
       408         16          0          0         24       6606   stm32l0xx_hal_flash.o
       204         26          0          0          0       2203   stm32l0xx_hal_flash_ex.o
       542         34          0          0          0       2587   stm32l0xx_hal_gpio.o
      2374         38          0          0          0      11502   stm32l0xx_hal_i2c.o
       222          0          0          0          0       1871   stm32l0xx_hal_i2c_ex.o
        32          6          0          0          0        430   stm32l0xx_hal_msp.o
       156         16          0          0          0       1307   stm32l0xx_hal_pwr.o
        40          8          0          0          0       1017   stm32l0xx_hal_pwr_ex.o
      2812        108          0          0          0       6851   stm32l0xx_hal_rcc.o
       596         12          0          0          0       1456   stm32l0xx_hal_rcc_ex.o
      1118         28          0          0          0       7581   stm32l0xx_hal_rtc.o
       636         20          0          0          0       3287   stm32l0xx_hal_rtc_ex.o
      1584         38          0          0          0      12013   stm32l0xx_hal_tim.o
       140         12          0          0          0       1256   stm32l0xx_hal_tim_ex.o
      5022        136          0          0          0      21973   stm32l0xx_hal_uart.o
         2          0          0          0          0        932   stm32l0xx_hal_uart_ex.o
       760        106          0          0          0       6511   stm32l0xx_it.o
      1084        116          0          0          0       3977   stop.o
         2          0         33          4          0       1147   system_stm32l0xx.o
       424         42          0          0        128       2789   tim.o
       732         70          0          0        552       3541   usart.o
       384         32          0          0          0       2735   user_iic.o
       536        106          0          0          0       1717   user_usart.o

    ----------------------------------------------------------------------
     32706       3174        769        436       4736     613509   Object Totals
         0          0         32          0          0          0   (incl. Generated)
        36          0          0          6          4          0   (incl. Padding)

    ----------------------------------------------------------------------

      Code (inc. data)   RO Data    RW Data    ZI Data      Debug   Library Member Name

       156         14          0          0          0         84   round.o
        86          0          0          0          0          0   __dczerorl2.o
        30          0          0          0          0         60   _chval.o
       166          0          0          0          0         84   _strtoul.o
        26          0          0          0          0         72   atoi.o
         8          4        133          0          0         60   ctype_o.o
         0          0          0          0          0          0   entry.o
         0          0          0          0          0          0   entry10a.o
         0          0          0          0          0          0   entry11a.o
         4          0          0          0          0          0   entry12b.o
         8          4          0          0          0          0   entry2.o
         4          0          0          0          0          0   entry5.o
         0          0          0          0          0          0   entry7b.o
         0          0          0          0          0          0   entry8b.o
         8          4          0          0          0          0   entry9a.o
         8          4          0          4          0         60   errno.o
        30          0          0          0          0          0   handlers.o
        40          0          0          0          0         72   idiv.o
        36          8          0          0          0         68   init.o
         0          0          0          0          0          0   iusefp.o
        32          0          0          0          0         68   llshl.o
        38          0          0          0          0         68   llsshr.o
        34          0          0          0          0         68   llushr.o
        36          0          0          0          0         60   memcpya.o
        36          0          0          0          0        100   memseta.o
      1222         56          0          0          0        468   printf8.o
         0          0          0          4          0          0   stdout.o
        18          0          0          0          0         60   strcpy.o
        26          0          0          0          0         68   strncpy.o
        40          0          0          0          0         72   strstr.o
        72          4          0          4          0         72   strtok.o
       112          4          0          0          0         76   strtol.o
        44          0          0          0          0         72   uidiv.o
        96          0          0          0          0         84   uldiv.o
        40          2          0          0          0         68   cdcmple.o
        40          2          0          0          0         68   cdrcmple.o
        20          0          0          0          0         68   cfcmple.o
        20          0          0          0          0         68   cfrcmple.o
        56          0          0          0          0         68   d2f.o
       360          6          0          0          0        140   dadd.o
       240          6          0          0          0         84   ddiv.o
       236          0          0          0          0        216   depilogue.o
        60         10          0          0          0         68   dfixui.o
        40          6          0          0          0         68   dflti.o
        28          4          0          0          0         68   dfltui.o
       208          6          0          0          0         88   dmul.o
       124         10          0          0          0         76   drnd.o
        40          0          0          0          0         60   f2d.o
       178          0          0          0          0        108   fadd.o
       124          0          0          0          0         72   fdiv.o
       130          0          0          0          0        144   fepilogue.o
        40          0          0          0          0         60   ffixui.o
       122          0          0          0          0         72   fmul.o

    ----------------------------------------------------------------------
      4530        154        135         12          0       3560   Library Totals
         8          0          2          0          0          0   (incl. Padding)

    ----------------------------------------------------------------------

      Code (inc. data)   RO Data    RW Data    ZI Data      Debug   Library Name

       156         14          0          0          0         84   m_ps.l
      2260         88        133         12          0       1812   mc_p.l
      2106         52          0          0          0       1664   mf_p.l

    ----------------------------------------------------------------------
      4530        154        135         12          0       3560   Library Totals

    ----------------------------------------------------------------------

==============================================================================


      Code (inc. data)   RO Data    RW Data    ZI Data      Debug   

     37236       3328        904        448       4736     606613   Grand Totals
     37236       3328        904        180       4736     606613   ELF Image Totals (compressed)
     37236       3328        904        180          0          0   ROM Totals

==============================================================================

    Total RO  Size (Code + RO Data)                38140 (  37.25kB)
    Total RW  Size (RW Data + ZI Data)              5184 (   5.06kB)
    Total ROM Size (Code + RO Data + RW Data)      38320 (  37.42kB)

==============================================================================

